../Drivers/STM32G4xx_HAL_Driver/Src/stm32g4xx_hal_sram.c:262:13:HAL_SRAM_MspInit	0	static
../Drivers/STM32G4xx_HAL_Driver/Src/stm32g4xx_hal_sram.c:174:19:HAL_SRAM_Init	16	static
../Drivers/STM32G4xx_HAL_Driver/Src/stm32g4xx_hal_sram.c:278:13:HAL_SRAM_MspDeInit	0	static
../Drivers/STM32G4xx_HAL_Driver/Src/stm32g4xx_hal_sram.c:229:19:HAL_SRAM_DeInit	8	static
../Drivers/STM32G4xx_HAL_Driver/Src/stm32g4xx_hal_sram.c:294:13:HAL_SRAM_DMA_XferCpltCallback	0	static
../Drivers/STM32G4xx_HAL_Driver/Src/stm32g4xx_hal_sram.c:1062:13:SRAM_DMACpltProt	8	static
../Drivers/STM32G4xx_HAL_Driver/Src/stm32g4xx_hal_sram.c:1039:13:SRAM_DMACplt	8	static
../Drivers/STM32G4xx_HAL_Driver/Src/stm32g4xx_hal_sram.c:310:13:HAL_SRAM_DMA_XferErrorCallback	0	static
../Drivers/STM32G4xx_HAL_Driver/Src/stm32g4xx_hal_sram.c:1085:13:SRAM_DMAError	8	static
../Drivers/STM32G4xx_HAL_Driver/Src/stm32g4xx_hal_sram.c:347:19:HAL_SRAM_Read_8b	8	static
../Drivers/STM32G4xx_HAL_Driver/Src/stm32g4xx_hal_sram.c:395:19:HAL_SRAM_Write_8b	4	static
../Drivers/STM32G4xx_HAL_Driver/Src/stm32g4xx_hal_sram.c:442:19:HAL_SRAM_Read_16b	12	static
../Drivers/STM32G4xx_HAL_Driver/Src/stm32g4xx_hal_sram.c:502:19:HAL_SRAM_Write_16b	8	static
../Drivers/STM32G4xx_HAL_Driver/Src/stm32g4xx_hal_sram.c:561:19:HAL_SRAM_Read_32b	8	static
../Drivers/STM32G4xx_HAL_Driver/Src/stm32g4xx_hal_sram.c:609:19:HAL_SRAM_Write_32b	4	static
../Drivers/STM32G4xx_HAL_Driver/Src/stm32g4xx_hal_sram.c:656:19:HAL_SRAM_Read_DMA	16	static
../Drivers/STM32G4xx_HAL_Driver/Src/stm32g4xx_hal_sram.c:705:19:HAL_SRAM_Write_DMA	16	static
../Drivers/STM32G4xx_HAL_Driver/Src/stm32g4xx_hal_sram.c:930:19:HAL_SRAM_WriteOperation_Enable	16	static
../Drivers/STM32G4xx_HAL_Driver/Src/stm32g4xx_hal_sram.c:964:19:HAL_SRAM_WriteOperation_Disable	8	static
../Drivers/STM32G4xx_HAL_Driver/Src/stm32g4xx_hal_sram.c:1017:23:HAL_SRAM_GetState	0	static
