../Drivers/STM32G4xx_HAL_Driver/Src/stm32g4xx_ll_fmc.c:178:20:FMC_NORSRAM_Init	16	static
../Drivers/STM32G4xx_HAL_Driver/Src/stm32g4xx_ll_fmc.c:309:19:FMC_NORSRAM_DeInit	0	static
../Drivers/STM32G4xx_HAL_Driver/Src/stm32g4xx_ll_fmc.c:366:19:FMC_NORSRAM_Timing_Init	8	static
../Drivers/STM32G4xx_HAL_Driver/Src/stm32g4xx_ll_fmc.c:417:19:FMC_NORSRAM_Extended_Timing_Init	8	static
../Drivers/STM32G4xx_HAL_Driver/Src/stm32g4xx_ll_fmc.c:477:19:FMC_NORSRAM_WriteOperation_Enable	0	static
../Drivers/STM32G4xx_HAL_Driver/Src/stm32g4xx_ll_fmc.c:495:19:FMC_NORSRAM_WriteOperation_Disable	0	static
../Drivers/STM32G4xx_HAL_Driver/Src/stm32g4xx_ll_fmc.c:567:19:FMC_NAND_Init	8	static
../Drivers/STM32G4xx_HAL_Driver/Src/stm32g4xx_ll_fmc.c:599:19:FMC_NAND_CommonSpace_Timing_Init	8	static
../Drivers/STM32G4xx_HAL_Driver/Src/stm32g4xx_ll_fmc.c:630:19:FMC_NAND_AttributeSpace_Timing_Init	8	static
../Drivers/STM32G4xx_HAL_Driver/Src/stm32g4xx_ll_fmc.c:659:19:FMC_NAND_DeInit	4	static
../Drivers/STM32G4xx_HAL_Driver/Src/stm32g4xx_ll_fmc.c:707:19:FMC_NAND_ECC_Enable	0	static
../Drivers/STM32G4xx_HAL_Driver/Src/stm32g4xx_ll_fmc.c:729:19:FMC_NAND_ECC_Disable	0	static
../Drivers/STM32G4xx_HAL_Driver/Src/stm32g4xx_ll_fmc.c:752:19:FMC_NAND_GetECC	24	static
