Archive member included to satisfy reference by file (symbol)

C:/ST/STM32CubeIDE_1.16.1/STM32CubeIDE/plugins/com.st.stm32cube.ide.mcu.externaltools.gnu-tools-for-stm32.12.3.rel1.win32_1.0.200.202406191623/tools/bin/../lib/gcc/arm-none-eabi/12.3.1/../../../../arm-none-eabi/lib/thumb/v7e-m+fp/hard\libc_nano.a(libc_a-exit.o)
                              C:/ST/STM32CubeIDE_1.16.1/STM32CubeIDE/plugins/com.st.stm32cube.ide.mcu.externaltools.gnu-tools-for-stm32.12.3.rel1.win32_1.0.200.202406191623/tools/bin/../lib/gcc/arm-none-eabi/12.3.1/../../../../arm-none-eabi/lib/thumb/v7e-m+fp/hard/crt0.o (exit)
C:/ST/STM32CubeIDE_1.16.1/STM32CubeIDE/plugins/com.st.stm32cube.ide.mcu.externaltools.gnu-tools-for-stm32.12.3.rel1.win32_1.0.200.202406191623/tools/bin/../lib/gcc/arm-none-eabi/12.3.1/../../../../arm-none-eabi/lib/thumb/v7e-m+fp/hard\libc_nano.a(libc_a-malloc.o)
                              ./Application/graphics.o (malloc)
C:/ST/STM32CubeIDE_1.16.1/STM32CubeIDE/plugins/com.st.stm32cube.ide.mcu.externaltools.gnu-tools-for-stm32.12.3.rel1.win32_1.0.200.202406191623/tools/bin/../lib/gcc/arm-none-eabi/12.3.1/../../../../arm-none-eabi/lib/thumb/v7e-m+fp/hard\libc_nano.a(libc_a-mallocr.o)
                              C:/ST/STM32CubeIDE_1.16.1/STM32CubeIDE/plugins/com.st.stm32cube.ide.mcu.externaltools.gnu-tools-for-stm32.12.3.rel1.win32_1.0.200.202406191623/tools/bin/../lib/gcc/arm-none-eabi/12.3.1/../../../../arm-none-eabi/lib/thumb/v7e-m+fp/hard\libc_nano.a(libc_a-malloc.o) (_malloc_r)
C:/ST/STM32CubeIDE_1.16.1/STM32CubeIDE/plugins/com.st.stm32cube.ide.mcu.externaltools.gnu-tools-for-stm32.12.3.rel1.win32_1.0.200.202406191623/tools/bin/../lib/gcc/arm-none-eabi/12.3.1/../../../../arm-none-eabi/lib/thumb/v7e-m+fp/hard\libc_nano.a(libc_a-mlock.o)
                              C:/ST/STM32CubeIDE_1.16.1/STM32CubeIDE/plugins/com.st.stm32cube.ide.mcu.externaltools.gnu-tools-for-stm32.12.3.rel1.win32_1.0.200.202406191623/tools/bin/../lib/gcc/arm-none-eabi/12.3.1/../../../../arm-none-eabi/lib/thumb/v7e-m+fp/hard\libc_nano.a(libc_a-mallocr.o) (__malloc_lock)
C:/ST/STM32CubeIDE_1.16.1/STM32CubeIDE/plugins/com.st.stm32cube.ide.mcu.externaltools.gnu-tools-for-stm32.12.3.rel1.win32_1.0.200.202406191623/tools/bin/../lib/gcc/arm-none-eabi/12.3.1/../../../../arm-none-eabi/lib/thumb/v7e-m+fp/hard\libc_nano.a(libc_a-rand.o)
                              ./Application/math_utils.o (srand)
C:/ST/STM32CubeIDE_1.16.1/STM32CubeIDE/plugins/com.st.stm32cube.ide.mcu.externaltools.gnu-tools-for-stm32.12.3.rel1.win32_1.0.200.202406191623/tools/bin/../lib/gcc/arm-none-eabi/12.3.1/../../../../arm-none-eabi/lib/thumb/v7e-m+fp/hard\libc_nano.a(libc_a-findfp.o)
                              C:/ST/STM32CubeIDE_1.16.1/STM32CubeIDE/plugins/com.st.stm32cube.ide.mcu.externaltools.gnu-tools-for-stm32.12.3.rel1.win32_1.0.200.202406191623/tools/bin/../lib/gcc/arm-none-eabi/12.3.1/../../../../arm-none-eabi/lib/thumb/v7e-m+fp/hard\libc_nano.a(libc_a-exit.o) (__stdio_exit_handler)
C:/ST/STM32CubeIDE_1.16.1/STM32CubeIDE/plugins/com.st.stm32cube.ide.mcu.externaltools.gnu-tools-for-stm32.12.3.rel1.win32_1.0.200.202406191623/tools/bin/../lib/gcc/arm-none-eabi/12.3.1/../../../../arm-none-eabi/lib/thumb/v7e-m+fp/hard\libc_nano.a(libc_a-fwalk.o)
                              C:/ST/STM32CubeIDE_1.16.1/STM32CubeIDE/plugins/com.st.stm32cube.ide.mcu.externaltools.gnu-tools-for-stm32.12.3.rel1.win32_1.0.200.202406191623/tools/bin/../lib/gcc/arm-none-eabi/12.3.1/../../../../arm-none-eabi/lib/thumb/v7e-m+fp/hard\libc_nano.a(libc_a-findfp.o) (_fwalk_sglue)
C:/ST/STM32CubeIDE_1.16.1/STM32CubeIDE/plugins/com.st.stm32cube.ide.mcu.externaltools.gnu-tools-for-stm32.12.3.rel1.win32_1.0.200.202406191623/tools/bin/../lib/gcc/arm-none-eabi/12.3.1/../../../../arm-none-eabi/lib/thumb/v7e-m+fp/hard\libc_nano.a(libc_a-printf.o)
                              ./Application/game.o (printf)
C:/ST/STM32CubeIDE_1.16.1/STM32CubeIDE/plugins/com.st.stm32cube.ide.mcu.externaltools.gnu-tools-for-stm32.12.3.rel1.win32_1.0.200.202406191623/tools/bin/../lib/gcc/arm-none-eabi/12.3.1/../../../../arm-none-eabi/lib/thumb/v7e-m+fp/hard\libc_nano.a(libc_a-putchar.o)
                              ./System/joystick.o (putchar)
C:/ST/STM32CubeIDE_1.16.1/STM32CubeIDE/plugins/com.st.stm32cube.ide.mcu.externaltools.gnu-tools-for-stm32.12.3.rel1.win32_1.0.200.202406191623/tools/bin/../lib/gcc/arm-none-eabi/12.3.1/../../../../arm-none-eabi/lib/thumb/v7e-m+fp/hard\libc_nano.a(libc_a-puts.o)
                              ./Application/game.o (puts)
C:/ST/STM32CubeIDE_1.16.1/STM32CubeIDE/plugins/com.st.stm32cube.ide.mcu.externaltools.gnu-tools-for-stm32.12.3.rel1.win32_1.0.200.202406191623/tools/bin/../lib/gcc/arm-none-eabi/12.3.1/../../../../arm-none-eabi/lib/thumb/v7e-m+fp/hard\libc_nano.a(libc_a-setvbuf.o)
                              ./System/SCI.o (setvbuf)
[...]
Memory Configuration

Name             Origin             Length             Attributes
RAM              0x20000000         0x00020000         xrw
FLASH            0x08000000         0x00080000         xr
*default*        0x00000000         0xffffffff

Linker script and memory map

LOAD C:/ST/STM32CubeIDE_1.16.1/STM32CubeIDE/plugins/com.st.stm32cube.ide.mcu.externaltools.gnu-tools-for-stm32.12.3.rel1.win32_1.0.200.202406191623/tools/bin/../lib/gcc/arm-none-eabi/12.3.1/thumb/v7e-m+fp/hard/crti.o
LOAD C:/ST/STM32CubeIDE_1.16.1/STM32CubeIDE/plugins/com.st.stm32cube.ide.mcu.externaltools.gnu-tools-for-stm32.12.3.rel1.win32_1.0.200.202406191623/tools/bin/../lib/gcc/arm-none-eabi/12.3.1/thumb/v7e-m+fp/hard/crtbegin.o
LOAD C:/ST/STM32CubeIDE_1.16.1/STM32CubeIDE/plugins/com.st.stm32cube.ide.mcu.externaltools.gnu-tools-for-stm32.12.3.rel1.win32_1.0.200.202406191623/tools/bin/../lib/gcc/arm-none-eabi/12.3.1/../../../../arm-none-eabi/lib/thumb/v7e-m+fp/hard/crt0.o
LOAD ./Application/game.o
LOAD ./Application/graphics.o
LOAD ./Application/math_utils.o
LOAD ./Application/objects.o
LOAD ./Core/Src/main.o
LOAD ./Core/Src/stm32g4xx_hal_msp.o
LOAD ./Core/Src/stm32g4xx_it.o
LOAD ./Core/Src/syscalls.o
LOAD ./Core/Src/sysmem.o
LOAD ./Core/Src/system_stm32g4xx.o
LOAD ./Core/Startup/startup_stm32g474qetx.o
LOAD ./Drivers/STM32G4xx_HAL_Driver/Src/stm32g4xx_hal.o
LOAD ./Drivers/STM32G4xx_HAL_Driver/Src/stm32g4xx_hal_adc.o
LOAD ./Drivers/STM32G4xx_HAL_Driver/Src/stm32g4xx_hal_adc_ex.o
LOAD ./Drivers/STM32G4xx_HAL_Driver/Src/stm32g4xx_hal_cortex.o
LOAD ./Drivers/STM32G4xx_HAL_Driver/Src/stm32g4xx_hal_dma.o
LOAD ./Drivers/STM32G4xx_HAL_Driver/Src/stm32g4xx_hal_dma_ex.o
LOAD ./Drivers/STM32G4xx_HAL_Driver/Src/stm32g4xx_hal_exti.o
LOAD ./Drivers/STM32G4xx_HAL_Driver/Src/stm32g4xx_hal_flash.o
LOAD ./Drivers/STM32G4xx_HAL_Driver/Src/stm32g4xx_hal_flash_ex.o
LOAD ./Drivers/STM32G4xx_HAL_Driver/Src/stm32g4xx_hal_flash_ramfunc.o
LOAD ./Drivers/STM32G4xx_HAL_Driver/Src/stm32g4xx_hal_gpio.o
LOAD ./Drivers/STM32G4xx_HAL_Driver/Src/stm32g4xx_hal_nand.o
LOAD ./Drivers/STM32G4xx_HAL_Driver/Src/stm32g4xx_hal_nor.o
LOAD ./Drivers/STM32G4xx_HAL_Driver/Src/stm32g4xx_hal_pwr.o
LOAD ./Drivers/STM32G4xx_HAL_Driver/Src/stm32g4xx_hal_pwr_ex.o
LOAD ./Drivers/STM32G4xx_HAL_Driver/Src/stm32g4xx_hal_rcc.o
LOAD ./Drivers/STM32G4xx_HAL_Driver/Src/stm32g4xx_hal_rcc_ex.o
LOAD ./Drivers/STM32G4xx_HAL_Driver/Src/stm32g4xx_hal_spi.o
LOAD ./Drivers/STM32G4xx_HAL_Driver/Src/stm32g4xx_hal_spi_ex.o
LOAD ./Drivers/STM32G4xx_HAL_Driver/Src/stm32g4xx_hal_sram.o
LOAD ./Drivers/STM32G4xx_HAL_Driver/Src/stm32g4xx_hal_tim.o
LOAD ./Drivers/STM32G4xx_HAL_Driver/Src/stm32g4xx_hal_tim_ex.o
LOAD ./Drivers/STM32G4xx_HAL_Driver/Src/stm32g4xx_ll_adc.o
LOAD ./Drivers/STM32G4xx_HAL_Driver/Src/stm32g4xx_ll_dma.o
LOAD ./Drivers/STM32G4xx_HAL_Driver/Src/stm32g4xx_ll_exti.o
LOAD ./Drivers/STM32G4xx_HAL_Driver/Src/stm32g4xx_ll_fmc.o
LOAD ./Drivers/STM32G4xx_HAL_Driver/Src/stm32g4xx_ll_gpio.o
LOAD ./Drivers/STM32G4xx_HAL_Driver/Src/stm32g4xx_ll_pwr.o
LOAD ./Drivers/STM32G4xx_HAL_Driver/Src/stm32g4xx_ll_rcc.o
LOAD ./Drivers/STM32G4xx_HAL_Driver/Src/stm32g4xx_ll_tim.o
LOAD ./Drivers/STM32G4xx_HAL_Driver/Src/stm32g4xx_ll_usart.o
LOAD ./Drivers/STM32G4xx_HAL_Driver/Src/stm32g4xx_ll_utils.o
LOAD ./System/LED.o
LOAD ./System/SCI.o
LOAD ./System/XPT2046_touch.o
LOAD ./System/buf.o
LOAD ./System/joystick.o
LOAD ./System/kbd.o
LOAD ./System/lcd.o
LOAD ./System/lcd_backlight.o
LOAD ./System/lcd_ili9341.o
LOAD ./System/periodic_services.o
LOAD ./System/timing_utils.o
LOAD ./System/ugui.o
START GROUP
LOAD C:/ST/STM32CubeIDE_1.16.1/STM32CubeIDE/plugins/com.st.stm32cube.ide.mcu.externaltools.gnu-tools-for-stm32.12.3.rel1.win32_1.0.200.202406191623/tools/bin/../lib/gcc/arm-none-eabi/12.3.1/../../../../arm-none-eabi/lib/thumb/v7e-m+fp/hard\libc_nano.a
LOAD C:/ST/STM32CubeIDE_1.16.1/STM32CubeIDE/plugins/com.st.stm32cube.ide.mcu.externaltools.gnu-tools-for-stm32.12.3.rel1.win32_1.0.200.202406191623/tools/bin/../lib/gcc/arm-none-eabi/12.3.1/../../../../arm-none-eabi/lib/thumb/v7e-m+fp/hard\libm.a
END GROUP
START GROUP
LOAD C:/ST/STM32CubeIDE_1.16.1/STM32CubeIDE/plugins/com.st.stm32cube.ide.mcu.externaltools.gnu-tools-for-stm32.12.3.rel1.win32_1.0.200.202406191623/tools/bin/../lib/gcc/arm-none-eabi/12.3.1/thumb/v7e-m+fp/hard\libgcc.a
LOAD C:/ST/STM32CubeIDE_1.16.1/STM32CubeIDE/plugins/com.st.stm32cube.ide.mcu.externaltools.gnu-tools-for-stm32.12.3.rel1.win32_1.0.200.202406191623/tools/bin/../lib/gcc/arm-none-eabi/12.3.1/../../../../arm-none-eabi/lib/thumb/v7e-m+fp/hard\libc_nano.a
END GROUP
START GROUP
LOAD C:/ST/STM32CubeIDE_1.16.1/STM32CubeIDE/plugins/com.st.stm32cube.ide.mcu.externaltools.gnu-tools-for-stm32.12.3.rel1.win32_1.0.200.202406191623/tools/bin/../lib/gcc/arm-none-eabi/12.3.1/thumb/v7e-m+fp/hard\libgcc.a
LOAD C:/ST/STM32CubeIDE_1.16.1/STM32CubeIDE/plugins/com.st.stm32cube.ide.mcu.externaltools.gnu-tools-for-stm32.12.3.rel1.win32_1.0.200.202406191623/tools/bin/../lib/gcc/arm-none-eabi/12.3.1/../../../../arm-none-eabi/lib/thumb/v7e-m+fp/hard\libc_nano.a
LOAD C:/ST/STM32CubeIDE_1.16.1/STM32CubeIDE/plugins/com.st.stm32cube.ide.mcu.externaltools.gnu-tools-for-stm32.12.3.rel1.win32_1.0.200.202406191623/tools/bin/../lib/gcc/arm-none-eabi/12.3.1/../../../../arm-none-eabi/lib/thumb/v7e-m+fp/hard\libnosys.a
END GROUP
START GROUP
LOAD C:/ST/STM32CubeIDE_1.16.1/STM32CubeIDE/plugins/com.st.stm32cube.ide.mcu.externaltools.gnu-tools-for-stm32.12.3.rel1.win32_1.0.200.202406191623/tools/bin/../lib/gcc/arm-none-eabi/12.3.1/thumb/v7e-m+fp/hard\libgcc.a
LOAD C:/ST/STM32CubeIDE_1.16.1/STM32CubeIDE/plugins/com.st.stm32cube.ide.mcu.externaltools.gnu-tools-for-stm32.12.3.rel1.win32_1.0.200.202406191623/tools/bin/../lib/gcc/arm-none-eabi/12.3.1/../../../../arm-none-eabi/lib/thumb/v7e-m+fp/hard\libc_nano.a
LOAD C:/ST/STM32CubeIDE_1.16.1/STM32CubeIDE/plugins/com.st.stm32cube.ide.mcu.externaltools.gnu-tools-for-stm32.12.3.rel1.win32_1.0.200.202406191623/tools/bin/../lib/gcc/arm-none-eabi/12.3.1/../../../../arm-none-eabi/lib/thumb/v7e-m+fp/hard\libnosys.a
END GROUP
LOAD C:/ST/STM32CubeIDE_1.16.1/STM32CubeIDE/plugins/com.st.stm32cube.ide.mcu.externaltools.gnu-tools-for-stm32.12.3.rel1.win32_1.0.200.202406191623/tools/bin/../lib/gcc/arm-none-eabi/12.3.1/thumb/v7e-m+fp/hard/crtend.o
LOAD C:/ST/STM32CubeIDE_1.16.1/STM32CubeIDE/plugins/com.st.stm32cube.ide.mcu.externaltools.gnu-tools-for-stm32.12.3.rel1.win32_1.0.200.202406191623/tools/bin/../lib/gcc/arm-none-eabi/12.3.1/thumb/v7e-m+fp/hard/crtn.o
                0x20020000                        _estack = (ORIGIN (RAM) + LENGTH (RAM))
                0x00000200                        _Min_Heap_Size = 0x200
                0x00000400                        _Min_Stack_Size = 0x400

.isr_vector     0x08000000      0x1d8
                0x08000000                        . = ALIGN (0x4)
 *(.isr_vector)
 .isr_vector    0x08000000      0x1d8 ./Core/Startup/startup_stm32g474qetx.o
                0x08000000                g_pfnVectors
                0x080001d8                        . = ALIGN (0x4)

.text           0x080001e0     0x770c
                0x080001e0                        . = ALIGN (0x4)
 *(.text)
 .text          0x080001e0       0x40 C:/ST/STM32CubeIDE_1.16.1/STM32CubeIDE/plugins/com.st.stm32cube.ide.mcu.externaltools.gnu-tools-for-stm32.12.3.rel1.win32_1.0.200.202406191623/tools/bin/../lib/gcc/arm-none-eabi/12.3.1/thumb/v7e-m+fp/hard/crtbegin.o
 .text          0x08000220       0xa0 C:/ST/STM32CubeIDE_1.16.1/STM32CubeIDE/plugins/com.st.stm32cube.ide.mcu.externaltools.gnu-tools-for-stm32.12.3.rel1.win32_1.0.200.202406191623/tools/bin/../lib/gcc/arm-none-eabi/12.3.1/../../../../arm-none-eabi/lib/thumb/v7e-m+fp/hard\libc_nano.a(libc_a-memchr.o)
                0x08000220                memchr
 .text          0x080002c0      0x378 C:/ST/STM32CubeIDE_1.16.1/STM32CubeIDE/plugins/com.st.stm32cube.ide.mcu.externaltools.gnu-tools-for-stm32.12.3.rel1.win32_1.0.200.202406191623/tools/bin/../lib/gcc/arm-none-eabi/12.3.1/thumb/v7e-m+fp/hard\libgcc.a(_arm_addsubdf3.o)
                0x080002c0                __aeabi_drsub
                0x080002c8                __aeabi_dsub
                0x080002c8                __subdf3
                0x080002cc                __aeabi_dadd
                0x080002cc                __adddf3
                0x08000544                __floatunsidf
                0x08000544                __aeabi_ui2d
                0x08000564                __floatsidf
                0x08000564                __aeabi_i2d
                0x08000588                __aeabi_f2d
                0x08000588                __extendsfdf2
                0x080005cc                __floatundidf
                0x080005cc                __aeabi_ul2d
                0x080005dc                __floatdidf
                0x080005dc                __aeabi_l2d
 .text          0x08000638       0x40 C:/ST/STM32CubeIDE_1.16.1/STM32CubeIDE/plugins/com.st.stm32cube.ide.mcu.externaltools.gnu-tools-for-stm32.12.3.rel1.win32_1.0.200.202406191623/tools/bin/../lib/gcc/arm-none-eabi/12.3.1/thumb/v7e-m+fp/hard\libgcc.a(_arm_fixunsdfsi.o)
                0x08000638                __aeabi_d2uiz
                0x08000638                __fixunsdfsi
 *(.text*)
 .text.Intro    0x08000678       0xc8 ./Application/game.o
                0x08000678                Intro
 .text.GamePlay_UpdateChanges
                0x08000740       0xac ./Application/game.o
                0x08000740                GamePlay_UpdateChanges
 .text.GamePlay
                0x080007ec      0x2d4 ./Application/game.o
                0x080007ec                GamePlay
 .text.GameOver
                0x08000ac0       0xb8 ./Application/game.o
                0x08000ac0                GameOver
 .text.Game     0x08000b78       0x54 ./Application/game.o
                0x08000b78                Game
 .text.GFX_draw_gfx_object
                0x08000bcc       0x20 ./Application/graphics.o
                0x08000bcc                GFX_draw_gfx_object
 .text.GFX_init_location_restrictions
                0x08000bec       0xd4 ./Application/graphics.o
                0x08000bec                GFX_init_location_restrictions
 .text.GFX_init_gfx_object_location
                0x08000cc0       0xf0 ./Application/graphics.o
                0x08000cc0                GFX_init_gfx_object_location
 .text.GFX_set_gfx_object_velocity
                0x08000db0        0xc ./Application/graphics.o
                0x08000db0                GFX_set_gfx_object_velocity
 .text.GFX_bounce_moving_object_from_edge
                0x08000dbc      0x14c ./Application/graphics.o
                0x08000dbc                GFX_bounce_moving_object_from_edge
 .text.GFX_update_moving_gfx_object_location
                0x08000f08      0x118 ./Application/graphics.o
                0x08000f08                GFX_update_moving_gfx_object_location
 .text.GFX_get_object_movement_area
                0x08001020       0x70 ./Application/graphics.o
                0x08001020                GFX_get_object_movement_area
 .text.GFX_copy_image_part_to_partial_frame_buffer
                0x08001090       0xb8 ./Application/graphics.o
                0x08001090                GFX_copy_image_part_to_partial_frame_buffer
 .text.GFX_partial_frame_buffer_overlay_object
                0x08001148       0xa8 ./Application/graphics.o
                0x08001148                GFX_partial_frame_buffer_overlay_object
 .text.GFX_clear_area_on_background
                0x080011f0      0x128 ./Application/graphics.o
                0x080011f0                GFX_clear_area_on_background
 .text.GFX_draw_one_gfx_object_on_background
                0x08001318      0x100 ./Application/graphics.o
                0x08001318                GFX_draw_one_gfx_object_on_background
 .text.GFX_clear_gfx_object_on_background
                0x08001418      0x128 ./Application/graphics.o
                0x08001418                GFX_clear_gfx_object_on_background
 .text.GFX_display_text_object
                0x08001540       0x28 ./Application/graphics.o
                0x08001540                GFX_display_text_object
 .text.GFX_init_obstacle_pair_location
                0x08001568      0x208 ./Application/graphics.o
                0x08001568                GFX_init_obstacle_pair_location
 .text.GFX_set_obstacle_pair_x_axis_velocity
                0x08001770       0x14 ./Application/graphics.o
                0x08001770                GFX_set_obstacle_pair_x_axis_velocity
 .text.GFX_update_obstacle_pair_location
                0x08001784      0x228 ./Application/graphics.o
                0x08001784                GFX_update_obstacle_pair_location
 .text.GFX_draw_obstacle_pair_on_background
                0x080019ac       0x18 ./Application/graphics.o
                0x080019ac                GFX_draw_obstacle_pair_on_background
 .text.GFX_get_obstacle_pair_movement_area
                0x080019c4       0xc0 ./Application/graphics.o
                0x080019c4                GFX_get_obstacle_pair_movement_area
 .text.GFX_clear_obstacle_pair_on_background
                0x08001a84       0x20 ./Application/graphics.o
                0x08001a84                GFX_clear_obstacle_pair_on_background
 .text.MATH_randomise_distance_between_obstacles
                0x08001aa4       0x44 ./Application/math_utils.o
                0x08001aa4                MATH_randomise_distance_between_obstacles
 .text.OBJ_init
                0x08001ae8      0x1f0 ./Application/objects.o
                0x08001ae8                OBJ_init
 .text.OBJ_init_obstacle_pair
                0x08001cd8       0x48 ./Application/objects.o
                0x08001cd8                OBJ_init_obstacle_pair
 .text.OBJ_set_score_text_value
                0x08001d20       0x20 ./Application/objects.o
                0x08001d20                OBJ_set_score_text_value
 .text.SystemClock_Config
                0x08001d40       0x6c ./Core/Src/main.o
                0x08001d40                SystemClock_Config
 .text.startup.main
                0x08001dac      0x718 ./Core/Src/main.o
                0x08001dac                main
 .text.Error_Handler
                0x080024c4        0x4 ./Core/Src/main.o
                0x080024c4                Error_Handler
 .text.HAL_MspInit
                0x080024c8       0x34 ./Core/Src/stm32g4xx_hal_msp.o
                0x080024c8                HAL_MspInit
 .text.HAL_ADC_MspInit
                0x080024fc       0xcc ./Core/Src/stm32g4xx_hal_msp.o
                0x080024fc                HAL_ADC_MspInit
 .text.HAL_SPI_MspInit
                0x080025c8       0x78 ./Core/Src/stm32g4xx_hal_msp.o
                0x080025c8                HAL_SPI_MspInit
 .text.HAL_TIM_Base_MspInit
                0x08002640       0x2c ./Core/Src/stm32g4xx_hal_msp.o
                0x08002640                HAL_TIM_Base_MspInit
 .text.HAL_SRAM_MspInit
                0x0800266c       0x84 ./Core/Src/stm32g4xx_hal_msp.o
                0x0800266c                HAL_SRAM_MspInit
 .text.NMI_Handler
                0x080026f0        0x4 ./Core/Src/stm32g4xx_it.o
                0x080026f0                NMI_Handler
 .text.HardFault_Handler
                0x080026f4        0x4 ./Core/Src/stm32g4xx_it.o
                0x080026f4                HardFault_Handler
 .text.MemManage_Handler
                0x080026f8        0x4 ./Core/Src/stm32g4xx_it.o
                0x080026f8                MemManage_Handler
 .text.BusFault_Handler
                0x080026fc        0x4 ./Core/Src/stm32g4xx_it.o
                0x080026fc                BusFault_Handler
 .text.UsageFault_Handler
                0x08002700        0x4 ./Core/Src/stm32g4xx_it.o
                0x08002700                UsageFault_Handler
 .text.SVC_Handler
                0x08002704        0x4 ./Core/Src/stm32g4xx_it.o
                0x08002704                SVC_Handler
 .text.DebugMon_Handler
                0x08002708        0x4 ./Core/Src/stm32g4xx_it.o
                0x08002708                DebugMon_Handler
 .text.PendSV_Handler
                0x0800270c        0x4 ./Core/Src/stm32g4xx_it.o
                0x0800270c                PendSV_Handler
 .text.SysTick_Handler
                0x08002710        0x4 ./Core/Src/stm32g4xx_it.o
                0x08002710                SysTick_Handler
 .text.DMA1_Channel1_IRQHandler
                0x08002714        0xc ./Core/Src/stm32g4xx_it.o
                0x08002714                DMA1_Channel1_IRQHandler
 .text.DMA1_Channel2_IRQHandler
                0x08002720        0xc ./Core/Src/stm32g4xx_it.o
                0x08002720                DMA1_Channel2_IRQHandler
 .text.USART3_IRQHandler
                0x0800272c       0x34 ./Core/Src/stm32g4xx_it.o
                0x0800272c                USART3_IRQHandler
 .text.TIM6_DAC_IRQHandler
                0x08002760       0x20 ./Core/Src/stm32g4xx_it.o
                0x08002760                TIM6_DAC_IRQHandler
 .text._getpid  0x08002780        0x4 ./Core/Src/syscalls.o
                0x08002780                _getpid
 .text._kill    0x08002784       0x10 ./Core/Src/syscalls.o
                0x08002784                _kill
 .text._exit    0x08002794        0xc ./Core/Src/syscalls.o
                0x08002794                _exit
 .text._read    0x080027a0       0x1c ./Core/Src/syscalls.o
                0x080027a0                _read
 .text._close   0x080027bc        0x8 ./Core/Src/syscalls.o
                0x080027bc                _close
 .text._fstat   0x080027c4        0xc ./Core/Src/syscalls.o
                0x080027c4                _fstat
 .text._isatty  0x080027d0        0x4 ./Core/Src/syscalls.o
                0x080027d0                _isatty
 .text._lseek   0x080027d4        0x4 ./Core/Src/syscalls.o
                0x080027d4                _lseek
 .text._sbrk    0x080027d8       0x44 ./Core/Src/sysmem.o
                0x080027d8                _sbrk
 .text.SystemInit
                0x0800281c       0x14 ./Core/Src/system_stm32g4xx.o
                0x0800281c                SystemInit
 .text.Reset_Handler
                0x08002830       0x50 ./Core/Startup/startup_stm32g474qetx.o
                0x08002830                Reset_Handler
 .text.Default_Handler
                0x08002880        0x2 ./Core/Startup/startup_stm32g474qetx.o
                0x08002880                RTC_Alarm_IRQHandler
                0x08002880                EXTI2_IRQHandler
                0x08002880                TIM8_TRG_COM_IRQHandler
                0x08002880                TIM8_CC_IRQHandler
                0x08002880                HRTIM1_Master_IRQHandler
                0x08002880                SPI4_IRQHandler
                0x08002880                FDCAN3_IT0_IRQHandler
                0x08002880                TIM1_CC_IRQHandler
                0x08002880                HRTIM1_FLT_IRQHandler
                0x08002880                HRTIM1_TIMF_IRQHandler
                0x08002880                USB_HP_IRQHandler
                0x08002880                CORDIC_IRQHandler
                0x08002880                HRTIM1_TIMD_IRQHandler
                0x08002880                DMA2_Channel8_IRQHandler
                0x08002880                EXTI3_IRQHandler
                0x08002880                I2C3_ER_IRQHandler
                0x08002880                EXTI0_IRQHandler
                0x08002880                I2C2_EV_IRQHandler
                0x08002880                FPU_IRQHandler
                0x08002880                FDCAN1_IT1_IRQHandler
                0x08002880                TIM1_UP_TIM16_IRQHandler
                0x08002880                ADC1_2_IRQHandler
                0x08002880                HRTIM1_TIME_IRQHandler
                0x08002880                SPI1_IRQHandler
                0x08002880                HRTIM1_TIMC_IRQHandler
                0x08002880                TIM8_UP_IRQHandler
                0x08002880                DMA2_Channel2_IRQHandler
                0x08002880                DMA1_Channel4_IRQHandler
                0x08002880                TIM20_TRG_COM_IRQHandler
                0x08002880                DMA1_Channel7_IRQHandler
                0x08002880                UART5_IRQHandler
                0x08002880                ADC3_IRQHandler
                0x08002880                TIM4_IRQHandler
                0x08002880                DMA2_Channel1_IRQHandler
                0x08002880                QUADSPI_IRQHandler
                0x08002880                I2C1_EV_IRQHandler
                0x08002880                DMA1_Channel6_IRQHandler
                0x08002880                UART4_IRQHandler
                0x08002880                DMA2_Channel4_IRQHandler
                0x08002880                TIM3_IRQHandler
                0x08002880                RCC_IRQHandler
                0x08002880                TIM20_UP_IRQHandler
                0x08002880                Default_Handler
                0x08002880                DMA2_Channel7_IRQHandler
                0x08002880                RTC_TAMP_LSECSS_IRQHandler
                0x08002880                FMAC_IRQHandler
                0x08002880                EXTI15_10_IRQHandler
                0x08002880                DMA1_Channel8_IRQHandler
                0x08002880                HRTIM1_TIMA_IRQHandler
                0x08002880                TIM7_DAC_IRQHandler
                0x08002880                FDCAN3_IT1_IRQHandler
                0x08002880                TIM5_IRQHandler
                0x08002880                UCPD1_IRQHandler
                0x08002880                I2C3_EV_IRQHandler
                0x08002880                EXTI9_5_IRQHandler
                0x08002880                RTC_WKUP_IRQHandler
                0x08002880                PVD_PVM_IRQHandler
                0x08002880                SPI2_IRQHandler
                0x08002880                ADC5_IRQHandler
                0x08002880                DMA2_Channel5_IRQHandler
                0x08002880                CRS_IRQHandler
                0x08002880                DMA1_Channel5_IRQHandler
                0x08002880                USB_LP_IRQHandler
                0x08002880                EXTI4_IRQHandler
                0x08002880                RNG_IRQHandler
                0x08002880                HRTIM1_TIMB_IRQHandler
                0x08002880                TIM1_TRG_COM_TIM17_IRQHandler
                0x08002880                FDCAN2_IT1_IRQHandler
                0x08002880                DMA1_Channel3_IRQHandler
                0x08002880                ADC4_IRQHandler
                0x08002880                WWDG_IRQHandler
                0x08002880                I2C4_EV_IRQHandler
                0x08002880                FDCAN2_IT0_IRQHandler
                0x08002880                LPUART1_IRQHandler
                0x08002880                DMA2_Channel6_IRQHandler
                0x08002880                FDCAN1_IT0_IRQHandler
                0x08002880                TIM2_IRQHandler
                0x08002880                COMP7_IRQHandler
                0x08002880                COMP1_2_3_IRQHandler
                0x08002880                EXTI1_IRQHandler
                0x08002880                USART2_IRQHandler
                0x08002880                COMP4_5_6_IRQHandler
                0x08002880                TIM20_BRK_IRQHandler
                0x08002880                I2C2_ER_IRQHandler
                0x08002880                TIM8_BRK_IRQHandler
                0x08002880                FLASH_IRQHandler
                0x08002880                TIM20_CC_IRQHandler
                0x08002880                USART1_IRQHandler
                0x08002880                SPI3_IRQHandler
                0x08002880                I2C1_ER_IRQHandler
                0x08002880                FMC_IRQHandler
                0x08002880                LPTIM1_IRQHandler
                0x08002880                DMAMUX_OVR_IRQHandler
                0x08002880                I2C4_ER_IRQHandler
                0x08002880                USBWakeUp_IRQHandler
                0x08002880                SAI1_IRQHandler
                0x08002880                DMA2_Channel3_IRQHandler
                0x08002880                TIM1_BRK_TIM15_IRQHandler
 *fill*         0x08002882        0x2 
 .text.HAL_InitTick
                0x08002884       0x4c ./Drivers/STM32G4xx_HAL_Driver/Src/stm32g4xx_hal.o
                0x08002884                HAL_InitTick
 .text.HAL_Init
                0x080028d0       0x20 ./Drivers/STM32G4xx_HAL_Driver/Src/stm32g4xx_hal.o
                0x080028d0                HAL_Init
 .text.HAL_IncTick
                0x080028f0       0x18 ./Drivers/STM32G4xx_HAL_Driver/Src/stm32g4xx_hal.o
                0x080028f0                HAL_IncTick
 .text.HAL_GetTick
                0x08002908        0xc ./Drivers/STM32G4xx_HAL_Driver/Src/stm32g4xx_hal.o
                0x08002908                HAL_GetTick
 .text.HAL_Delay
                0x08002914       0x24 ./Drivers/STM32G4xx_HAL_Driver/Src/stm32g4xx_hal.o
                0x08002914                HAL_Delay
 .text.HAL_ADC_Init
                0x08002938      0x238 ./Drivers/STM32G4xx_HAL_Driver/Src/stm32g4xx_hal_adc.o
                0x08002938                HAL_ADC_Init
 .text.HAL_ADC_ConvCpltCallback
                0x08002b70        0x4 ./Drivers/STM32G4xx_HAL_Driver/Src/stm32g4xx_hal_adc.o
                0x08002b70                HAL_ADC_ConvCpltCallback
 .text.HAL_ADC_ConvHalfCpltCallback
                0x08002b74        0x4 ./Drivers/STM32G4xx_HAL_Driver/Src/stm32g4xx_hal_adc.o
                0x08002b74                HAL_ADC_ConvHalfCpltCallback
 .text.ADC_DMAHalfConvCplt
                0x08002b78        0xc ./Drivers/STM32G4xx_HAL_Driver/Src/stm32g4xx_hal_adc.o
                0x08002b78                ADC_DMAHalfConvCplt
 .text.HAL_ADC_ErrorCallback
                0x08002b84        0x4 ./Drivers/STM32G4xx_HAL_Driver/Src/stm32g4xx_hal_adc.o
                0x08002b84                HAL_ADC_ErrorCallback
 .text.ADC_DMAConvCplt
                0x08002b88       0x6c ./Drivers/STM32G4xx_HAL_Driver/Src/stm32g4xx_hal_adc.o
                0x08002b88                ADC_DMAConvCplt
 .text.ADC_DMAError
                0x08002bf4       0x1c ./Drivers/STM32G4xx_HAL_Driver/Src/stm32g4xx_hal_adc.o
                0x08002bf4                ADC_DMAError
 .text.HAL_ADC_ConfigChannel
                0x08002c10      0x4fc ./Drivers/STM32G4xx_HAL_Driver/Src/stm32g4xx_hal_adc.o
                0x08002c10                HAL_ADC_ConfigChannel
 .text.ADC_Enable
                0x0800310c       0xe4 ./Drivers/STM32G4xx_HAL_Driver/Src/stm32g4xx_hal_adc.o
                0x0800310c                ADC_Enable
 .text.HAL_ADC_Start_DMA
                0x080031f0      0x114 ./Drivers/STM32G4xx_HAL_Driver/Src/stm32g4xx_hal_adc.o
                0x080031f0                HAL_ADC_Start_DMA
 .text.ADC_Disable
                0x08003304       0x74 ./Drivers/STM32G4xx_HAL_Driver/Src/stm32g4xx_hal_adc.o
                0x08003304                ADC_Disable
 .text.HAL_ADCEx_Calibration_Start
                0x08003378       0x9c ./Drivers/STM32G4xx_HAL_Driver/Src/stm32g4xx_hal_adc_ex.o
                0x08003378                HAL_ADCEx_Calibration_Start
 .text.HAL_NVIC_SetPriorityGrouping
                0x08003414       0x24 ./Drivers/STM32G4xx_HAL_Driver/Src/stm32g4xx_hal_cortex.o
                0x08003414                HAL_NVIC_SetPriorityGrouping
 .text.HAL_NVIC_SetPriority
                0x08003438       0x78 ./Drivers/STM32G4xx_HAL_Driver/Src/stm32g4xx_hal_cortex.o
                0x08003438                HAL_NVIC_SetPriority
 .text.HAL_NVIC_EnableIRQ
                0x080034b0       0x1c ./Drivers/STM32G4xx_HAL_Driver/Src/stm32g4xx_hal_cortex.o
                0x080034b0                HAL_NVIC_EnableIRQ
 .text.HAL_SYSTICK_Config
                0x080034cc       0x34 ./Drivers/STM32G4xx_HAL_Driver/Src/stm32g4xx_hal_cortex.o
                0x080034cc                HAL_SYSTICK_Config
 .text.HAL_DMA_Init
                0x08003500      0x124 ./Drivers/STM32G4xx_HAL_Driver/Src/stm32g4xx_hal_dma.o
                0x08003500                HAL_DMA_Init
 .text.HAL_DMA_Start_IT
                0x08003624       0xb0 ./Drivers/STM32G4xx_HAL_Driver/Src/stm32g4xx_hal_dma.o
                0x08003624                HAL_DMA_Start_IT
 .text.HAL_DMA_IRQHandler
                0x080036d4       0x9c ./Drivers/STM32G4xx_HAL_Driver/Src/stm32g4xx_hal_dma.o
                0x080036d4                HAL_DMA_IRQHandler
 .text.HAL_GPIO_Init
                0x08003770      0x210 ./Drivers/STM32G4xx_HAL_Driver/Src/stm32g4xx_hal_gpio.o
                0x08003770                HAL_GPIO_Init
 .text.HAL_PWREx_ControlVoltageScaling
                0x08003980       0xe4 ./Drivers/STM32G4xx_HAL_Driver/Src/stm32g4xx_hal_pwr_ex.o
                0x08003980                HAL_PWREx_ControlVoltageScaling
 .text.HAL_PWREx_DisableUCPDDeadBattery
                0x08003a64       0x10 ./Drivers/STM32G4xx_HAL_Driver/Src/stm32g4xx_hal_pwr_ex.o
                0x08003a64                HAL_PWREx_DisableUCPDDeadBattery
 .text.HAL_RCC_OscConfig
                0x08003a74      0x48c ./Drivers/STM32G4xx_HAL_Driver/Src/stm32g4xx_hal_rcc.o
                0x08003a74                HAL_RCC_OscConfig
 .text.HAL_RCC_GetSysClockFreq
                0x08003f00       0x70 ./Drivers/STM32G4xx_HAL_Driver/Src/stm32g4xx_hal_rcc.o
                0x08003f00                HAL_RCC_GetSysClockFreq
 .text.HAL_RCC_ClockConfig
                0x08003f70      0x208 ./Drivers/STM32G4xx_HAL_Driver/Src/stm32g4xx_hal_rcc.o
                0x08003f70                HAL_RCC_ClockConfig
 .text.HAL_RCCEx_PeriphCLKConfig
                0x08004178      0x318 ./Drivers/STM32G4xx_HAL_Driver/Src/stm32g4xx_hal_rcc_ex.o
                0x08004178                HAL_RCCEx_PeriphCLKConfig
 .text.HAL_SPI_Init
                0x08004490       0xfc ./Drivers/STM32G4xx_HAL_Driver/Src/stm32g4xx_hal_spi.o
                0x08004490                HAL_SPI_Init
 .text.HAL_SRAM_Init
                0x0800458c       0x5c ./Drivers/STM32G4xx_HAL_Driver/Src/stm32g4xx_hal_sram.o
                0x0800458c                HAL_SRAM_Init
 .text.HAL_TIM_Base_Init
                0x080045e8      0x140 ./Drivers/STM32G4xx_HAL_Driver/Src/stm32g4xx_hal_tim.o
                0x080045e8                HAL_TIM_Base_Init
 .text.HAL_TIM_Base_Start
                0x08004728       0x74 ./Drivers/STM32G4xx_HAL_Driver/Src/stm32g4xx_hal_tim.o
                0x08004728                HAL_TIM_Base_Start
 .text.HAL_TIM_ConfigClockSource
                0x0800479c      0x1b4 ./Drivers/STM32G4xx_HAL_Driver/Src/stm32g4xx_hal_tim.o
                0x0800479c                HAL_TIM_ConfigClockSource
 .text.HAL_TIMEx_MasterConfigSynchronization
                0x08004950       0xb4 ./Drivers/STM32G4xx_HAL_Driver/Src/stm32g4xx_hal_tim_ex.o
                0x08004950                HAL_TIMEx_MasterConfigSynchronization
 .text.FMC_NORSRAM_Init
                0x08004a04       0xe8 ./Drivers/STM32G4xx_HAL_Driver/Src/stm32g4xx_ll_fmc.o
                0x08004a04                FMC_NORSRAM_Init
 .text.FMC_NORSRAM_Timing_Init
                0x08004aec       0x58 ./Drivers/STM32G4xx_HAL_Driver/Src/stm32g4xx_ll_fmc.o
                0x08004aec                FMC_NORSRAM_Timing_Init
 .text.FMC_NORSRAM_Extended_Timing_Init
                0x08004b44       0x48 ./Drivers/STM32G4xx_HAL_Driver/Src/stm32g4xx_ll_fmc.o
                0x08004b44                FMC_NORSRAM_Extended_Timing_Init
 .text.LL_GPIO_Init
                0x08004b8c      0x188 ./Drivers/STM32G4xx_HAL_Driver/Src/stm32g4xx_ll_gpio.o
                0x08004b8c                LL_GPIO_Init
 .text.LL_RCC_GetUSARTClockFreq
                0x08004d14      0x1d0 ./Drivers/STM32G4xx_HAL_Driver/Src/stm32g4xx_ll_rcc.o
                0x08004d14                LL_RCC_GetUSARTClockFreq
 .text.LL_RCC_GetUARTClockFreq
                0x08004ee4      0x18c ./Drivers/STM32G4xx_HAL_Driver/Src/stm32g4xx_ll_rcc.o
                0x08004ee4                LL_RCC_GetUARTClockFreq
 .text.LL_TIM_Init
                0x08005070       0xd8 ./Drivers/STM32G4xx_HAL_Driver/Src/stm32g4xx_ll_tim.o
                0x08005070                LL_TIM_Init
 .text.LL_TIM_OC_Init
                0x08005148      0x368 ./Drivers/STM32G4xx_HAL_Driver/Src/stm32g4xx_ll_tim.o
                0x08005148                LL_TIM_OC_Init
 .text.LL_USART_Init
                0x080054b0      0x104 ./Drivers/STM32G4xx_HAL_Driver/Src/stm32g4xx_ll_usart.o
                0x080054b0                LL_USART_Init
 .text.LED_init
                0x080055b4       0x54 ./System/LED.o
                0x080055b4                LED_init
 .text.LEDs_off
                0x08005608       0x68 ./System/LED.o
                0x08005608                LEDs_off
 .text.LEDs_write
                0x08005670       0x78 ./System/LED.o
                0x08005670                LEDs_write
 .text.SCI_init
                0x080056e8       0x60 ./System/SCI.o
                0x080056e8                SCI_init
 .text._write   0x08005748       0x2c ./System/SCI.o
                0x08005748                _write
 .text.SCI_receive_char_Callback
                0x08005774       0x18 ./System/SCI.o
                0x08005774                SCI_receive_char_Callback
 .text.SCI_transmit_char_Callback
                0x0800578c       0x44 ./System/SCI.o
                0x0800578c                SCI_transmit_char_Callback
 .text.BUF_init
                0x080057d0       0x10 ./System/buf.o
                0x080057d0                BUF_init
 .text.BUF_flush
                0x080057e0       0x10 ./System/buf.o
                0x080057e0                BUF_flush
 .text.BUF_store_byte
                0x080057f0       0x44 ./System/buf.o
                0x080057f0                BUF_store_byte
 .text.BUF_get_byte
                0x08005834       0x30 ./System/buf.o
                0x08005834                BUF_get_byte
 .text.BUF_get_data_size
                0x08005864        0x4 ./System/buf.o
                0x08005864                BUF_get_data_size
 .text.JOY_init
                0x08005868       0x6c ./System/joystick.o
                0x08005868                JOY_init
 .text.KBD_init
                0x080058d4       0x70 ./System/kbd.o
                0x080058d4                KBD_init
 .text.KBD_scan
                0x08005944       0x54 ./System/kbd.o
                0x08005944                KBD_scan
 .text.KBD_get_pressed_key
                0x08005998       0x28 ./System/kbd.o
                0x08005998                KBD_get_pressed_key
 .text.KBD_flush
                0x080059c0        0xc ./System/kbd.o
                0x080059c0                KBD_flush
 .text.UserPixelSetFunction
                0x080059cc       0x1c ./System/lcd.o
                0x080059cc                UserPixelSetFunction
 .text.LCD_Init
                0x080059e8       0x6c ./System/lcd.o
                0x080059e8                LCD_Init
 .text.LCD_uGUI_init
                0x08005a54       0x40 ./System/lcd.o
                0x08005a54                LCD_uGUI_init
 .text.LL_TIM_OC_SetCompareCH1
                0x08005a94        0x4 ./System/lcd_backlight.o
 .text.LL_TIM_OC_GetCompareCH1
                0x08005a98        0x4 ./System/lcd_backlight.o
 .text.LCD_BKLT_init
                0x08005a9c       0x3c ./System/lcd_backlight.o
                0x08005a9c                LCD_BKLT_init
 .text.ILI9341_SendData
                0x08005ad8       0x28 ./System/lcd_ili9341.o
                0x08005ad8                ILI9341_SendData
 .text.ILI9341_SendRepeatedData
                0x08005b00       0x18 ./System/lcd_ili9341.o
                0x08005b00                ILI9341_SendRepeatedData
 .text.ILI9341_SetDisplayWindow
                0x08005b18       0xd8 ./System/lcd_ili9341.o
                0x08005b18                ILI9341_SetDisplayWindow
 .text.ILI9341_Init
                0x08005bf0       0xe8 ./System/lcd_ili9341.o
                0x08005bf0                ILI9341_Init
 .text.ILI9341_WaitTransfer
                0x08005cd8        0x8 ./System/lcd_ili9341.o
                0x08005cd8                ILI9341_WaitTransfer
 .text.ILI9341_DisplayOn
                0x08005ce0       0x10 ./System/lcd_ili9341.o
                0x08005ce0                ILI9341_DisplayOn
 .text.ILI9341_GetParam
                0x08005cf0       0x2c ./System/lcd_ili9341.o
                0x08005cf0                ILI9341_GetParam
 .text.PSERV_init
                0x08005d1c       0x18 ./System/periodic_services.o
                0x08005d1c                PSERV_init
 .text.PSERV_enable
                0x08005d34       0x14 ./System/periodic_services.o
                0x08005d34                PSERV_enable
 .text.PSERV_run_services_Callback
                0x08005d48        0x4 ./System/periodic_services.o
                0x08005d48                PSERV_run_services_Callback
 .text.TIMUT_stopwatch_set_time_mark
                0x08005d4c        0xc ./System/timing_utils.o
                0x08005d4c                TIMUT_stopwatch_set_time_mark
 .text.TIMUT_stopwatch_has_X_ms_passed
                0x08005d58       0x1c ./System/timing_utils.o
                0x08005d58                TIMUT_stopwatch_has_X_ms_passed
 .text.TIMUT_stopwatch_has_another_X_ms_passed
                0x08005d74       0x30 ./System/timing_utils.o
                0x08005d74                TIMUT_stopwatch_has_another_X_ms_passed
 .text.TIMUT_get_stopwatch_elapsed_time
                0x08005da4       0x10 ./System/timing_utils.o
                0x08005da4                TIMUT_get_stopwatch_elapsed_time
 .text.UG_Init  0x08005db4       0x68 ./System/ugui.o
                0x08005db4                UG_Init
 .text.UG_FontSelect
                0x08005e1c       0x24 ./System/ugui.o
                0x08005e1c                UG_FontSelect
 .text.UG_SetForecolor
                0x08005e40        0xc ./System/ugui.o
                0x08005e40                UG_SetForecolor
 .text.UG_SetBackcolor
                0x08005e4c        0xc ./System/ugui.o
                0x08005e4c                UG_SetBackcolor
 .text._UG_PutChar
                0x08005e58      0x3d8 ./System/ugui.o
                0x08005e58                _UG_PutChar
 .text.UG_PutString
                0x08006230       0x84 ./System/ugui.o
                0x08006230                UG_PutString
 .text.malloc   0x080062b4       0x10 C:/ST/STM32CubeIDE_1.16.1/STM32CubeIDE/plugins/com.st.stm32cube.ide.mcu.externaltools.gnu-tools-for-stm32.12.3.rel1.win32_1.0.200.202406191623/tools/bin/../lib/gcc/arm-none-eabi/12.3.1/../../../../arm-none-eabi/lib/thumb/v7e-m+fp/hard\libc_nano.a(libc_a-malloc.o)
                0x080062b4                malloc
 .text.free     0x080062c4       0x10 C:/ST/STM32CubeIDE_1.16.1/STM32CubeIDE/plugins/com.st.stm32cube.ide.mcu.externaltools.gnu-tools-for-stm32.12.3.rel1.win32_1.0.200.202406191623/tools/bin/../lib/gcc/arm-none-eabi/12.3.1/../../../../arm-none-eabi/lib/thumb/v7e-m+fp/hard\libc_nano.a(libc_a-malloc.o)
                0x080062c4                free
 .text.sbrk_aligned
                0x080062d4       0x44 C:/ST/STM32CubeIDE_1.16.1/STM32CubeIDE/plugins/com.st.stm32cube.ide.mcu.externaltools.gnu-tools-for-stm32.12.3.rel1.win32_1.0.200.202406191623/tools/bin/../lib/gcc/arm-none-eabi/12.3.1/../../../../arm-none-eabi/lib/thumb/v7e-m+fp/hard\libc_nano.a(libc_a-mallocr.o)
 .text._malloc_r
                0x08006318      0x100 C:/ST/STM32CubeIDE_1.16.1/STM32CubeIDE/plugins/com.st.stm32cube.ide.mcu.externaltools.gnu-tools-for-stm32.12.3.rel1.win32_1.0.200.202406191623/tools/bin/../lib/gcc/arm-none-eabi/12.3.1/../../../../arm-none-eabi/lib/thumb/v7e-m+fp/hard\libc_nano.a(libc_a-mallocr.o)
                0x08006318                _malloc_r
 .text.__malloc_lock
                0x08006418        0xc C:/ST/STM32CubeIDE_1.16.1/STM32CubeIDE/plugins/com.st.stm32cube.ide.mcu.externaltools.gnu-tools-for-stm32.12.3.rel1.win32_1.0.200.202406191623/tools/bin/../lib/gcc/arm-none-eabi/12.3.1/../../../../arm-none-eabi/lib/thumb/v7e-m+fp/hard\libc_nano.a(libc_a-mlock.o)
                0x08006418                __malloc_lock
 .text.__malloc_unlock
                0x08006424        0xc C:/ST/STM32CubeIDE_1.16.1/STM32CubeIDE/plugins/com.st.stm32cube.ide.mcu.externaltools.gnu-tools-for-stm32.12.3.rel1.win32_1.0.200.202406191623/tools/bin/../lib/gcc/arm-none-eabi/12.3.1/../../../../arm-none-eabi/lib/thumb/v7e-m+fp/hard\libc_nano.a(libc_a-mlock.o)
                0x08006424                __malloc_unlock
 .text.srand    0x08006430       0x5c C:/ST/STM32CubeIDE_1.16.1/STM32CubeIDE/plugins/com.st.stm32cube.ide.mcu.externaltools.gnu-tools-for-stm32.12.3.rel1.win32_1.0.200.202406191623/tools/bin/../lib/gcc/arm-none-eabi/12.3.1/../../../../arm-none-eabi/lib/thumb/v7e-m+fp/hard\libc_nano.a(libc_a-rand.o)
                0x08006430                srand
 .text.rand     0x0800648c       0x7c C:/ST/STM32CubeIDE_1.16.1/STM32CubeIDE/plugins/com.st.stm32cube.ide.mcu.externaltools.gnu-tools-for-stm32.12.3.rel1.win32_1.0.200.202406191623/tools/bin/../lib/gcc/arm-none-eabi/12.3.1/../../../../arm-none-eabi/lib/thumb/v7e-m+fp/hard\libc_nano.a(libc_a-rand.o)
                0x0800648c                rand
 .text.std      0x08006508       0x6c C:/ST/STM32CubeIDE_1.16.1/STM32CubeIDE/plugins/com.st.stm32cube.ide.mcu.externaltools.gnu-tools-for-stm32.12.3.rel1.win32_1.0.200.202406191623/tools/bin/../lib/gcc/arm-none-eabi/12.3.1/../../../../arm-none-eabi/lib/thumb/v7e-m+fp/hard\libc_nano.a(libc_a-findfp.o)
 .text.stdio_exit_handler
                0x08006574       0x18 C:/ST/STM32CubeIDE_1.16.1/STM32CubeIDE/plugins/com.st.stm32cube.ide.mcu.externaltools.gnu-tools-for-stm32.12.3.rel1.win32_1.0.200.202406191623/tools/bin/../lib/gcc/arm-none-eabi/12.3.1/../../../../arm-none-eabi/lib/thumb/v7e-m+fp/hard\libc_nano.a(libc_a-findfp.o)
 .text.cleanup_stdio
                0x0800658c       0x40 C:/ST/STM32CubeIDE_1.16.1/STM32CubeIDE/plugins/com.st.stm32cube.ide.mcu.externaltools.gnu-tools-for-stm32.12.3.rel1.win32_1.0.200.202406191623/tools/bin/../lib/gcc/arm-none-eabi/12.3.1/../../../../arm-none-eabi/lib/thumb/v7e-m+fp/hard\libc_nano.a(libc_a-findfp.o)
 .text.global_stdio_init.part.0
                0x080065cc       0x3c C:/ST/STM32CubeIDE_1.16.1/STM32CubeIDE/plugins/com.st.stm32cube.ide.mcu.externaltools.gnu-tools-for-stm32.12.3.rel1.win32_1.0.200.202406191623/tools/bin/../lib/gcc/arm-none-eabi/12.3.1/../../../../arm-none-eabi/lib/thumb/v7e-m+fp/hard\libc_nano.a(libc_a-findfp.o)
 .text.__sfp_lock_acquire
                0x08006608        0xc C:/ST/STM32CubeIDE_1.16.1/STM32CubeIDE/plugins/com.st.stm32cube.ide.mcu.externaltools.gnu-tools-for-stm32.12.3.rel1.win32_1.0.200.202406191623/tools/bin/../lib/gcc/arm-none-eabi/12.3.1/../../../../arm-none-eabi/lib/thumb/v7e-m+fp/hard\libc_nano.a(libc_a-findfp.o)
                0x08006608                __sfp_lock_acquire
 .text.__sfp_lock_release
                0x08006614        0xc C:/ST/STM32CubeIDE_1.16.1/STM32CubeIDE/plugins/com.st.stm32cube.ide.mcu.externaltools.gnu-tools-for-stm32.12.3.rel1.win32_1.0.200.202406191623/tools/bin/../lib/gcc/arm-none-eabi/12.3.1/../../../../arm-none-eabi/lib/thumb/v7e-m+fp/hard\libc_nano.a(libc_a-findfp.o)
                0x08006614                __sfp_lock_release
 .text.__sinit  0x08006620       0x30 C:/ST/STM32CubeIDE_1.16.1/STM32CubeIDE/plugins/com.st.stm32cube.ide.mcu.externaltools.gnu-tools-for-stm32.12.3.rel1.win32_1.0.200.202406191623/tools/bin/../lib/gcc/arm-none-eabi/12.3.1/../../../../arm-none-eabi/lib/thumb/v7e-m+fp/hard\libc_nano.a(libc_a-findfp.o)
                0x08006620                __sinit
 .text._fwalk_sglue
                0x08006650       0x3c C:/ST/STM32CubeIDE_1.16.1/STM32CubeIDE/plugins/com.st.stm32cube.ide.mcu.externaltools.gnu-tools-for-stm32.12.3.rel1.win32_1.0.200.202406191623/tools/bin/../lib/gcc/arm-none-eabi/12.3.1/../../../../arm-none-eabi/lib/thumb/v7e-m+fp/hard\libc_nano.a(libc_a-fwalk.o)
                0x08006650                _fwalk_sglue
 .text.printf   0x0800668c       0x24 C:/ST/STM32CubeIDE_1.16.1/STM32CubeIDE/plugins/com.st.stm32cube.ide.mcu.externaltools.gnu-tools-for-stm32.12.3.rel1.win32_1.0.200.202406191623/tools/bin/../lib/gcc/arm-none-eabi/12.3.1/../../../../arm-none-eabi/lib/thumb/v7e-m+fp/hard\libc_nano.a(libc_a-printf.o)
                0x0800668c                iprintf
                0x0800668c                printf
 .text._puts_r  0x080066b0       0xaa C:/ST/STM32CubeIDE_1.16.1/STM32CubeIDE/plugins/com.st.stm32cube.ide.mcu.externaltools.gnu-tools-for-stm32.12.3.rel1.win32_1.0.200.202406191623/tools/bin/../lib/gcc/arm-none-eabi/12.3.1/../../../../arm-none-eabi/lib/thumb/v7e-m+fp/hard\libc_nano.a(libc_a-puts.o)
                0x080066b0                _puts_r
 *fill*         0x0800675a        0x2 
 .text.puts     0x0800675c       0x10 C:/ST/STM32CubeIDE_1.16.1/STM32CubeIDE/plugins/com.st.stm32cube.ide.mcu.externaltools.gnu-tools-for-stm32.12.3.rel1.win32_1.0.200.202406191623/tools/bin/../lib/gcc/arm-none-eabi/12.3.1/../../../../arm-none-eabi/lib/thumb/v7e-m+fp/hard\libc_nano.a(libc_a-puts.o)
                0x0800675c                puts
 .text.setvbuf  0x0800676c      0x168 C:/ST/STM32CubeIDE_1.16.1/STM32CubeIDE/plugins/com.st.stm32cube.ide.mcu.externaltools.gnu-tools-for-stm32.12.3.rel1.win32_1.0.200.202406191623/tools/bin/../lib/gcc/arm-none-eabi/12.3.1/../../../../arm-none-eabi/lib/thumb/v7e-m+fp/hard\libc_nano.a(libc_a-setvbuf.o)
                0x0800676c                setvbuf
 .text.sprintf  0x080068d4       0x40 C:/ST/STM32CubeIDE_1.16.1/STM32CubeIDE/plugins/com.st.stm32cube.ide.mcu.externaltools.gnu-tools-for-stm32.12.3.rel1.win32_1.0.200.202406191623/tools/bin/../lib/gcc/arm-none-eabi/12.3.1/../../../../arm-none-eabi/lib/thumb/v7e-m+fp/hard\libc_nano.a(libc_a-sprintf.o)
                0x080068d4                siprintf
                0x080068d4                sprintf
 .text.__sread  0x08006914       0x22 C:/ST/STM32CubeIDE_1.16.1/STM32CubeIDE/plugins/com.st.stm32cube.ide.mcu.externaltools.gnu-tools-for-stm32.12.3.rel1.win32_1.0.200.202406191623/tools/bin/../lib/gcc/arm-none-eabi/12.3.1/../../../../arm-none-eabi/lib/thumb/v7e-m+fp/hard\libc_nano.a(libc_a-stdio.o)
                0x08006914                __sread
 .text.__swrite
                0x08006936       0x38 C:/ST/STM32CubeIDE_1.16.1/STM32CubeIDE/plugins/com.st.stm32cube.ide.mcu.externaltools.gnu-tools-for-stm32.12.3.rel1.win32_1.0.200.202406191623/tools/bin/../lib/gcc/arm-none-eabi/12.3.1/../../../../arm-none-eabi/lib/thumb/v7e-m+fp/hard\libc_nano.a(libc_a-stdio.o)
                0x08006936                __swrite
 .text.__sseek  0x0800696e       0x24 C:/ST/STM32CubeIDE_1.16.1/STM32CubeIDE/plugins/com.st.stm32cube.ide.mcu.externaltools.gnu-tools-for-stm32.12.3.rel1.win32_1.0.200.202406191623/tools/bin/../lib/gcc/arm-none-eabi/12.3.1/../../../../arm-none-eabi/lib/thumb/v7e-m+fp/hard\libc_nano.a(libc_a-stdio.o)
                0x0800696e                __sseek
 .text.__sclose
                0x08006992        0x8 C:/ST/STM32CubeIDE_1.16.1/STM32CubeIDE/plugins/com.st.stm32cube.ide.mcu.externaltools.gnu-tools-for-stm32.12.3.rel1.win32_1.0.200.202406191623/tools/bin/../lib/gcc/arm-none-eabi/12.3.1/../../../../arm-none-eabi/lib/thumb/v7e-m+fp/hard\libc_nano.a(libc_a-stdio.o)
                0x08006992                __sclose
 .text.__swbuf_r
                0x0800699a       0x7c C:/ST/STM32CubeIDE_1.16.1/STM32CubeIDE/plugins/com.st.stm32cube.ide.mcu.externaltools.gnu-tools-for-stm32.12.3.rel1.win32_1.0.200.202406191623/tools/bin/../lib/gcc/arm-none-eabi/12.3.1/../../../../arm-none-eabi/lib/thumb/v7e-m+fp/hard\libc_nano.a(libc_a-wbuf.o)
                0x0800699a                __swbuf_r
 *fill*         0x08006a16        0x2 
 .text.__swsetup_r
                0x08006a18       0xac C:/ST/STM32CubeIDE_1.16.1/STM32CubeIDE/plugins/com.st.stm32cube.ide.mcu.externaltools.gnu-tools-for-stm32.12.3.rel1.win32_1.0.200.202406191623/tools/bin/../lib/gcc/arm-none-eabi/12.3.1/../../../../arm-none-eabi/lib/thumb/v7e-m+fp/hard\libc_nano.a(libc_a-wsetup.o)
                0x08006a18                __swsetup_r
 .text.memset   0x08006ac4       0x10 C:/ST/STM32CubeIDE_1.16.1/STM32CubeIDE/plugins/com.st.stm32cube.ide.mcu.externaltools.gnu-tools-for-stm32.12.3.rel1.win32_1.0.200.202406191623/tools/bin/../lib/gcc/arm-none-eabi/12.3.1/../../../../arm-none-eabi/lib/thumb/v7e-m+fp/hard\libc_nano.a(libc_a-memset.o)
                0x08006ac4                memset
 .text._close_r
                0x08006ad4       0x20 C:/ST/STM32CubeIDE_1.16.1/STM32CubeIDE/plugins/com.st.stm32cube.ide.mcu.externaltools.gnu-tools-for-stm32.12.3.rel1.win32_1.0.200.202406191623/tools/bin/../lib/gcc/arm-none-eabi/12.3.1/../../../../arm-none-eabi/lib/thumb/v7e-m+fp/hard\libc_nano.a(libc_a-closer.o)
                0x08006ad4                _close_r
 .text._lseek_r
                0x08006af4       0x24 C:/ST/STM32CubeIDE_1.16.1/STM32CubeIDE/plugins/com.st.stm32cube.ide.mcu.externaltools.gnu-tools-for-stm32.12.3.rel1.win32_1.0.200.202406191623/tools/bin/../lib/gcc/arm-none-eabi/12.3.1/../../../../arm-none-eabi/lib/thumb/v7e-m+fp/hard\libc_nano.a(libc_a-lseekr.o)
                0x08006af4                _lseek_r
 .text._read_r  0x08006b18       0x24 C:/ST/STM32CubeIDE_1.16.1/STM32CubeIDE/plugins/com.st.stm32cube.ide.mcu.externaltools.gnu-tools-for-stm32.12.3.rel1.win32_1.0.200.202406191623/tools/bin/../lib/gcc/arm-none-eabi/12.3.1/../../../../arm-none-eabi/lib/thumb/v7e-m+fp/hard\libc_nano.a(libc_a-readr.o)
                0x08006b18                _read_r
 .text._sbrk_r  0x08006b3c       0x20 C:/ST/STM32CubeIDE_1.16.1/STM32CubeIDE/plugins/com.st.stm32cube.ide.mcu.externaltools.gnu-tools-for-stm32.12.3.rel1.win32_1.0.200.202406191623/tools/bin/../lib/gcc/arm-none-eabi/12.3.1/../../../../arm-none-eabi/lib/thumb/v7e-m+fp/hard\libc_nano.a(libc_a-sbrkr.o)
                0x08006b3c                _sbrk_r
 .text._write_r
                0x08006b5c       0x24 C:/ST/STM32CubeIDE_1.16.1/STM32CubeIDE/plugins/com.st.stm32cube.ide.mcu.externaltools.gnu-tools-for-stm32.12.3.rel1.win32_1.0.200.202406191623/tools/bin/../lib/gcc/arm-none-eabi/12.3.1/../../../../arm-none-eabi/lib/thumb/v7e-m+fp/hard\libc_nano.a(libc_a-writer.o)
                0x08006b5c                _write_r
 .text.__errno  0x08006b80        0xc C:/ST/STM32CubeIDE_1.16.1/STM32CubeIDE/plugins/com.st.stm32cube.ide.mcu.externaltools.gnu-tools-for-stm32.12.3.rel1.win32_1.0.200.202406191623/tools/bin/../lib/gcc/arm-none-eabi/12.3.1/../../../../arm-none-eabi/lib/thumb/v7e-m+fp/hard\libc_nano.a(libc_a-errno.o)
                0x08006b80                __errno
 .text.__libc_init_array
                0x08006b8c       0x48 C:/ST/STM32CubeIDE_1.16.1/STM32CubeIDE/plugins/com.st.stm32cube.ide.mcu.externaltools.gnu-tools-for-stm32.12.3.rel1.win32_1.0.200.202406191623/tools/bin/../lib/gcc/arm-none-eabi/12.3.1/../../../../arm-none-eabi/lib/thumb/v7e-m+fp/hard\libc_nano.a(libc_a-init.o)
                0x08006b8c                __libc_init_array
 .text.__retarget_lock_init_recursive
                0x08006bd4        0x2 C:/ST/STM32CubeIDE_1.16.1/STM32CubeIDE/plugins/com.st.stm32cube.ide.mcu.externaltools.gnu-tools-for-stm32.12.3.rel1.win32_1.0.200.202406191623/tools/bin/../lib/gcc/arm-none-eabi/12.3.1/../../../../arm-none-eabi/lib/thumb/v7e-m+fp/hard\libc_nano.a(libc_a-lock.o)
                0x08006bd4                __retarget_lock_init_recursive
 .text.__retarget_lock_acquire_recursive
                0x08006bd6        0x2 C:/ST/STM32CubeIDE_1.16.1/STM32CubeIDE/plugins/com.st.stm32cube.ide.mcu.externaltools.gnu-tools-for-stm32.12.3.rel1.win32_1.0.200.202406191623/tools/bin/../lib/gcc/arm-none-eabi/12.3.1/../../../../arm-none-eabi/lib/thumb/v7e-m+fp/hard\libc_nano.a(libc_a-lock.o)
                0x08006bd6                __retarget_lock_acquire_recursive
 .text.__retarget_lock_release_recursive
                0x08006bd8        0x2 C:/ST/STM32CubeIDE_1.16.1/STM32CubeIDE/plugins/com.st.stm32cube.ide.mcu.externaltools.gnu-tools-for-stm32.12.3.rel1.win32_1.0.200.202406191623/tools/bin/../lib/gcc/arm-none-eabi/12.3.1/../../../../arm-none-eabi/lib/thumb/v7e-m+fp/hard\libc_nano.a(libc_a-lock.o)
                0x08006bd8                __retarget_lock_release_recursive
 *fill*         0x08006bda        0x2 
 .text.__assert_func
                0x08006bdc       0x3c C:/ST/STM32CubeIDE_1.16.1/STM32CubeIDE/plugins/com.st.stm32cube.ide.mcu.externaltools.gnu-tools-for-stm32.12.3.rel1.win32_1.0.200.202406191623/tools/bin/../lib/gcc/arm-none-eabi/12.3.1/../../../../arm-none-eabi/lib/thumb/v7e-m+fp/hard\libc_nano.a(libc_a-assert.o)
                0x08006bdc                __assert_func
 .text._free_r  0x08006c18       0x94 C:/ST/STM32CubeIDE_1.16.1/STM32CubeIDE/plugins/com.st.stm32cube.ide.mcu.externaltools.gnu-tools-for-stm32.12.3.rel1.win32_1.0.200.202406191623/tools/bin/../lib/gcc/arm-none-eabi/12.3.1/../../../../arm-none-eabi/lib/thumb/v7e-m+fp/hard\libc_nano.a(libc_a-freer.o)
                0x08006c18                _free_r
 .text.__ssputs_r
                0x08006cac       0xb6 C:/ST/STM32CubeIDE_1.16.1/STM32CubeIDE/plugins/com.st.stm32cube.ide.mcu.externaltools.gnu-tools-for-stm32.12.3.rel1.win32_1.0.200.202406191623/tools/bin/../lib/gcc/arm-none-eabi/12.3.1/../../../../arm-none-eabi/lib/thumb/v7e-m+fp/hard\libc_nano.a(libc_a-nano-svfprintf.o)
                0x08006cac                __ssputs_r
 *fill*         0x08006d62        0x2 
 .text._svfprintf_r
                0x08006d64      0x1f8 C:/ST/STM32CubeIDE_1.16.1/STM32CubeIDE/plugins/com.st.stm32cube.ide.mcu.externaltools.gnu-tools-for-stm32.12.3.rel1.win32_1.0.200.202406191623/tools/bin/../lib/gcc/arm-none-eabi/12.3.1/../../../../arm-none-eabi/lib/thumb/v7e-m+fp/hard\libc_nano.a(libc_a-nano-svfprintf.o)
                0x08006d64                _svfiprintf_r
                0x08006d64                _svfprintf_r
 .text.__sfputc_r
                0x08006f5c       0x2e C:/ST/STM32CubeIDE_1.16.1/STM32CubeIDE/plugins/com.st.stm32cube.ide.mcu.externaltools.gnu-tools-for-stm32.12.3.rel1.win32_1.0.200.202406191623/tools/bin/../lib/gcc/arm-none-eabi/12.3.1/../../../../arm-none-eabi/lib/thumb/v7e-m+fp/hard\libc_nano.a(libc_a-nano-vfprintf.o)
 .text.__sfputs_r
                0x08006f8a       0x24 C:/ST/STM32CubeIDE_1.16.1/STM32CubeIDE/plugins/com.st.stm32cube.ide.mcu.externaltools.gnu-tools-for-stm32.12.3.rel1.win32_1.0.200.202406191623/tools/bin/../lib/gcc/arm-none-eabi/12.3.1/../../../../arm-none-eabi/lib/thumb/v7e-m+fp/hard\libc_nano.a(libc_a-nano-vfprintf.o)
                0x08006f8a                __sfputs_r
 *fill*         0x08006fae        0x2 
 .text._vfprintf_r
                0x08006fb0      0x230 C:/ST/STM32CubeIDE_1.16.1/STM32CubeIDE/plugins/com.st.stm32cube.ide.mcu.externaltools.gnu-tools-for-stm32.12.3.rel1.win32_1.0.200.202406191623/tools/bin/../lib/gcc/arm-none-eabi/12.3.1/../../../../arm-none-eabi/lib/thumb/v7e-m+fp/hard\libc_nano.a(libc_a-nano-vfprintf.o)
                0x08006fb0                _vfprintf_r
                0x08006fb0                _vfiprintf_r
 .text._printf_common
                0x080071e0       0xda C:/ST/STM32CubeIDE_1.16.1/STM32CubeIDE/plugins/com.st.stm32cube.ide.mcu.externaltools.gnu-tools-for-stm32.12.3.rel1.win32_1.0.200.202406191623/tools/bin/../lib/gcc/arm-none-eabi/12.3.1/../../../../arm-none-eabi/lib/thumb/v7e-m+fp/hard\libc_nano.a(libc_a-nano-vfprintf_i.o)
                0x080071e0                _printf_common
 *fill*         0x080072ba        0x2 
 .text._printf_i
                0x080072bc      0x240 C:/ST/STM32CubeIDE_1.16.1/STM32CubeIDE/plugins/com.st.stm32cube.ide.mcu.externaltools.gnu-tools-for-stm32.12.3.rel1.win32_1.0.200.202406191623/tools/bin/../lib/gcc/arm-none-eabi/12.3.1/../../../../arm-none-eabi/lib/thumb/v7e-m+fp/hard\libc_nano.a(libc_a-nano-vfprintf_i.o)
                0x080072bc                _printf_i
 .text.__sflush_r
                0x080074fc      0x108 C:/ST/STM32CubeIDE_1.16.1/STM32CubeIDE/plugins/com.st.stm32cube.ide.mcu.externaltools.gnu-tools-for-stm32.12.3.rel1.win32_1.0.200.202406191623/tools/bin/../lib/gcc/arm-none-eabi/12.3.1/../../../../arm-none-eabi/lib/thumb/v7e-m+fp/hard\libc_nano.a(libc_a-fflush.o)
                0x080074fc                __sflush_r
 .text._fflush_r
                0x08007604       0x50 C:/ST/STM32CubeIDE_1.16.1/STM32CubeIDE/plugins/com.st.stm32cube.ide.mcu.externaltools.gnu-tools-for-stm32.12.3.rel1.win32_1.0.200.202406191623/tools/bin/../lib/gcc/arm-none-eabi/12.3.1/../../../../arm-none-eabi/lib/thumb/v7e-m+fp/hard\libc_nano.a(libc_a-fflush.o)
                0x08007604                _fflush_r
 .text.fprintf  0x08007654       0x24 C:/ST/STM32CubeIDE_1.16.1/STM32CubeIDE/plugins/com.st.stm32cube.ide.mcu.externaltools.gnu-tools-for-stm32.12.3.rel1.win32_1.0.200.202406191623/tools/bin/../lib/gcc/arm-none-eabi/12.3.1/../../../../arm-none-eabi/lib/thumb/v7e-m+fp/hard\libc_nano.a(libc_a-fprintf.o)
                0x08007654                fiprintf
                0x08007654                fprintf
 .text.__swhatbuf_r
                0x08007678       0x4c C:/ST/STM32CubeIDE_1.16.1/STM32CubeIDE/plugins/com.st.stm32cube.ide.mcu.externaltools.gnu-tools-for-stm32.12.3.rel1.win32_1.0.200.202406191623/tools/bin/../lib/gcc/arm-none-eabi/12.3.1/../../../../arm-none-eabi/lib/thumb/v7e-m+fp/hard\libc_nano.a(libc_a-makebuf.o)
                0x08007678                __swhatbuf_r
 .text.__smakebuf_r
                0x080076c4       0x78 C:/ST/STM32CubeIDE_1.16.1/STM32CubeIDE/plugins/com.st.stm32cube.ide.mcu.externaltools.gnu-tools-for-stm32.12.3.rel1.win32_1.0.200.202406191623/tools/bin/../lib/gcc/arm-none-eabi/12.3.1/../../../../arm-none-eabi/lib/thumb/v7e-m+fp/hard\libc_nano.a(libc_a-makebuf.o)
                0x080076c4                __smakebuf_r
 .text.memmove  0x0800773c       0x34 C:/ST/STM32CubeIDE_1.16.1/STM32CubeIDE/plugins/com.st.stm32cube.ide.mcu.externaltools.gnu-tools-for-stm32.12.3.rel1.win32_1.0.200.202406191623/tools/bin/../lib/gcc/arm-none-eabi/12.3.1/../../../../arm-none-eabi/lib/thumb/v7e-m+fp/hard\libc_nano.a(libc_a-memmove.o)
                0x0800773c                memmove
 .text._fstat_r
                0x08007770       0x24 C:/ST/STM32CubeIDE_1.16.1/STM32CubeIDE/plugins/com.st.stm32cube.ide.mcu.externaltools.gnu-tools-for-stm32.12.3.rel1.win32_1.0.200.202406191623/tools/bin/../lib/gcc/arm-none-eabi/12.3.1/../../../../arm-none-eabi/lib/thumb/v7e-m+fp/hard\libc_nano.a(libc_a-fstatr.o)
                0x08007770                _fstat_r
 .text._isatty_r
                0x08007794       0x20 C:/ST/STM32CubeIDE_1.16.1/STM32CubeIDE/plugins/com.st.stm32cube.ide.mcu.externaltools.gnu-tools-for-stm32.12.3.rel1.win32_1.0.200.202406191623/tools/bin/../lib/gcc/arm-none-eabi/12.3.1/../../../../arm-none-eabi/lib/thumb/v7e-m+fp/hard\libc_nano.a(libc_a-isattyr.o)
                0x08007794                _isatty_r
 .text.memcpy   0x080077b4       0x1c C:/ST/STM32CubeIDE_1.16.1/STM32CubeIDE/plugins/com.st.stm32cube.ide.mcu.externaltools.gnu-tools-for-stm32.12.3.rel1.win32_1.0.200.202406191623/tools/bin/../lib/gcc/arm-none-eabi/12.3.1/../../../../arm-none-eabi/lib/thumb/v7e-m+fp/hard\libc_nano.a(libc_a-memcpy-stub.o)
                0x080077b4                memcpy
 .text.abort    0x080077d0        0xe C:/ST/STM32CubeIDE_1.16.1/STM32CubeIDE/plugins/com.st.stm32cube.ide.mcu.externaltools.gnu-tools-for-stm32.12.3.rel1.win32_1.0.200.202406191623/tools/bin/../lib/gcc/arm-none-eabi/12.3.1/../../../../arm-none-eabi/lib/thumb/v7e-m+fp/hard\libc_nano.a(libc_a-abort.o)
                0x080077d0                abort
 .text._realloc_r
                0x080077de       0x5c C:/ST/STM32CubeIDE_1.16.1/STM32CubeIDE/plugins/com.st.stm32cube.ide.mcu.externaltools.gnu-tools-for-stm32.12.3.rel1.win32_1.0.200.202406191623/tools/bin/../lib/gcc/arm-none-eabi/12.3.1/../../../../arm-none-eabi/lib/thumb/v7e-m+fp/hard\libc_nano.a(libc_a-reallocr.o)
                0x080077de                _realloc_r
 .text._raise_r
                0x0800783a       0x50 C:/ST/STM32CubeIDE_1.16.1/STM32CubeIDE/plugins/com.st.stm32cube.ide.mcu.externaltools.gnu-tools-for-stm32.12.3.rel1.win32_1.0.200.202406191623/tools/bin/../lib/gcc/arm-none-eabi/12.3.1/../../../../arm-none-eabi/lib/thumb/v7e-m+fp/hard\libc_nano.a(libc_a-signal.o)
                0x0800783a                _raise_r
 *fill*         0x0800788a        0x2 
 .text.raise    0x0800788c       0x10 C:/ST/STM32CubeIDE_1.16.1/STM32CubeIDE/plugins/com.st.stm32cube.ide.mcu.externaltools.gnu-tools-for-stm32.12.3.rel1.win32_1.0.200.202406191623/tools/bin/../lib/gcc/arm-none-eabi/12.3.1/../../../../arm-none-eabi/lib/thumb/v7e-m+fp/hard\libc_nano.a(libc_a-signal.o)
                0x0800788c                raise
 .text._kill_r  0x0800789c       0x24 C:/ST/STM32CubeIDE_1.16.1/STM32CubeIDE/plugins/com.st.stm32cube.ide.mcu.externaltools.gnu-tools-for-stm32.12.3.rel1.win32_1.0.200.202406191623/tools/bin/../lib/gcc/arm-none-eabi/12.3.1/../../../../arm-none-eabi/lib/thumb/v7e-m+fp/hard\libc_nano.a(libc_a-signalr.o)
                0x0800789c                _kill_r
 .text._getpid_r
                0x080078c0        0x4 C:/ST/STM32CubeIDE_1.16.1/STM32CubeIDE/plugins/com.st.stm32cube.ide.mcu.externaltools.gnu-tools-for-stm32.12.3.rel1.win32_1.0.200.202406191623/tools/bin/../lib/gcc/arm-none-eabi/12.3.1/../../../../arm-none-eabi/lib/thumb/v7e-m+fp/hard\libc_nano.a(libc_a-signalr.o)
                0x080078c0                _getpid_r
 .text._malloc_usable_size_r
                0x080078c4       0x10 C:/ST/STM32CubeIDE_1.16.1/STM32CubeIDE/plugins/com.st.stm32cube.ide.mcu.externaltools.gnu-tools-for-stm32.12.3.rel1.win32_1.0.200.202406191623/tools/bin/../lib/gcc/arm-none-eabi/12.3.1/../../../../arm-none-eabi/lib/thumb/v7e-m+fp/hard\libc_nano.a(libc_a-msizer.o)
                0x080078c4                _malloc_usable_size_r
 *(.glue_7)
 .glue_7        0x080078d4        0x0 linker stubs
 *(.glue_7t)
 .glue_7t       0x080078d4        0x0 linker stubs
 *(.eh_frame)
 .eh_frame      0x080078d4        0x0 C:/ST/STM32CubeIDE_1.16.1/STM32CubeIDE/plugins/com.st.stm32cube.ide.mcu.externaltools.gnu-tools-for-stm32.12.3.rel1.win32_1.0.200.202406191623/tools/bin/../lib/gcc/arm-none-eabi/12.3.1/thumb/v7e-m+fp/hard/crtbegin.o
 *(.init)
 .init          0x080078d4        0x4 C:/ST/STM32CubeIDE_1.16.1/STM32CubeIDE/plugins/com.st.stm32cube.ide.mcu.externaltools.gnu-tools-for-stm32.12.3.rel1.win32_1.0.200.202406191623/tools/bin/../lib/gcc/arm-none-eabi/12.3.1/thumb/v7e-m+fp/hard/crti.o
                0x080078d4                _init
 .init          0x080078d8        0x8 C:/ST/STM32CubeIDE_1.16.1/STM32CubeIDE/plugins/com.st.stm32cube.ide.mcu.externaltools.gnu-tools-for-stm32.12.3.rel1.win32_1.0.200.202406191623/tools/bin/../lib/gcc/arm-none-eabi/12.3.1/thumb/v7e-m+fp/hard/crtn.o
 *(.fini)
 .fini          0x080078e0        0x4 C:/ST/STM32CubeIDE_1.16.1/STM32CubeIDE/plugins/com.st.stm32cube.ide.mcu.externaltools.gnu-tools-for-stm32.12.3.rel1.win32_1.0.200.202406191623/tools/bin/../lib/gcc/arm-none-eabi/12.3.1/thumb/v7e-m+fp/hard/crti.o
                0x080078e0                _fini
 .fini          0x080078e4        0x8 C:/ST/STM32CubeIDE_1.16.1/STM32CubeIDE/plugins/com.st.stm32cube.ide.mcu.externaltools.gnu-tools-for-stm32.12.3.rel1.win32_1.0.200.202406191623/tools/bin/../lib/gcc/arm-none-eabi/12.3.1/thumb/v7e-m+fp/hard/crtn.o
                0x080078ec                        . = ALIGN (0x4)
                0x080078ec                        _etext = .

.vfp11_veneer   0x080078ec        0x0
 .vfp11_veneer  0x080078ec        0x0 linker stubs

.v4_bx          0x080078ec        0x0
 .v4_bx         0x080078ec        0x0 linker stubs

.iplt           0x080078ec        0x0
 .iplt          0x080078ec        0x0 C:/ST/STM32CubeIDE_1.16.1/STM32CubeIDE/plugins/com.st.stm32cube.ide.mcu.externaltools.gnu-tools-for-stm32.12.3.rel1.win32_1.0.200.202406191623/tools/bin/../lib/gcc/arm-none-eabi/12.3.1/thumb/v7e-m+fp/hard/crtbegin.o

.rodata         0x080078ec    0x519fc
                0x080078ec                        . = ALIGN (0x4)
 *(.rodata)
 *(.rodata*)
 .rodata.Intro.str1.4
                0x080078ec       0x24 ./Application/game.o
 .rodata.GamePlay.str1.4
                0x08007910       0x63 ./Application/game.o
 *fill*         0x08007973        0x1 
 .rodata.GameOver.str1.4
                0x08007974       0x27 ./Application/game.o
 *fill*         0x0800799b        0x1 
 .rodata.Game.str1.4
                0x0800799c       0x25 ./Application/game.o
 *fill*         0x080079c1        0x3 
 .rodata.OBJ_init.str1.4
                0x080079c4        0x4 ./Application/objects.o
 .rodata.obstacle_top_img
                0x080079c8     0x5dc0 ./Application/objects.o
 .rodata.obstacle_bottom_img
                0x0800d788     0x5dc0 ./Application/objects.o
 .rodata.intro_img
                0x08013548     0x6590 ./Application/objects.o
 .rodata.misko_img
                0x08019ad8      0x9c4 ./Application/objects.o
 .rodata.press_ok_img
                0x0801a49c     0x3cf0 ./Application/objects.o
 .rodata.game_over_img
                0x0801e18c    0x14c08 ./Application/objects.o
 .rodata.background_img
                0x08032d94    0x25800 ./Application/objects.o
 .rodata.APBPrescTable
                0x08058594        0x8 ./Core/Src/system_stm32g4xx.o
                0x08058594                APBPrescTable
 .rodata.AHBPrescTable
                0x0805859c       0x10 ./Core/Src/system_stm32g4xx.o
                0x0805859c                AHBPrescTable
 .rodata.USART_PRESCALER_TAB
                0x080585ac       0x30 ./Drivers/STM32G4xx_HAL_Driver/Src/stm32g4xx_ll_usart.o
 .rodata.orientations
                0x080585dc       0x10 ./System/lcd_ili9341.o
 .rodata.FONT_8X12
                0x080585ec       0x1c ./System/ugui.o
                0x080585ec                FONT_8X12
 .rodata.font_8x12
                0x08058608      0xc00 ./System/ugui.o
                0x08058608                font_8x12
 .rodata.srand.str1.1
                0x08059208       0x6f C:/ST/STM32CubeIDE_1.16.1/STM32CubeIDE/plugins/com.st.stm32cube.ide.mcu.externaltools.gnu-tools-for-stm32.12.3.rel1.win32_1.0.200.202406191623/tools/bin/../lib/gcc/arm-none-eabi/12.3.1/../../../../arm-none-eabi/lib/thumb/v7e-m+fp/hard\libc_nano.a(libc_a-rand.o)
 .rodata.__assert_func.str1.1
                0x08059277       0x3c C:/ST/STM32CubeIDE_1.16.1/STM32CubeIDE/plugins/com.st.stm32cube.ide.mcu.externaltools.gnu-tools-for-stm32.12.3.rel1.win32_1.0.200.202406191623/tools/bin/../lib/gcc/arm-none-eabi/12.3.1/../../../../arm-none-eabi/lib/thumb/v7e-m+fp/hard\libc_nano.a(libc_a-assert.o)
                                 0x3d (size before relaxing)
 .rodata._svfprintf_r.str1.1
                0x080592b3       0x11 C:/ST/STM32CubeIDE_1.16.1/STM32CubeIDE/plugins/com.st.stm32cube.ide.mcu.externaltools.gnu-tools-for-stm32.12.3.rel1.win32_1.0.200.202406191623/tools/bin/../lib/gcc/arm-none-eabi/12.3.1/../../../../arm-none-eabi/lib/thumb/v7e-m+fp/hard\libc_nano.a(libc_a-nano-svfprintf.o)
 .rodata._vfprintf_r.str1.1
                0x080592c4       0x11 C:/ST/STM32CubeIDE_1.16.1/STM32CubeIDE/plugins/com.st.stm32cube.ide.mcu.externaltools.gnu-tools-for-stm32.12.3.rel1.win32_1.0.200.202406191623/tools/bin/../lib/gcc/arm-none-eabi/12.3.1/../../../../arm-none-eabi/lib/thumb/v7e-m+fp/hard\libc_nano.a(libc_a-nano-vfprintf.o)
 .rodata._printf_i.str1.1
                0x080592c4       0x22 C:/ST/STM32CubeIDE_1.16.1/STM32CubeIDE/plugins/com.st.stm32cube.ide.mcu.externaltools.gnu-tools-for-stm32.12.3.rel1.win32_1.0.200.202406191623/tools/bin/../lib/gcc/arm-none-eabi/12.3.1/../../../../arm-none-eabi/lib/thumb/v7e-m+fp/hard\libc_nano.a(libc_a-nano-vfprintf_i.o)
                0x080592e8                        . = ALIGN (0x4)
 *fill*         0x080592e6        0x2 

.ARM.extab      0x080592e8        0x0
                0x080592e8                        . = ALIGN (0x4)
 *(.ARM.extab* .gnu.linkonce.armextab.*)
                0x080592e8                        . = ALIGN (0x4)

.ARM            0x080592e8        0x8
                0x080592e8                        . = ALIGN (0x4)
                0x080592e8                        __exidx_start = .
 *(.ARM.exidx*)
 .ARM.exidx     0x080592e8        0x8 C:/ST/STM32CubeIDE_1.16.1/STM32CubeIDE/plugins/com.st.stm32cube.ide.mcu.externaltools.gnu-tools-for-stm32.12.3.rel1.win32_1.0.200.202406191623/tools/bin/../lib/gcc/arm-none-eabi/12.3.1/../../../../arm-none-eabi/lib/thumb/v7e-m+fp/hard\libc_nano.a(libc_a-memchr.o)
                0x080592f0                        __exidx_end = .
                0x080592f0                        . = ALIGN (0x4)

.preinit_array  0x080592f0        0x0
                0x080592f0                        . = ALIGN (0x4)
                0x080592f0                        PROVIDE (__preinit_array_start = .)
 *(.preinit_array*)
                0x080592f0                        PROVIDE (__preinit_array_end = .)
                0x080592f0                        . = ALIGN (0x4)

.init_array     0x080592f0        0x4
                0x080592f0                        . = ALIGN (0x4)
                0x080592f0                        PROVIDE (__init_array_start = .)
 *(SORT_BY_NAME(.init_array.*))
 *(.init_array*)
 .init_array    0x080592f0        0x4 C:/ST/STM32CubeIDE_1.16.1/STM32CubeIDE/plugins/com.st.stm32cube.ide.mcu.externaltools.gnu-tools-for-stm32.12.3.rel1.win32_1.0.200.202406191623/tools/bin/../lib/gcc/arm-none-eabi/12.3.1/thumb/v7e-m+fp/hard/crtbegin.o
                0x080592f4                        PROVIDE (__init_array_end = .)
                0x080592f4                        . = ALIGN (0x4)

.fini_array     0x080592f4        0x4
                0x080592f4                        . = ALIGN (0x4)
                [!provide]                        PROVIDE (__fini_array_start = .)
 *(SORT_BY_NAME(.fini_array.*))
 *(.fini_array*)
 .fini_array    0x080592f4        0x4 C:/ST/STM32CubeIDE_1.16.1/STM32CubeIDE/plugins/com.st.stm32cube.ide.mcu.externaltools.gnu-tools-for-stm32.12.3.rel1.win32_1.0.200.202406191623/tools/bin/../lib/gcc/arm-none-eabi/12.3.1/thumb/v7e-m+fp/hard/crtbegin.o
                [!provide]                        PROVIDE (__fini_array_end = .)
                0x080592f8                        . = ALIGN (0x4)
                0x080592f8                        _sidata = LOADADDR (.data)

.rel.dyn        0x080592f8        0x0
 .rel.iplt      0x080592f8        0x0 C:/ST/STM32CubeIDE_1.16.1/STM32CubeIDE/plugins/com.st.stm32cube.ide.mcu.externaltools.gnu-tools-for-stm32.12.3.rel1.win32_1.0.200.202406191623/tools/bin/../lib/gcc/arm-none-eabi/12.3.1/thumb/v7e-m+fp/hard/crtbegin.o

.data           0x20000000       0x74 load address 0x080592f8
                0x20000000                        . = ALIGN (0x4)
                0x20000000                        _sdata = .
 *(.data)
 *(.data*)
 .data.pressed_button
                0x20000000        0x1 ./Application/game.o
                0x20000000                pressed_button
 *fill*         0x20000001        0x3 
 .data.str.1    0x20000004        0x6 ./Application/objects.o
 *fill*         0x2000000a        0x2 
 .data.SystemCoreClock
                0x2000000c        0x4 ./Core/Src/system_stm32g4xx.o
                0x2000000c                SystemCoreClock
 .data.uwTickFreq
                0x20000010        0x4 ./Drivers/STM32G4xx_HAL_Driver/Src/stm32g4xx_hal.o
                0x20000010                uwTickFreq
 .data.uwTickPrio
                0x20000014        0x4 ./Drivers/STM32G4xx_HAL_Driver/Src/stm32g4xx_hal.o
                0x20000014                uwTickPrio
 .data.__sglue  0x20000018        0xc C:/ST/STM32CubeIDE_1.16.1/STM32CubeIDE/plugins/com.st.stm32cube.ide.mcu.externaltools.gnu-tools-for-stm32.12.3.rel1.win32_1.0.200.202406191623/tools/bin/../lib/gcc/arm-none-eabi/12.3.1/../../../../arm-none-eabi/lib/thumb/v7e-m+fp/hard\libc_nano.a(libc_a-findfp.o)
                0x20000018                __sglue
 .data._impure_ptr
                0x20000024        0x4 C:/ST/STM32CubeIDE_1.16.1/STM32CubeIDE/plugins/com.st.stm32cube.ide.mcu.externaltools.gnu-tools-for-stm32.12.3.rel1.win32_1.0.200.202406191623/tools/bin/../lib/gcc/arm-none-eabi/12.3.1/../../../../arm-none-eabi/lib/thumb/v7e-m+fp/hard\libc_nano.a(libc_a-impure.o)
                0x20000024                _impure_ptr
 .data._impure_data
                0x20000028       0x4c C:/ST/STM32CubeIDE_1.16.1/STM32CubeIDE/plugins/com.st.stm32cube.ide.mcu.externaltools.gnu-tools-for-stm32.12.3.rel1.win32_1.0.200.202406191623/tools/bin/../lib/gcc/arm-none-eabi/12.3.1/../../../../arm-none-eabi/lib/thumb/v7e-m+fp/hard\libc_nano.a(libc_a-impure.o)
                0x20000028                _impure_data
 *(.RamFunc)
 *(.RamFunc*)
                0x20000074                        . = ALIGN (0x4)
                0x20000074                        _edata = .

.igot.plt       0x20000074        0x0 load address 0x0805936c
 .igot.plt      0x20000074        0x0 C:/ST/STM32CubeIDE_1.16.1/STM32CubeIDE/plugins/com.st.stm32cube.ide.mcu.externaltools.gnu-tools-for-stm32.12.3.rel1.win32_1.0.200.202406191623/tools/bin/../lib/gcc/arm-none-eabi/12.3.1/thumb/v7e-m+fp/hard/crtbegin.o
                0x20000074                        . = ALIGN (0x4)

.bss            0x20000078      0xde8 load address 0x0805936c
                0x20000078                        _sbss = .
                0x20000078                        __bss_start__ = _sbss
 *(.bss)
 .bss           0x20000078       0x1c C:/ST/STM32CubeIDE_1.16.1/STM32CubeIDE/plugins/com.st.stm32cube.ide.mcu.externaltools.gnu-tools-for-stm32.12.3.rel1.win32_1.0.200.202406191623/tools/bin/../lib/gcc/arm-none-eabi/12.3.1/thumb/v7e-m+fp/hard/crtbegin.o
 *(.bss*)
 .bss.state.0   0x20000094        0x1 ./Application/game.o
 .bss.gameplay_state.1
                0x20000095        0x1 ./Application/game.o
 *fill*         0x20000096        0x2 
 .bss.update_stopwatch_misko.2
                0x20000098        0x8 ./Application/game.o
 .bss.timers_initialized.3
                0x200000a0        0x1 ./Application/game.o
 .bss.state.4   0x200000a1        0x1 ./Application/game.o
 .bss.state.5   0x200000a2        0x1 ./Application/game.o
 *fill*         0x200000a3        0x1 
 .bss.obstacle_number
                0x200000a4        0x4 ./Application/game.o
                0x200000a4                obstacle_number
 .bss.moving_obstacles
                0x200000a8        0x4 ./Application/game.o
                0x200000a8                moving_obstacles
 .bss.obstacle_pair3_spawned
                0x200000ac        0x4 ./Application/game.o
                0x200000ac                obstacle_pair3_spawned
 .bss.obstacle_pair2_spawned
                0x200000b0        0x4 ./Application/game.o
                0x200000b0                obstacle_pair2_spawned
 .bss.obstacle_pair1_spawned
                0x200000b4        0x4 ./Application/game.o
                0x200000b4                obstacle_pair1_spawned
 .bss.obstacle_pair3
                0x200000b8       0x98 ./Application/game.o
                0x200000b8                obstacle_pair3
 .bss.obstacle_pair2
                0x20000150       0x98 ./Application/game.o
                0x20000150                obstacle_pair2
 .bss.obstacle_pair1
                0x200001e8       0x98 ./Application/game.o
                0x200001e8                obstacle_pair1
 .bss.obstacle_positions
                0x20000280        0x4 ./Application/game.o
                0x20000280                obstacle_positions
 .bss.stopwatch_obstacles
                0x20000284        0x8 ./Application/game.o
                0x20000284                stopwatch_obstacles
 .bss.stopwatch_jump
                0x2000028c        0x8 ./Application/game.o
                0x2000028c                stopwatch_jump
 .bss.stopwatch_gameover
                0x20000294        0x8 ./Application/game.o
                0x20000294                stopwatch_gameover
 .bss.stopwatch_leds
                0x2000029c        0x8 ./Application/game.o
                0x2000029c                stopwatch_leds
 .bss.key       0x200002a4        0x1 ./Application/game.o
                0x200002a4                key
 *fill*         0x200002a5        0x3 
 .bss.movement_area
                0x200002a8        0xc ./Application/game.o
                0x200002a8                movement_area
 *fill*         0x200002b4        0x4 
 .bss.partial_frame_buffer
                0x200002b8       0x4c ./Application/graphics.o
                0x200002b8                partial_frame_buffer
 .bss.str.0     0x20000304        0x6 ./Application/objects.o
 *fill*         0x2000030a        0x2 
 .bss.score_text
                0x2000030c       0x14 ./Application/objects.o
                0x2000030c                score_text
 .bss.score_box_title
                0x20000320       0x14 ./Application/objects.o
                0x20000320                score_box_title
 .bss.misko     0x20000334       0x4c ./Application/objects.o
                0x20000334                misko
 .bss.press_ok_sprite
                0x20000380       0x4c ./Application/objects.o
                0x20000380                press_ok_sprite
 .bss.game_over_sprite
                0x200003cc       0x4c ./Application/objects.o
                0x200003cc                game_over_sprite
 .bss.background
                0x20000418       0x4c ./Application/objects.o
                0x20000418                background
 .bss.intro_sprite
                0x20000464       0x4c ./Application/objects.o
                0x20000464                intro_sprite
 .bss.canvas    0x200004b0       0x24 ./Application/objects.o
                0x200004b0                canvas
 .bss.game_status
                0x200004d4        0x2 ./Application/objects.o
                0x200004d4                game_status
 *fill*         0x200004d6        0x2 
 .bss.settings  0x200004d8        0x8 ./Application/objects.o
                0x200004d8                settings
 .bss.hsram1    0x200004e0       0x58 ./Core/Src/main.o
                0x200004e0                hsram1
 .bss.hdma_memtomem_dma1_channel1
                0x20000538       0x60 ./Core/Src/main.o
                0x20000538                hdma_memtomem_dma1_channel1
 .bss.htim1     0x20000598       0x4c ./Core/Src/main.o
                0x20000598                htim1
 .bss.hspi1     0x200005e4       0x64 ./Core/Src/main.o
                0x200005e4                hspi1
 .bss.hdma_adc4
                0x20000648       0x60 ./Core/Src/main.o
                0x20000648                hdma_adc4
 .bss.hadc4     0x200006a8       0x6c ./Core/Src/main.o
                0x200006a8                hadc4
 .bss.FMC_Initialized
                0x20000714        0x4 ./Core/Src/stm32g4xx_hal_msp.o
 .bss.__sbrk_heap_end
                0x20000718        0x4 ./Core/Src/sysmem.o
 .bss.uwTick    0x2000071c        0x4 ./Drivers/STM32G4xx_HAL_Driver/Src/stm32g4xx_hal.o
                0x2000071c                uwTick
 .bss.LED_group
                0x20000720       0x40 ./System/LED.o
                0x20000720                LED_group
 .bss.SCI_TX_buf_handle
                0x20000760       0x18 ./System/SCI.o
                0x20000760                SCI_TX_buf_handle
 .bss.SCI_TX_buffer
                0x20000778      0x200 ./System/SCI.o
                0x20000778                SCI_TX_buffer
 .bss.SCI_RX_buf_handle
                0x20000978       0x18 ./System/SCI.o
                0x20000978                SCI_RX_buf_handle
 .bss.SCI_RX_buffer
                0x20000990      0x200 ./System/SCI.o
                0x20000990                SCI_RX_buffer
 .bss.SCI       0x20000b90        0x4 ./System/SCI.o
                0x20000b90                SCI
 .bss.joy_btn_buf_handle
                0x20000b94       0x18 ./System/joystick.o
                0x20000b94                joy_btn_buf_handle
 .bss.joy_btn_buffer
                0x20000bac       0x10 ./System/joystick.o
                0x20000bac                joy_btn_buffer
 .bss.joystick  0x20000bbc       0x24 ./System/joystick.o
                0x20000bbc                joystick
 .bss.kbd_buf_handle
                0x20000be0       0x18 ./System/kbd.o
                0x20000be0                kbd_buf_handle
 .bss.kbd_buffer
                0x20000bf8       0x20 ./System/kbd.o
                0x20000bf8                kbd_buffer
 .bss.keyboard  0x20000c18       0x48 ./System/kbd.o
                0x20000c18                keyboard
 .bss.gui       0x20000c60       0x8c ./System/lcd.o
                0x20000c60                gui
 .bss.LCD_backlight
                0x20000cec       0x14 ./System/lcd_backlight.o
                0x20000cec                LCD_backlight
 .bss.LCD       0x20000d00        0xc ./System/lcd_ili9341.o
 .bss.periodic_services
                0x20000d0c        0x4 ./System/periodic_services.o
                0x20000d0c                periodic_services
 .bss.gui       0x20000d10        0x4 ./System/ugui.o
 .bss.__malloc_sbrk_start
                0x20000d14        0x4 C:/ST/STM32CubeIDE_1.16.1/STM32CubeIDE/plugins/com.st.stm32cube.ide.mcu.externaltools.gnu-tools-for-stm32.12.3.rel1.win32_1.0.200.202406191623/tools/bin/../lib/gcc/arm-none-eabi/12.3.1/../../../../arm-none-eabi/lib/thumb/v7e-m+fp/hard\libc_nano.a(libc_a-mallocr.o)
                0x20000d14                __malloc_sbrk_start
 .bss.__malloc_free_list
                0x20000d18        0x4 C:/ST/STM32CubeIDE_1.16.1/STM32CubeIDE/plugins/com.st.stm32cube.ide.mcu.externaltools.gnu-tools-for-stm32.12.3.rel1.win32_1.0.200.202406191623/tools/bin/../lib/gcc/arm-none-eabi/12.3.1/../../../../arm-none-eabi/lib/thumb/v7e-m+fp/hard\libc_nano.a(libc_a-mallocr.o)
                0x20000d18                __malloc_free_list
 .bss.__sf      0x20000d1c      0x138 C:/ST/STM32CubeIDE_1.16.1/STM32CubeIDE/plugins/com.st.stm32cube.ide.mcu.externaltools.gnu-tools-for-stm32.12.3.rel1.win32_1.0.200.202406191623/tools/bin/../lib/gcc/arm-none-eabi/12.3.1/../../../../arm-none-eabi/lib/thumb/v7e-m+fp/hard\libc_nano.a(libc_a-findfp.o)
                0x20000d1c                __sf
 .bss.__stdio_exit_handler
                0x20000e54        0x4 C:/ST/STM32CubeIDE_1.16.1/STM32CubeIDE/plugins/com.st.stm32cube.ide.mcu.externaltools.gnu-tools-for-stm32.12.3.rel1.win32_1.0.200.202406191623/tools/bin/../lib/gcc/arm-none-eabi/12.3.1/../../../../arm-none-eabi/lib/thumb/v7e-m+fp/hard\libc_nano.a(libc_a-findfp.o)
                0x20000e54                __stdio_exit_handler
 .bss.errno     0x20000e58        0x4 C:/ST/STM32CubeIDE_1.16.1/STM32CubeIDE/plugins/com.st.stm32cube.ide.mcu.externaltools.gnu-tools-for-stm32.12.3.rel1.win32_1.0.200.202406191623/tools/bin/../lib/gcc/arm-none-eabi/12.3.1/../../../../arm-none-eabi/lib/thumb/v7e-m+fp/hard\libc_nano.a(libc_a-reent.o)
                0x20000e58                errno
 .bss.__lock___malloc_recursive_mutex
                0x20000e5c        0x1 C:/ST/STM32CubeIDE_1.16.1/STM32CubeIDE/plugins/com.st.stm32cube.ide.mcu.externaltools.gnu-tools-for-stm32.12.3.rel1.win32_1.0.200.202406191623/tools/bin/../lib/gcc/arm-none-eabi/12.3.1/../../../../arm-none-eabi/lib/thumb/v7e-m+fp/hard\libc_nano.a(libc_a-lock.o)
                0x20000e5c                __lock___malloc_recursive_mutex
 .bss.__lock___sfp_recursive_mutex
                0x20000e5d        0x1 C:/ST/STM32CubeIDE_1.16.1/STM32CubeIDE/plugins/com.st.stm32cube.ide.mcu.externaltools.gnu-tools-for-stm32.12.3.rel1.win32_1.0.200.202406191623/tools/bin/../lib/gcc/arm-none-eabi/12.3.1/../../../../arm-none-eabi/lib/thumb/v7e-m+fp/hard\libc_nano.a(libc_a-lock.o)
                0x20000e5d                __lock___sfp_recursive_mutex
 *(COMMON)
                0x20000e60                        . = ALIGN (0x4)
 *fill*         0x20000e5e        0x2 
                0x20000e60                        _ebss = .
                0x20000e60                        __bss_end__ = _ebss

._user_heap_stack
                0x20000e60      0x600 load address 0x0805936c
                0x20000e60                        . = ALIGN (0x8)
                [!provide]                        PROVIDE (end = .)
                0x20000e60                        PROVIDE (_end = .)
                0x20001060                        . = (. + _Min_Heap_Size)
 *fill*         0x20000e60      0x200 
                0x20001460                        . = (. + _Min_Stack_Size)
 *fill*         0x20001060      0x400 
                0x20001460                        . = ALIGN (0x8)

/DISCARD/
 libc.a(*)
 libm.a(*)
 libgcc.a(*)

.ARM.attributes
                0x00000000       0x30
 *(.ARM.attributes)
 .ARM.attributes
                0x00000000       0x22 C:/ST/STM32CubeIDE_1.16.1/STM32CubeIDE/plugins/com.st.stm32cube.ide.mcu.externaltools.gnu-tools-for-stm32.12.3.rel1.win32_1.0.200.202406191623/tools/bin/../lib/gcc/arm-none-eabi/12.3.1/thumb/v7e-m+fp/hard/crti.o
 .ARM.attributes
                0x00000022       0x34 C:/ST/STM32CubeIDE_1.16.1/STM32CubeIDE/plugins/com.st.stm32cube.ide.mcu.externaltools.gnu-tools-for-stm32.12.3.rel1.win32_1.0.200.202406191623/tools/bin/../lib/gcc/arm-none-eabi/12.3.1/thumb/v7e-m+fp/hard/crtbegin.o
 .ARM.attributes
                0x00000056       0x30 ./Application/game.o
 .ARM.attributes
                0x00000086       0x30 ./Application/graphics.o
 .ARM.attributes
                0x000000b6       0x30 ./Application/math_utils.o
 .ARM.attributes
                0x000000e6       0x30 ./Application/objects.o
 .ARM.attributes
                0x00000116       0x30 ./Core/Src/main.o
 .ARM.attributes
                0x00000146       0x30 ./Core/Src/stm32g4xx_hal_msp.o
 .ARM.attributes
                0x00000176       0x30 ./Core/Src/stm32g4xx_it.o
 .ARM.attributes
                0x000001a6       0x30 ./Core/Src/syscalls.o
 .ARM.attributes
                0x000001d6       0x30 ./Core/Src/sysmem.o
 .ARM.attributes
                0x00000206       0x30 ./Core/Src/system_stm32g4xx.o
 .ARM.attributes
                0x00000236       0x21 ./Core/Startup/startup_stm32g474qetx.o
 .ARM.attributes
                0x00000257       0x30 ./Drivers/STM32G4xx_HAL_Driver/Src/stm32g4xx_hal.o
 .ARM.attributes
                0x00000287       0x30 ./Drivers/STM32G4xx_HAL_Driver/Src/stm32g4xx_hal_adc.o
 .ARM.attributes
                0x000002b7       0x30 ./Drivers/STM32G4xx_HAL_Driver/Src/stm32g4xx_hal_adc_ex.o
 .ARM.attributes
                0x000002e7       0x30 ./Drivers/STM32G4xx_HAL_Driver/Src/stm32g4xx_hal_cortex.o
 .ARM.attributes
                0x00000317       0x30 ./Drivers/STM32G4xx_HAL_Driver/Src/stm32g4xx_hal_dma.o
 .ARM.attributes
                0x00000347       0x30 ./Drivers/STM32G4xx_HAL_Driver/Src/stm32g4xx_hal_gpio.o
 .ARM.attributes
                0x00000377       0x30 ./Drivers/STM32G4xx_HAL_Driver/Src/stm32g4xx_hal_pwr_ex.o
 .ARM.attributes
                0x000003a7       0x30 ./Drivers/STM32G4xx_HAL_Driver/Src/stm32g4xx_hal_rcc.o
 .ARM.attributes
                0x000003d7       0x30 ./Drivers/STM32G4xx_HAL_Driver/Src/stm32g4xx_hal_rcc_ex.o
 .ARM.attributes
                0x00000407       0x30 ./Drivers/STM32G4xx_HAL_Driver/Src/stm32g4xx_hal_spi.o
 .ARM.attributes
                0x00000437       0x30 ./Drivers/STM32G4xx_HAL_Driver/Src/stm32g4xx_hal_sram.o
 .ARM.attributes
                0x00000467       0x30 ./Drivers/STM32G4xx_HAL_Driver/Src/stm32g4xx_hal_tim.o
 .ARM.attributes
                0x00000497       0x30 ./Drivers/STM32G4xx_HAL_Driver/Src/stm32g4xx_hal_tim_ex.o
 .ARM.attributes
                0x000004c7       0x30 ./Drivers/STM32G4xx_HAL_Driver/Src/stm32g4xx_ll_fmc.o
 .ARM.attributes
                0x000004f7       0x30 ./Drivers/STM32G4xx_HAL_Driver/Src/stm32g4xx_ll_gpio.o
 .ARM.attributes
                0x00000527       0x30 ./Drivers/STM32G4xx_HAL_Driver/Src/stm32g4xx_ll_rcc.o
 .ARM.attributes
                0x00000557       0x30 ./Drivers/STM32G4xx_HAL_Driver/Src/stm32g4xx_ll_tim.o
 .ARM.attributes
                0x00000587       0x30 ./Drivers/STM32G4xx_HAL_Driver/Src/stm32g4xx_ll_usart.o
 .ARM.attributes
                0x000005b7       0x30 ./System/LED.o
 .ARM.attributes
                0x000005e7       0x30 ./System/SCI.o
 .ARM.attributes
                0x00000617       0x30 ./System/buf.o
 .ARM.attributes
                0x00000647       0x30 ./System/joystick.o
 .ARM.attributes
                0x00000677       0x30 ./System/kbd.o
 .ARM.attributes
                0x000006a7       0x30 ./System/lcd.o
 .ARM.attributes
                0x000006d7       0x30 ./System/lcd_backlight.o
 .ARM.attributes
                0x00000707       0x30 ./System/lcd_ili9341.o
 .ARM.attributes
                0x00000737       0x30 ./System/periodic_services.o
 .ARM.attributes
                0x00000767       0x30 ./System/timing_utils.o
 .ARM.attributes
                0x00000797       0x30 ./System/ugui.o
 .ARM.attributes
                0x000007c7       0x34 C:/ST/STM32CubeIDE_1.16.1/STM32CubeIDE/plugins/com.st.stm32cube.ide.mcu.externaltools.gnu-tools-for-stm32.12.3.rel1.win32_1.0.200.202406191623/tools/bin/../lib/gcc/arm-none-eabi/12.3.1/../../../../arm-none-eabi/lib/thumb/v7e-m+fp/hard\libc_nano.a(libc_a-malloc.o)
 .ARM.attributes
                0x000007fb       0x34 C:/ST/STM32CubeIDE_1.16.1/STM32CubeIDE/plugins/com.st.stm32cube.ide.mcu.externaltools.gnu-tools-for-stm32.12.3.rel1.win32_1.0.200.202406191623/tools/bin/../lib/gcc/arm-none-eabi/12.3.1/../../../../arm-none-eabi/lib/thumb/v7e-m+fp/hard\libc_nano.a(libc_a-mallocr.o)
 .ARM.attributes
                0x0000082f       0x34 C:/ST/STM32CubeIDE_1.16.1/STM32CubeIDE/plugins/com.st.stm32cube.ide.mcu.externaltools.gnu-tools-for-stm32.12.3.rel1.win32_1.0.200.202406191623/tools/bin/../lib/gcc/arm-none-eabi/12.3.1/../../../../arm-none-eabi/lib/thumb/v7e-m+fp/hard\libc_nano.a(libc_a-mlock.o)
 .ARM.attributes
                0x00000863       0x34 C:/ST/STM32CubeIDE_1.16.1/STM32CubeIDE/plugins/com.st.stm32cube.ide.mcu.externaltools.gnu-tools-for-stm32.12.3.rel1.win32_1.0.200.202406191623/tools/bin/../lib/gcc/arm-none-eabi/12.3.1/../../../../arm-none-eabi/lib/thumb/v7e-m+fp/hard\libc_nano.a(libc_a-rand.o)
 .ARM.attributes
                0x00000897       0x34 C:/ST/STM32CubeIDE_1.16.1/STM32CubeIDE/plugins/com.st.stm32cube.ide.mcu.externaltools.gnu-tools-for-stm32.12.3.rel1.win32_1.0.200.202406191623/tools/bin/../lib/gcc/arm-none-eabi/12.3.1/../../../../arm-none-eabi/lib/thumb/v7e-m+fp/hard\libc_nano.a(libc_a-findfp.o)
 .ARM.attributes
                0x000008cb       0x34 C:/ST/STM32CubeIDE_1.16.1/STM32CubeIDE/plugins/com.st.stm32cube.ide.mcu.externaltools.gnu-tools-for-stm32.12.3.rel1.win32_1.0.200.202406191623/tools/bin/../lib/gcc/arm-none-eabi/12.3.1/../../../../arm-none-eabi/lib/thumb/v7e-m+fp/hard\libc_nano.a(libc_a-fwalk.o)
 .ARM.attributes
                0x000008ff       0x34 C:/ST/STM32CubeIDE_1.16.1/STM32CubeIDE/plugins/com.st.stm32cube.ide.mcu.externaltools.gnu-tools-for-stm32.12.3.rel1.win32_1.0.200.202406191623/tools/bin/../lib/gcc/arm-none-eabi/12.3.1/../../../../arm-none-eabi/lib/thumb/v7e-m+fp/hard\libc_nano.a(libc_a-printf.o)
 .ARM.attributes
                0x00000933       0x34 C:/ST/STM32CubeIDE_1.16.1/STM32CubeIDE/plugins/com.st.stm32cube.ide.mcu.externaltools.gnu-tools-for-stm32.12.3.rel1.win32_1.0.200.202406191623/tools/bin/../lib/gcc/arm-none-eabi/12.3.1/../../../../arm-none-eabi/lib/thumb/v7e-m+fp/hard\libc_nano.a(libc_a-puts.o)
 .ARM.attributes
                0x00000967       0x34 C:/ST/STM32CubeIDE_1.16.1/STM32CubeIDE/plugins/com.st.stm32cube.ide.mcu.externaltools.gnu-tools-for-stm32.12.3.rel1.win32_1.0.200.202406191623/tools/bin/../lib/gcc/arm-none-eabi/12.3.1/../../../../arm-none-eabi/lib/thumb/v7e-m+fp/hard\libc_nano.a(libc_a-setvbuf.o)
 .ARM.attributes
                0x0000099b       0x34 C:/ST/STM32CubeIDE_1.16.1/STM32CubeIDE/plugins/com.st.stm32cube.ide.mcu.externaltools.gnu-tools-for-stm32.12.3.rel1.win32_1.0.200.202406191623/tools/bin/../lib/gcc/arm-none-eabi/12.3.1/../../../../arm-none-eabi/lib/thumb/v7e-m+fp/hard\libc_nano.a(libc_a-sprintf.o)
 .ARM.attributes
                0x000009cf       0x34 C:/ST/STM32CubeIDE_1.16.1/STM32CubeIDE/plugins/com.st.stm32cube.ide.mcu.externaltools.gnu-tools-for-stm32.12.3.rel1.win32_1.0.200.202406191623/tools/bin/../lib/gcc/arm-none-eabi/12.3.1/../../../../arm-none-eabi/lib/thumb/v7e-m+fp/hard\libc_nano.a(libc_a-stdio.o)
 .ARM.attributes
                0x00000a03       0x34 C:/ST/STM32CubeIDE_1.16.1/STM32CubeIDE/plugins/com.st.stm32cube.ide.mcu.externaltools.gnu-tools-for-stm32.12.3.rel1.win32_1.0.200.202406191623/tools/bin/../lib/gcc/arm-none-eabi/12.3.1/../../../../arm-none-eabi/lib/thumb/v7e-m+fp/hard\libc_nano.a(libc_a-wbuf.o)
 .ARM.attributes
                0x00000a37       0x34 C:/ST/STM32CubeIDE_1.16.1/STM32CubeIDE/plugins/com.st.stm32cube.ide.mcu.externaltools.gnu-tools-for-stm32.12.3.rel1.win32_1.0.200.202406191623/tools/bin/../lib/gcc/arm-none-eabi/12.3.1/../../../../arm-none-eabi/lib/thumb/v7e-m+fp/hard\libc_nano.a(libc_a-wsetup.o)
 .ARM.attributes
                0x00000a6b       0x34 C:/ST/STM32CubeIDE_1.16.1/STM32CubeIDE/plugins/com.st.stm32cube.ide.mcu.externaltools.gnu-tools-for-stm32.12.3.rel1.win32_1.0.200.202406191623/tools/bin/../lib/gcc/arm-none-eabi/12.3.1/../../../../arm-none-eabi/lib/thumb/v7e-m+fp/hard\libc_nano.a(libc_a-memset.o)
 .ARM.attributes
                0x00000a9f       0x34 C:/ST/STM32CubeIDE_1.16.1/STM32CubeIDE/plugins/com.st.stm32cube.ide.mcu.externaltools.gnu-tools-for-stm32.12.3.rel1.win32_1.0.200.202406191623/tools/bin/../lib/gcc/arm-none-eabi/12.3.1/../../../../arm-none-eabi/lib/thumb/v7e-m+fp/hard\libc_nano.a(libc_a-closer.o)
 .ARM.attributes
                0x00000ad3       0x34 C:/ST/STM32CubeIDE_1.16.1/STM32CubeIDE/plugins/com.st.stm32cube.ide.mcu.externaltools.gnu-tools-for-stm32.12.3.rel1.win32_1.0.200.202406191623/tools/bin/../lib/gcc/arm-none-eabi/12.3.1/../../../../arm-none-eabi/lib/thumb/v7e-m+fp/hard\libc_nano.a(libc_a-reent.o)
 .ARM.attributes
                0x00000b07       0x34 C:/ST/STM32CubeIDE_1.16.1/STM32CubeIDE/plugins/com.st.stm32cube.ide.mcu.externaltools.gnu-tools-for-stm32.12.3.rel1.win32_1.0.200.202406191623/tools/bin/../lib/gcc/arm-none-eabi/12.3.1/../../../../arm-none-eabi/lib/thumb/v7e-m+fp/hard\libc_nano.a(libc_a-impure.o)
 .ARM.attributes
                0x00000b3b       0x34 C:/ST/STM32CubeIDE_1.16.1/STM32CubeIDE/plugins/com.st.stm32cube.ide.mcu.externaltools.gnu-tools-for-stm32.12.3.rel1.win32_1.0.200.202406191623/tools/bin/../lib/gcc/arm-none-eabi/12.3.1/../../../../arm-none-eabi/lib/thumb/v7e-m+fp/hard\libc_nano.a(libc_a-lseekr.o)
 .ARM.attributes