../Application/game.c:114:9:Intro	48	static
../Application/game.c:171:6:GamePlay_UpdateChanges	8	static
../Application/game.c:400:9:GameOver	16	static
../Application/game.c:480:6:Flash_Write_UInt16	16	static
../Application/game.c:493:10:Flash_Read_UInt16	0	static
../Application/game.c:498:6:Update_High_Scores	48	static
../Application/game.c:207:9:GamePlay	48	static
../Application/game.c:82:6:Game	8	static
../Application/game.c:545:11:Get_High_Scores	0	static
../Application/game.c:555:6:Init_High_Scores	40	static
