../Application/graphics.c:87:6:GFX_display_image_array	16	static
../Application/graphics.c:95:6:GFX_display_image_object	8	static
../Application/graphics.c:104:10:GFX_get_image_pixel	0	static
../Application/graphics.c:129:6:GFX_get_image_part	36	static
../Application/graphics.c:163:11:GFX_allocate_image_buffer	0	static
../Application/graphics.c:169:6:GFX_deallocate_image_buffer	0	static
../Application/graphics.c:188:6:GFX_draw_gfx_object	8	static
../Application/graphics.c:197:6:GFX_draw_gfx_object_via_DMA	8	static
../Application/graphics.c:205:6:GFX_save_gfx_object_location	0	static
../Application/graphics.c:220:6:GFX_restore_gfx_object_old_location	0	static
../Application/graphics.c:237:6:GFX_init_location_restrictions	40	static
../Application/graphics.c:268:9:GFX_is_point_inside_location	0	static
../Application/graphics.c:284:9:GFX_is_location_inside_object_restrictions	0	static
../Application/graphics.c:305:9:GFX_init_gfx_object_location	12	static
../Application/graphics.c:324:9:GFX_set_gfx_object_center_location	8	static
../Application/graphics.c:355:9:GFX_move_gfx_object	4	static
../Application/graphics.c:369:9:GFX_move_gfx_object_center	4	static
../Application/graphics.c:390:9:GFX_set_gfx_object_location	16	static
../Application/graphics.c:427:6:GFX_set_gfx_object_velocity	0	static
../Application/graphics.c:434:6:GFX_move_location	20	static
../Application/graphics.c:519:9:GFX_bounce_moving_object_from_edge	20	static
../Application/graphics.c:448:9:GFX_update_moving_gfx_object_location	8	static
../Application/graphics.c:608:9:GFX_init_gfx_object_center_location	8	static
../Application/graphics.c:627:6:GFX_get_object_movement_area	8	static
../Application/graphics.c:647:6:GFX_absolute_coordinates_to_object_coordinates	0	static
../Application/graphics.c:659:9:GFX_are_locations_overlapping	0	static
../Application/graphics.c:678:9:GFX_are_gfx_objects_overlapping	0	static
../Application/graphics.c:688:6:GFX_allocate_partial_frame_buffer_for_display_area	16	static
../Application/graphics.c:714:6:GFX_copy_image_part_to_partial_frame_buffer	36	static
../Application/graphics.c:722:6:GFX_partial_frame_buffer_overlay_object	36	static
../Application/graphics.c:766:6:GFX_deallocate_partial_frame_buffer	0	static
../Application/graphics.c:1033:6:GFX_clear_area_on_background	72	static
../Application/graphics.c:780:6:GFX_draw_one_gfx_object_on_background	32	static
../Application/graphics.c:897:6:GFX_draw_two_gfx_objects_on_background	56	static
../Application/graphics.c:994:6:GFX_draw_two_gfx_objects_on_background_via_DMA	56	static
../Application/graphics.c:865:6:GFX_draw_one_gfx_object_on_background_via_DMA	32	static
../Application/graphics.c:1070:6:GFX_clear_location_on_background	16	static
../Application/graphics.c:1079:6:GFX_clear_gfx_object_on_background	72	static
../Application/graphics.c:1122:6:GFX_update_two_gfx_objects_on_background	16	static
../Application/graphics.c:1139:6:GFX_display_text_object	8	static
../Application/graphics.c:1152:6:GFX_display_progress_bar	16	static
