../Application/objects.c:116:6:OBJ_init	24	static
../Application/objects.c:141:6:OBJ_init_settings	0	static
../Application/objects.c:159:6:OBJ_init_game_status	0	static
../Application/objects.c:166:6:OBJ_init_canvas	8	static
../Application/objects.c:209:6:OBJ_init_background	8	static
../Application/objects.c:244:6:OBJ_init_small_sprite_object	16	static
../Application/objects.c:260:6:OBJ_init_big_sprite	16	static
../Application/objects.c:278:6:OBJ_init_high_score_sprite_large	16	static
../Application/objects.c:300:6:OBJ_init_misko	8	static
../Application/objects.c:324:6:OBJ_init_obstacle_top	8	static
../Application/objects.c:346:6:OBJ_init_obstacle_bottom	8	static
../Application/objects.c:370:6:OBJ_init_obstacle_pair	24	static
../Application/objects.c:393:5:randomgenerator	0	static
../Application/objects.c:404:6:OBJ_spawn_obstacles	16	static
../Application/objects.c:429:6:OBJ_init_score_box_title	4	static
../Application/objects.c:446:6:OBJ_set_score_text_value	8	static
../Application/objects.c:456:6:OBJ_init_score_text	16	static
../Application/objects.c:471:6:OBJ_init_finger_or_click_text	8	static
../Application/objects.c:487:6:OBJ_init_null_text	8	static
../Application/objects.c:502:6:OBJ_init_x_text	8	static
../Application/objects.c:518:6:OBJ_init_flappy_misko_text	8	static
../Application/objects.c:533:6:OBJ_init_loading_text	8	static
../Application/objects.c:547:6:OBJ_init_text_small	8	static
../Application/objects.c:560:6:OBJ_init_text_big	8	static
../Application/objects.c:573:6:OBJ_init_text_tiny	8	static
