../Application/objects.c:103:6:OBJ_init	32	static
../Application/objects.c:131:6:OBJ_init_settings	0	static
../Application/objects.c:149:6:OBJ_init_game_status	0	static
../Application/objects.c:156:6:OBJ_init_canvas	8	static
../Application/objects.c:199:6:OBJ_init_background	8	static
../Application/objects.c:231:6:OBJ_init_intro_sprite	8	static
../Application/objects.c:258:6:OBJ_init_game_over_sprite	8	static
../Application/objects.c:284:6:OBJ_init_small_sprite_object	16	static
../Application/objects.c:300:6:OBJ_init_big_sprite	16	static
../Application/objects.c:319:6:OBJ_init_press_ok_sprite	8	static
../Application/objects.c:342:6:OBJ_init_misko	8	static
../Application/objects.c:366:6:OBJ_init_obstacle_top	8	static
../Application/objects.c:388:6:OBJ_init_obstacle_bottom	8	static
../Application/objects.c:412:6:OBJ_init_obstacle_pair	24	static
../Application/objects.c:435:5:randomgenerator	0	static
../Application/objects.c:446:6:OBJ_spawn_obstacles	16	static
../Application/objects.c:471:6:OBJ_init_score_box_title	4	static
../Application/objects.c:488:6:OBJ_set_score_text_value	8	static
../Application/objects.c:498:6:OBJ_init_score_text	16	static
../Application/objects.c:513:6:OBJ_init_finger_or_click_text	8	static
../Application/objects.c:529:6:OBJ_init_null_text	8	static
../Application/objects.c:544:6:OBJ_init_x_text	8	static
../Application/objects.c:560:6:OBJ_init_flappy_misko_text	8	static
../Application/objects.c:575:6:OBJ_init_loading_text	8	static
../Application/objects.c:589:6:OBJ_init_text_small	8	static
