../Application/objects.c:92:6:OBJ_init	32	static
../Application/objects.c:120:6:OBJ_init_settings	0	static
../Application/objects.c:138:6:OBJ_init_game_status	0	static
../Application/objects.c:145:6:OBJ_init_canvas	8	static
../Application/objects.c:188:6:OBJ_init_background	8	static
../Application/objects.c:220:6:OBJ_init_intro_sprite	8	static
../Application/objects.c:247:6:OBJ_init_game_over_sprite	8	static
../Application/objects.c:332:6:OBJ_init_press_ok_sprite	8	static
../Application/objects.c:357:6:OBJ_init_misko	8	static
../Application/objects.c:381:6:OBJ_init_obstacle_top	8	static
../Application/objects.c:403:6:OBJ_init_obstacle_bottom	8	static
../Application/objects.c:427:6:OBJ_init_obstacle_pair	24	static
../Application/objects.c:451:5:randomgenerator	0	static
../Application/objects.c:462:6:OBJ_spawn_obstacles	16	static
../Application/objects.c:487:6:OBJ_init_score_box_title	4	static
../Application/objects.c:504:6:OBJ_set_score_text_value	8	static
../Application/objects.c:514:6:OBJ_init_score_text	16	static
