../Application/objects.c:112:6:OBJ_init	32	static
../Application/objects.c:139:6:OBJ_init_settings	0	static
../Application/objects.c:157:6:OBJ_init_game_status	0	static
../Application/objects.c:164:6:OBJ_init_canvas	8	static
../Application/objects.c:207:6:OBJ_init_background	8	static
../Application/objects.c:239:6:OBJ_init_intro_sprite	8	static
../Application/objects.c:265:6:OBJ_init_small_sprite_object	16	static
../Application/objects.c:281:6:OBJ_init_big_sprite	16	static
../Application/objects.c:300:6:OBJ_init_press_ok_sprite	8	static
../Application/objects.c:323:6:OBJ_init_high_score_sprite_large	16	static
../Application/objects.c:345:6:OBJ_init_misko	8	static
../Application/objects.c:369:6:OBJ_init_obstacle_top	8	static
../Application/objects.c:391:6:OBJ_init_obstacle_bottom	8	static
../Application/objects.c:415:6:OBJ_init_obstacle_pair	24	static
../Application/objects.c:438:5:randomgenerator	0	static
../Application/objects.c:449:6:OBJ_spawn_obstacles	16	static
../Application/objects.c:474:6:OBJ_init_score_box_title	4	static
../Application/objects.c:491:6:OBJ_set_score_text_value	8	static
../Application/objects.c:501:6:OBJ_init_score_text	16	static
../Application/objects.c:516:6:OBJ_init_finger_or_click_text	8	static
../Application/objects.c:532:6:OBJ_init_null_text	8	static
../Application/objects.c:547:6:OBJ_init_x_text	8	static
../Application/objects.c:563:6:OBJ_init_flappy_misko_text	8	static
../Application/objects.c:578:6:OBJ_init_loading_text	8	static
../Application/objects.c:592:6:OBJ_init_text_small	8	static
../Application/objects.c:605:6:OBJ_init_text_big	8	static
../Application/objects.c:618:6:OBJ_init_text_tiny	8	static
