../Application/objects.c:116:6:OBJ_init	32	static
../Application/objects.c:143:6:OBJ_init_settings	0	static
../Application/objects.c:161:6:OBJ_init_game_status	0	static
../Application/objects.c:168:6:OBJ_init_canvas	8	static
../Application/objects.c:211:6:OBJ_init_background	8	static
../Application/objects.c:243:6:OBJ_init_intro_sprite	8	static
../Application/objects.c:269:6:OBJ_init_small_sprite_object	16	static
../Application/objects.c:285:6:OBJ_init_big_sprite	16	static
../Application/objects.c:304:6:OBJ_init_press_ok_sprite	8	static
../Application/objects.c:327:6:OBJ_init_high_score_sprite_large	16	static
../Application/objects.c:349:6:OBJ_init_misko	8	static
../Application/objects.c:373:6:OBJ_init_obstacle_top	8	static
../Application/objects.c:395:6:OBJ_init_obstacle_bottom	8	static
../Application/objects.c:419:6:OBJ_init_obstacle_pair	24	static
../Application/objects.c:442:5:randomgenerator	0	static
../Application/objects.c:453:6:OBJ_spawn_obstacles	16	static
../Application/objects.c:478:6:OBJ_init_score_box_title	4	static
../Application/objects.c:495:6:OBJ_set_score_text_value	8	static
../Application/objects.c:505:6:OBJ_init_score_text	16	static
../Application/objects.c:520:6:OBJ_init_finger_or_click_text	8	static
../Application/objects.c:536:6:OBJ_init_null_text	8	static
../Application/objects.c:551:6:OBJ_init_x_text	8	static
../Application/objects.c:567:6:OBJ_init_flappy_misko_text	8	static
../Application/objects.c:582:6:OBJ_init_loading_text	8	static
../Application/objects.c:596:6:OBJ_init_text_small	8	static
../Application/objects.c:609:6:OBJ_init_text_big	8	static
../Application/objects.c:622:6:OBJ_init_text_tiny	8	static
