../Application/objects.c:90:6:OBJ_init	32	static
../Application/objects.c:118:6:OBJ_init_settings	0	static
../Application/objects.c:136:6:OBJ_init_game_status	0	static
../Application/objects.c:143:6:OBJ_init_canvas	8	static
../Application/objects.c:186:6:OBJ_init_background	8	static
../Application/objects.c:218:6:OBJ_init_intro_sprite	8	static
../Application/objects.c:245:6:OBJ_init_game_over_sprite	8	static
../Application/objects.c:330:6:OBJ_init_press_ok_sprite	8	static
../Application/objects.c:355:6:OBJ_init_misko	8	static
../Application/objects.c:379:6:OBJ_init_obstacle_top	8	static
../Application/objects.c:401:6:OBJ_init_obstacle_bottom	8	static
../Application/objects.c:425:6:OBJ_init_obstacle_pair	24	static
../Application/objects.c:449:5:randomgenerator	0	static
../Application/objects.c:460:6:OBJ_spawn_obstacles	16	static
../Application/objects.c:485:6:OBJ_init_score_box_title	4	static
../Application/objects.c:502:6:OBJ_set_score_text_value	8	static
../Application/objects.c:512:6:OBJ_init_score_text	16	static
