../Core/Src/stm32g4xx_it.c:87:6:NMI_Handler	0	static
../Core/Src/stm32g4xx_it.c:102:6:HardFault_Handler	0	static
../Core/Src/stm32g4xx_it.c:117:6:MemManage_Handler	0	static
../Core/Src/stm32g4xx_it.c:132:6:BusFault_Handler	0	static
../Core/Src/stm32g4xx_it.c:147:6:UsageFault_Handler	0	static
../Core/Src/stm32g4xx_it.c:162:6:SVC_Handler	0	static
../Core/Src/stm32g4xx_it.c:175:6:DebugMon_Handler	0	static
../Core/Src/stm32g4xx_it.c:188:6:PendSV_Handler	0	static
../Core/Src/stm32g4xx_it.c:201:6:SysTick_Handler	0	static
../Core/Src/stm32g4xx_it.c:222:6:DMA1_Channel1_IRQHandler	0	static
../Core/Src/stm32g4xx_it.c:236:6:DMA1_Channel2_IRQHandler	0	static
../Core/Src/stm32g4xx_it.c:250:6:USART3_IRQHandler	8	static
../Core/Src/stm32g4xx_it.c:320:6:TIM6_DAC_IRQHandler	8	static
