../System/lcd_ili9341.c:65:6:ILI9341_SetAddress	0	static,ignoring_inline_asm
../System/lcd_ili9341.c:76:6:ILI9341_SendData	4	static,ignoring_inline_asm
../System/lcd_ili9341.c:89:6:ILI9341_SendRepeatedData	0	static,ignoring_inline_asm
../System/lcd_ili9341.c:103:9:ILI9341_SendDataDMA	8	static
../System/lcd_ili9341.c:133:6:ILI9341_RecvData	4	static,ignoring_inline_asm
../System/lcd_ili9341.c:145:6:ILI9341_SetOrientation	0	static,ignoring_inline_asm
../System/lcd_ili9341.c:176:6:ILI9341_SetDisplayWindow	24	static,ignoring_inline_asm
../System/lcd_ili9341.c:210:6:ILI9341_Init	16	static,ignoring_inline_asm
../System/lcd_ili9341.c:260:6:ILI9341_WaitTransfer	0	static
../System/lcd_ili9341.c:268:6:ILI9341_DisplayOn	0	static,ignoring_inline_asm
../System/lcd_ili9341.c:275:6:ILI9341_DisplayOff	0	static,ignoring_inline_asm
../System/lcd_ili9341.c:282:6:ILI9341_InvertDisplay	0	static,ignoring_inline_asm
../System/lcd_ili9341.c:291:6:ILI9341_SetSleep	0	static,ignoring_inline_asm
../System/lcd_ili9341.c:304:6:ILI9341_SetScrollArea	16	static,ignoring_inline_asm
../System/lcd_ili9341.c:327:6:ILI9341_ScrollScreen	0	static,ignoring_inline_asm
../System/lcd_ili9341.c:353:10:ILI9341_GetParam	0	static
