../System/SCI.c:24:6:SCI_init	16	static,ignoring_inline_asm
../System/SCI.c:36:6:SCI_send_char	0	static
../System/SCI.c:46:6:SCI_send_byte	0	static
../System/SCI.c:55:6:SCI_send_string	0	static
../System/SCI.c:65:6:SCI_send_bytes	0	static
../System/SCI.c:73:9:SCI_is_data_waiting	0	static
../System/SCI.c:78:18:SCI_read_char	0	static
../System/SCI.c:91:18:SCI_read_byte	0	static
../System/SCI.c:106:5:_write	4	static
../System/SCI.c:113:6:SCI_demo_Hello_world	0	static
../System/SCI.c:118:6:SCI_demo_Hello_world_printf	16	static
../System/SCI.c:127:6:SCI_demo_echo_with_polling	8	static
../System/SCI.c:152:6:SCI_send_string_IT	24	static,ignoring_inline_asm
../System/SCI.c:174:6:SCI_send_bytes_IT	24	static,ignoring_inline_asm
../System/SCI.c:195:6:SCI_receive_char_Callback	0	static
../System/SCI.c:202:6:SCI_transmit_char_Callback	16	static,ignoring_inline_asm
../System/SCI.c:221:6:SCI_demo_receive_with_interrupts	16	static
../System/SCI.c:235:6:SCI_demo_transmit_with_interrupts	112	static
../System/SCI.c:246:6:SCI_demo_echo_with_interrupts	536	static
