../Application/graphics.c:13:6:GFX_display_image_array	16	static
../Application/graphics.c:18:6:GFX_display_image_object	8	static
../Application/graphics.c:23:10:GFX_get_image_pixel	0	static
../Application/graphics.c:39:6:GFX_get_image_part	36	static
../Application/graphics.c:56:11:GFX_allocate_image_buffer	0	static
../Application/graphics.c:60:6:GFX_deallocate_image_buffer	0	static
../Application/graphics.c:66:6:GFX_draw_gfx_object	8	static
../Application/graphics.c:74:6:GFX_draw_gfx_object_via_DMA	8	static
../Application/graphics.c:79:6:GFX_save_gfx_object_location	0	static
../Application/graphics.c:91:6:GFX_restore_gfx_object_old_location	0	static
../Application/graphics.c:103:6:GFX_init_location_restrictions	40	static
../Application/graphics.c:124:9:GFX_is_point_inside_location	0	static
../Application/graphics.c:131:9:GFX_is_location_inside_object_restrictions	0	static
../Application/graphics.c:139:9:GFX_init_gfx_object_location	20	static
../Application/graphics.c:152:9:GFX_set_gfx_object_center_location	8	static
../Application/graphics.c:174:9:GFX_init_gfx_object_center_location	8	static
../Application/graphics.c:186:9:GFX_move_gfx_object	8	static
../Application/graphics.c:191:9:GFX_move_gfx_object_center	4	static
../Application/graphics.c:196:9:GFX_set_gfx_object_location	16	static
../Application/graphics.c:234:6:GFX_set_gfx_object_velocity	0	static
../Application/graphics.c:239:6:GFX_move_location	20	static
../Application/graphics.c:296:9:GFX_bounce_moving_object_from_edge	20	static
../Application/graphics.c:249:9:GFX_update_moving_gfx_object_location	12	static
../Application/graphics.c:343:6:GFX_get_object_movement_area	8	static
../Application/graphics.c:356:6:GFX_absolute_coordinates_to_object_coordinates	0	static
../Application/graphics.c:362:9:GFX_are_locations_overlapping	0	static
../Application/graphics.c:375:9:GFX_are_gfx_objects_overlapping	0	static
../Application/graphics.c:381:6:GFX_allocate_partial_frame_buffer_for_display_area	16	static
../Application/graphics.c:403:6:GFX_copy_image_part_to_partial_frame_buffer	36	static
../Application/graphics.c:408:6:GFX_partial_frame_buffer_overlay_object	36	static
../Application/graphics.c:436:6:GFX_deallocate_partial_frame_buffer	0	static
../Application/graphics.c:548:6:GFX_clear_area_on_background	72	static
../Application/graphics.c:440:6:GFX_draw_one_gfx_object_on_background	32	static
../Application/graphics.c:486:6:GFX_draw_two_gfx_objects_on_background	56	static
../Application/graphics.c:520:6:GFX_draw_two_gfx_objects_on_background_via_DMA	56	static
../Application/graphics.c:466:6:GFX_draw_one_gfx_object_on_background_via_DMA	32	static
../Application/graphics.c:567:6:GFX_clear_location_on_background	16	static
../Application/graphics.c:572:6:GFX_clear_gfx_object_on_background	72	static
../Application/graphics.c:591:6:GFX_update_two_gfx_objects_on_background	32	static
../Application/graphics.c:598:6:GFX_display_text_object	8	static
../Application/graphics.c:608:6:GFX_display_progress_bar	16	static
../Application/graphics.c:614:6:GFX_init_obstacle_pair_location	20	static
../Application/graphics.c:621:6:GFX_set_obstacle_pair_x_axis_velocity	0	static
../Application/graphics.c:627:6:GFX_update_obstacle_pair_location	16	static
../Application/graphics.c:633:6:GFX_draw_obstacle_pair_on_background	16	static
../Application/graphics.c:639:6:GFX_get_obstacle_pair_movement_area	8	static
../Application/graphics.c:645:6:GFX_clear_obstacle_pair_on_background	16	static
