../Application/objects.c:137:6:OBJ_init	24	static
../Application/objects.c:162:6:OBJ_init_settings	0	static
../Application/objects.c:180:6:OBJ_init_game_status	0	static
../Application/objects.c:187:6:OBJ_init_canvas	8	static
../Application/objects.c:230:6:OBJ_init_background	8	static
../Application/objects.c:267:6:OBJ_init_small_sprite_object	16	static
../Application/objects.c:283:6:OBJ_init_big_sprite	16	static
../Application/objects.c:301:6:OBJ_init_high_score_sprite_large	110040	static
../Application/objects.c:335:6:OBJ_init_misko	8	static
../Application/objects.c:426:6:OBJ_init_obstacle_pair	96032	static
../Application/objects.c:468:5:randomgenerator	0	static
../Application/objects.c:479:6:OBJ_spawn_obstacles	8	static
../Application/objects.c:504:6:OBJ_init_score_box_title	4	static
../Application/objects.c:521:6:OBJ_set_score_text_value	8	static
../Application/objects.c:531:6:OBJ_init_score_text	16	static
../Application/objects.c:546:6:OBJ_init_finger_or_click_text	8	static
../Application/objects.c:562:6:OBJ_init_null_text	8	static
../Application/objects.c:577:6:OBJ_init_x_text	8	static
../Application/objects.c:593:6:OBJ_init_flappy_misko_text	8	static
../Application/objects.c:608:6:OBJ_init_loading_text	8	static
../Application/objects.c:622:6:OBJ_init_text_small	8	static
../Application/objects.c:635:6:OBJ_init_text_big	8	static
../Application/objects.c:648:6:OBJ_init_text_tiny	8	static
