../Application/objects.c:130:6:OBJ_init	24	static
../Application/objects.c:155:6:OBJ_init_settings	0	static
../Application/objects.c:173:6:OBJ_init_game_status	0	static
../Application/objects.c:180:6:OBJ_init_canvas	8	static
../Application/objects.c:223:6:OBJ_init_background	8	static
../Application/objects.c:260:6:OBJ_init_small_sprite_object	16	static
../Application/objects.c:276:6:OBJ_init_big_sprite	16	static
../Application/objects.c:294:6:OBJ_init_high_score_sprite_large	16	static
../Application/objects.c:316:6:OBJ_init_misko	8	static
../Application/objects.c:340:6:OBJ_init_obstacle_top	93888	static
../Application/objects.c:372:6:OBJ_init_obstacle_bottom	8	static
../Application/objects.c:396:6:OBJ_init_obstacle_pair	93896	static
../Application/objects.c:428:5:randomgenerator	0	static
../Application/objects.c:439:6:OBJ_spawn_obstacles	8	static
../Application/objects.c:464:6:OBJ_init_score_box_title	4	static
../Application/objects.c:481:6:OBJ_set_score_text_value	8	static
../Application/objects.c:491:6:OBJ_init_score_text	16	static
../Application/objects.c:506:6:OBJ_init_finger_or_click_text	8	static
../Application/objects.c:522:6:OBJ_init_null_text	8	static
../Application/objects.c:537:6:OBJ_init_x_text	8	static
../Application/objects.c:553:6:OBJ_init_flappy_misko_text	8	static
../Application/objects.c:568:6:OBJ_init_loading_text	8	static
../Application/objects.c:582:6:OBJ_init_text_small	8	static
../Application/objects.c:595:6:OBJ_init_text_big	8	static
../Application/objects.c:608:6:OBJ_init_text_tiny	8	static
