../Application/objects.c:131:6:OBJ_init	24	static
../Application/objects.c:156:6:OBJ_init_settings	0	static
../Application/objects.c:174:6:OBJ_init_game_status	0	static
../Application/objects.c:181:6:OBJ_init_canvas	8	static
../Application/objects.c:224:6:OBJ_init_background	8	static
../Application/objects.c:259:6:OBJ_init_small_sprite_object	16	static
../Application/objects.c:275:6:OBJ_init_big_sprite	16	static
../Application/objects.c:293:6:OBJ_init_high_score_sprite_large	16	static
../Application/objects.c:315:6:OBJ_init_misko	8	static
../Application/objects.c:339:6:OBJ_init_obstacle_top	8	static
../Application/objects.c:361:6:OBJ_init_obstacle_bottom	8	static
../Application/objects.c:385:6:OBJ_init_obstacle_pair	24	static
../Application/objects.c:408:5:randomgenerator	0	static
../Application/objects.c:419:6:OBJ_spawn_obstacles	16	static
../Application/objects.c:444:6:OBJ_init_score_box_title	4	static
../Application/objects.c:461:6:OBJ_set_score_text_value	8	static
../Application/objects.c:471:6:OBJ_init_score_text	16	static
../Application/objects.c:486:6:OBJ_init_finger_or_click_text	8	static
../Application/objects.c:502:6:OBJ_init_null_text	8	static
../Application/objects.c:517:6:OBJ_init_x_text	8	static
../Application/objects.c:533:6:OBJ_init_flappy_misko_text	8	static
../Application/objects.c:548:6:OBJ_init_loading_text	8	static
../Application/objects.c:562:6:OBJ_init_text_small	8	static
../Application/objects.c:575:6:OBJ_init_text_big	8	static
../Application/objects.c:588:6:OBJ_init_text_tiny	8	static
