Archive member included to satisfy reference by file (symbol)

C:/ST/STM32CubeIDE_1.16.1/STM32CubeIDE/plugins/com.st.stm32cube.ide.mcu.externaltools.gnu-tools-for-stm32.12.3.rel1.win32_1.0.200.202406191623/tools/bin/../lib/gcc/arm-none-eabi/12.3.1/../../../../arm-none-eabi/lib/thumb/v7e-m+fp/hard\libc_nano.a(libc_a-exit.o)
                              C:/ST/STM32CubeIDE_1.16.1/STM32CubeIDE/plugins/com.st.stm32cube.ide.mcu.externaltools.gnu-tools-for-stm32.12.3.rel1.win32_1.0.200.202406191623/tools/bin/../lib/gcc/arm-none-eabi/12.3.1/../../../../arm-none-eabi/lib/thumb/v7e-m+fp/hard/crt0.o (exit)
C:/ST/STM32CubeIDE_1.16.1/STM32CubeIDE/plugins/com.st.stm32cube.ide.mcu.externaltools.gnu-tools-for-stm32.12.3.rel1.win32_1.0.200.202406191623/tools/bin/../lib/gcc/arm-none-eabi/12.3.1/../../../../arm-none-eabi/lib/thumb/v7e-m+fp/hard\libc_nano.a(libc_a-malloc.o)
                              ./Application/graphics.o (malloc)
C:/ST/STM32CubeIDE_1.16.1/STM32CubeIDE/plugins/com.st.stm32cube.ide.mcu.externaltools.gnu-tools-for-stm32.12.3.rel1.win32_1.0.200.202406191623/tools/bin/../lib/gcc/arm-none-eabi/12.3.1/../../../../arm-none-eabi/lib/thumb/v7e-m+fp/hard\libc_nano.a(libc_a-mallocr.o)
                              C:/ST/STM32CubeIDE_1.16.1/STM32CubeIDE/plugins/com.st.stm32cube.ide.mcu.externaltools.gnu-tools-for-stm32.12.3.rel1.win32_1.0.200.202406191623/tools/bin/../lib/gcc/arm-none-eabi/12.3.1/../../../../arm-none-eabi/lib/thumb/v7e-m+fp/hard\libc_nano.a(libc_a-malloc.o) (_malloc_r)
C:/ST/STM32CubeIDE_1.16.1/STM32CubeIDE/plugins/com.st.stm32cube.ide.mcu.externaltools.gnu-tools-for-stm32.12.3.rel1.win32_1.0.200.202406191623/tools/bin/../lib/gcc/arm-none-eabi/12.3.1/../../../../arm-none-eabi/lib/thumb/v7e-m+fp/hard\libc_nano.a(libc_a-mlock.o)
                              C:/ST/STM32CubeIDE_1.16.1/STM32CubeIDE/plugins/com.st.stm32cube.ide.mcu.externaltools.gnu-tools-for-stm32.12.3.rel1.win32_1.0.200.202406191623/tools/bin/../lib/gcc/arm-none-eabi/12.3.1/../../../../arm-none-eabi/lib/thumb/v7e-m+fp/hard\libc_nano.a(libc_a-mallocr.o) (__malloc_lock)
C:/ST/STM32CubeIDE_1.16.1/STM32CubeIDE/plugins/com.st.stm32cube.ide.mcu.externaltools.gnu-tools-for-stm32.12.3.rel1.win32_1.0.200.202406191623/tools/bin/../lib/gcc/arm-none-eabi/12.3.1/../../../../arm-none-eabi/lib/thumb/v7e-m+fp/hard\libc_nano.a(libc_a-rand.o)
                              ./Application/math_utils.o (srand)
C:/ST/STM32CubeIDE_1.16.1/STM32CubeIDE/plugins/com.st.stm32cube.ide.mcu.externaltools.gnu-tools-for-stm32.12.3.rel1.win32_1.0.200.202406191623/tools/bin/../lib/gcc/arm-none-eabi/12.3.1/../../../../arm-none-eabi/lib/thumb/v7e-m+fp/hard\libc_nano.a(libc_a-findfp.o)
                              C:/ST/STM32CubeIDE_1.16.1/STM32CubeIDE/plugins/com.st.stm32cube.ide.mcu.externaltools.gnu-tools-for-stm32.12.3.rel1.win32_1.0.200.202406191623/tools/bin/../lib/gcc/arm-none-eabi/12.3.1/../../../../arm-none-eabi/lib/thumb/v7e-m+fp/hard\libc_nano.a(libc_a-exit.o) (__stdio_exit_handler)
C:/ST/STM32CubeIDE_1.16.1/STM32CubeIDE/plugins/com.st.stm32cube.ide.mcu.externaltools.gnu-tools-for-stm32.12.3.rel1.win32_1.0.200.202406191623/tools/bin/../lib/gcc/arm-none-eabi/12.3.1/../../../../arm-none-eabi/lib/thumb/v7e-m+fp/hard\libc_nano.a(libc_a-fwalk.o)
                              C:/ST/STM32CubeIDE_1.16.1/STM32CubeIDE/plugins/com.st.stm32cube.ide.mcu.externaltools.gnu-tools-for-stm32.12.3.rel1.win32_1.0.200.202406191623/tools/bin/../lib/gcc/arm-none-eabi/12.3.1/../../../../arm-none-eabi/lib/thumb/v7e-m+fp/hard\libc_nano.a(libc_a-findfp.o) (_fwalk_sglue)
C:/ST/STM32CubeIDE_1.16.1/STM32CubeIDE/plugins/com.st.stm32cube.ide.mcu.externaltools.gnu-tools-for-stm32.12.3.rel1.win32_1.0.200.202406191623/tools/bin/../lib/gcc/arm-none-eabi/12.3.1/../../../../arm-none-eabi/lib/thumb/v7e-m+fp/hard\libc_nano.a(libc_a-printf.o)
                              ./Application/game.o (printf)
C:/ST/STM32CubeIDE_1.16.1/STM32CubeIDE/plugins/com.st.stm32cube.ide.mcu.externaltools.gnu-tools-for-stm32.12.3.rel1.win32_1.0.200.202406191623/tools/bin/../lib/gcc/arm-none-eabi/12.3.1/../../../../arm-none-eabi/lib/thumb/v7e-m+fp/hard\libc_nano.a(libc_a-putchar.o)
                              ./System/joystick.o (putchar)
C:/ST/STM32CubeIDE_1.16.1/STM32CubeIDE/plugins/com.st.stm32cube.ide.mcu.externaltools.gnu-tools-for-stm32.12.3.rel1.win32_1.0.200.202406191623/tools/bin/../lib/gcc/arm-none-eabi/12.3.1/../../../../arm-none-eabi/lib/thumb/v7e-m+fp/hard\libc_nano.a(libc_a-puts.o)
                              ./System/joystick.o (puts)
C:/ST/STM32CubeIDE_1.16.1/STM32CubeIDE/plugins/com.st.stm32cube.ide.mcu.externaltools.gnu-tools-for-stm32.12.3.rel1.win32_1.0.200.202406191623/tools/bin/../lib/gcc/arm-none-eabi/12.3.1/../../../../arm-none-eabi/lib/thumb/v7e-m+fp/hard\libc_nano.a(libc_a-setvbuf.o)
                              ./System/SCI.o (setvbuf)
[...]
Memory Configuration

Name             Origin             Length             Attributes
RAM              0x20000000         0x00020000         xrw
FLASH            0x08000000         0x00080000         xr
*default*        0x00000000         0xffffffff

Linker script and memory map

LOAD C:/ST/STM32CubeIDE_1.16.1/STM32CubeIDE/plugins/com.st.stm32cube.ide.mcu.externaltools.gnu-tools-for-stm32.12.3.rel1.win32_1.0.200.202406191623/tools/bin/../lib/gcc/arm-none-eabi/12.3.1/thumb/v7e-m+fp/hard/crti.o
LOAD C:/ST/STM32CubeIDE_1.16.1/STM32CubeIDE/plugins/com.st.stm32cube.ide.mcu.externaltools.gnu-tools-for-stm32.12.3.rel1.win32_1.0.200.202406191623/tools/bin/../lib/gcc/arm-none-eabi/12.3.1/thumb/v7e-m+fp/hard/crtbegin.o
LOAD C:/ST/STM32CubeIDE_1.16.1/STM32CubeIDE/plugins/com.st.stm32cube.ide.mcu.externaltools.gnu-tools-for-stm32.12.3.rel1.win32_1.0.200.202406191623/tools/bin/../lib/gcc/arm-none-eabi/12.3.1/../../../../arm-none-eabi/lib/thumb/v7e-m+fp/hard/crt0.o
LOAD ./Application/flash.o
LOAD ./Application/game.o
LOAD ./Application/graphics.o
LOAD ./Application/math_utils.o
LOAD ./Application/objects.o
LOAD ./Core/Src/main.o
LOAD ./Core/Src/stm32g4xx_hal_msp.o
LOAD ./Core/Src/stm32g4xx_it.o
LOAD ./Core/Src/syscalls.o
LOAD ./Core/Src/sysmem.o
LOAD ./Core/Src/system_stm32g4xx.o
LOAD ./Core/Startup/startup_stm32g474qetx.o
LOAD ./Drivers/STM32G4xx_HAL_Driver/Src/stm32g4xx_hal.o
LOAD ./Drivers/STM32G4xx_HAL_Driver/Src/stm32g4xx_hal_adc.o
LOAD ./Drivers/STM32G4xx_HAL_Driver/Src/stm32g4xx_hal_adc_ex.o
LOAD ./Drivers/STM32G4xx_HAL_Driver/Src/stm32g4xx_hal_cortex.o
LOAD ./Drivers/STM32G4xx_HAL_Driver/Src/stm32g4xx_hal_dma.o
LOAD ./Drivers/STM32G4xx_HAL_Driver/Src/stm32g4xx_hal_dma_ex.o
LOAD ./Drivers/STM32G4xx_HAL_Driver/Src/stm32g4xx_hal_exti.o
LOAD ./Drivers/STM32G4xx_HAL_Driver/Src/stm32g4xx_hal_flash.o
LOAD ./Drivers/STM32G4xx_HAL_Driver/Src/stm32g4xx_hal_flash_ex.o
LOAD ./Drivers/STM32G4xx_HAL_Driver/Src/stm32g4xx_hal_flash_ramfunc.o
LOAD ./Drivers/STM32G4xx_HAL_Driver/Src/stm32g4xx_hal_gpio.o
LOAD ./Drivers/STM32G4xx_HAL_Driver/Src/stm32g4xx_hal_nand.o
LOAD ./Drivers/STM32G4xx_HAL_Driver/Src/stm32g4xx_hal_nor.o
LOAD ./Drivers/STM32G4xx_HAL_Driver/Src/stm32g4xx_hal_pwr.o
LOAD ./Drivers/STM32G4xx_HAL_Driver/Src/stm32g4xx_hal_pwr_ex.o
LOAD ./Drivers/STM32G4xx_HAL_Driver/Src/stm32g4xx_hal_rcc.o
LOAD ./Drivers/STM32G4xx_HAL_Driver/Src/stm32g4xx_hal_rcc_ex.o
LOAD ./Drivers/STM32G4xx_HAL_Driver/Src/stm32g4xx_hal_spi.o
LOAD ./Drivers/STM32G4xx_HAL_Driver/Src/stm32g4xx_hal_spi_ex.o
LOAD ./Drivers/STM32G4xx_HAL_Driver/Src/stm32g4xx_hal_sram.o
LOAD ./Drivers/STM32G4xx_HAL_Driver/Src/stm32g4xx_hal_tim.o
LOAD ./Drivers/STM32G4xx_HAL_Driver/Src/stm32g4xx_hal_tim_ex.o
LOAD ./Drivers/STM32G4xx_HAL_Driver/Src/stm32g4xx_ll_adc.o
LOAD ./Drivers/STM32G4xx_HAL_Driver/Src/stm32g4xx_ll_dma.o
LOAD ./Drivers/STM32G4xx_HAL_Driver/Src/stm32g4xx_ll_exti.o
LOAD ./Drivers/STM32G4xx_HAL_Driver/Src/stm32g4xx_ll_fmc.o
LOAD ./Drivers/STM32G4xx_HAL_Driver/Src/stm32g4xx_ll_gpio.o
LOAD ./Drivers/STM32G4xx_HAL_Driver/Src/stm32g4xx_ll_pwr.o
LOAD ./Drivers/STM32G4xx_HAL_Driver/Src/stm32g4xx_ll_rcc.o
LOAD ./Drivers/STM32G4xx_HAL_Driver/Src/stm32g4xx_ll_tim.o
LOAD ./Drivers/STM32G4xx_HAL_Driver/Src/stm32g4xx_ll_usart.o
LOAD ./Drivers/STM32G4xx_HAL_Driver/Src/stm32g4xx_ll_utils.o
LOAD ./System/LED.o
LOAD ./System/SCI.o
LOAD ./System/XPT2046_touch.o
LOAD ./System/buf.o
LOAD ./System/joystick.o
LOAD ./System/kbd.o
LOAD ./System/lcd.o
LOAD ./System/lcd_backlight.o
LOAD ./System/lcd_ili9341.o
LOAD ./System/periodic_services.o
LOAD ./System/timing_utils.o
LOAD ./System/ugui.o
START GROUP
LOAD C:/ST/STM32CubeIDE_1.16.1/STM32CubeIDE/plugins/com.st.stm32cube.ide.mcu.externaltools.gnu-tools-for-stm32.12.3.rel1.win32_1.0.200.202406191623/tools/bin/../lib/gcc/arm-none-eabi/12.3.1/../../../../arm-none-eabi/lib/thumb/v7e-m+fp/hard\libc_nano.a
LOAD C:/ST/STM32CubeIDE_1.16.1/STM32CubeIDE/plugins/com.st.stm32cube.ide.mcu.externaltools.gnu-tools-for-stm32.12.3.rel1.win32_1.0.200.202406191623/tools/bin/../lib/gcc/arm-none-eabi/12.3.1/../../../../arm-none-eabi/lib/thumb/v7e-m+fp/hard\libm.a
END GROUP
START GROUP
LOAD C:/ST/STM32CubeIDE_1.16.1/STM32CubeIDE/plugins/com.st.stm32cube.ide.mcu.externaltools.gnu-tools-for-stm32.12.3.rel1.win32_1.0.200.202406191623/tools/bin/../lib/gcc/arm-none-eabi/12.3.1/thumb/v7e-m+fp/hard\libgcc.a
LOAD C:/ST/STM32CubeIDE_1.16.1/STM32CubeIDE/plugins/com.st.stm32cube.ide.mcu.externaltools.gnu-tools-for-stm32.12.3.rel1.win32_1.0.200.202406191623/tools/bin/../lib/gcc/arm-none-eabi/12.3.1/../../../../arm-none-eabi/lib/thumb/v7e-m+fp/hard\libc_nano.a
END GROUP
START GROUP
LOAD C:/ST/STM32CubeIDE_1.16.1/STM32CubeIDE/plugins/com.st.stm32cube.ide.mcu.externaltools.gnu-tools-for-stm32.12.3.rel1.win32_1.0.200.202406191623/tools/bin/../lib/gcc/arm-none-eabi/12.3.1/thumb/v7e-m+fp/hard\libgcc.a
LOAD C:/ST/STM32CubeIDE_1.16.1/STM32CubeIDE/plugins/com.st.stm32cube.ide.mcu.externaltools.gnu-tools-for-stm32.12.3.rel1.win32_1.0.200.202406191623/tools/bin/../lib/gcc/arm-none-eabi/12.3.1/../../../../arm-none-eabi/lib/thumb/v7e-m+fp/hard\libc_nano.a
LOAD C:/ST/STM32CubeIDE_1.16.1/STM32CubeIDE/plugins/com.st.stm32cube.ide.mcu.externaltools.gnu-tools-for-stm32.12.3.rel1.win32_1.0.200.202406191623/tools/bin/../lib/gcc/arm-none-eabi/12.3.1/../../../../arm-none-eabi/lib/thumb/v7e-m+fp/hard\libnosys.a
END GROUP
START GROUP
LOAD C:/ST/STM32CubeIDE_1.16.1/STM32CubeIDE/plugins/com.st.stm32cube.ide.mcu.externaltools.gnu-tools-for-stm32.12.3.rel1.win32_1.0.200.202406191623/tools/bin/../lib/gcc/arm-none-eabi/12.3.1/thumb/v7e-m+fp/hard\libgcc.a
LOAD C:/ST/STM32CubeIDE_1.16.1/STM32CubeIDE/plugins/com.st.stm32cube.ide.mcu.externaltools.gnu-tools-for-stm32.12.3.rel1.win32_1.0.200.202406191623/tools/bin/../lib/gcc/arm-none-eabi/12.3.1/../../../../arm-none-eabi/lib/thumb/v7e-m+fp/hard\libc_nano.a
LOAD C:/ST/STM32CubeIDE_1.16.1/STM32CubeIDE/plugins/com.st.stm32cube.ide.mcu.externaltools.gnu-tools-for-stm32.12.3.rel1.win32_1.0.200.202406191623/tools/bin/../lib/gcc/arm-none-eabi/12.3.1/../../../../arm-none-eabi/lib/thumb/v7e-m+fp/hard\libnosys.a
END GROUP
LOAD C:/ST/STM32CubeIDE_1.16.1/STM32CubeIDE/plugins/com.st.stm32cube.ide.mcu.externaltools.gnu-tools-for-stm32.12.3.rel1.win32_1.0.200.202406191623/tools/bin/../lib/gcc/arm-none-eabi/12.3.1/thumb/v7e-m+fp/hard/crtend.o
LOAD C:/ST/STM32CubeIDE_1.16.1/STM32CubeIDE/plugins/com.st.stm32cube.ide.mcu.externaltools.gnu-tools-for-stm32.12.3.rel1.win32_1.0.200.202406191623/tools/bin/../lib/gcc/arm-none-eabi/12.3.1/thumb/v7e-m+fp/hard/crtn.o
                0x20020000                        _estack = (ORIGIN (RAM) + LENGTH (RAM))
                0x00000200                        _Min_Heap_Size = 0x200
                0x00000400                        _Min_Stack_Size = 0x400

.isr_vector     0x08000000      0x1d8
                0x08000000                        . = ALIGN (0x4)
 *(.isr_vector)
 .isr_vector    0x08000000      0x1d8 ./Core/Startup/startup_stm32g474qetx.o
                0x08000000                g_pfnVectors
                0x080001d8                        . = ALIGN (0x4)

.text           0x080001e0     0x9b68
                0x080001e0                        . = ALIGN (0x4)
 *(.text)
 .text          0x080001e0       0x40 C:/ST/STM32CubeIDE_1.16.1/STM32CubeIDE/plugins/com.st.stm32cube.ide.mcu.externaltools.gnu-tools-for-stm32.12.3.rel1.win32_1.0.200.202406191623/tools/bin/../lib/gcc/arm-none-eabi/12.3.1/thumb/v7e-m+fp/hard/crtbegin.o
 .text          0x08000220       0xa0 C:/ST/STM32CubeIDE_1.16.1/STM32CubeIDE/plugins/com.st.stm32cube.ide.mcu.externaltools.gnu-tools-for-stm32.12.3.rel1.win32_1.0.200.202406191623/tools/bin/../lib/gcc/arm-none-eabi/12.3.1/../../../../arm-none-eabi/lib/thumb/v7e-m+fp/hard\libc_nano.a(libc_a-memchr.o)
                0x08000220                memchr
 .text          0x080002c0      0x378 C:/ST/STM32CubeIDE_1.16.1/STM32CubeIDE/plugins/com.st.stm32cube.ide.mcu.externaltools.gnu-tools-for-stm32.12.3.rel1.win32_1.0.200.202406191623/tools/bin/../lib/gcc/arm-none-eabi/12.3.1/thumb/v7e-m+fp/hard\libgcc.a(_arm_addsubdf3.o)
                0x080002c0                __aeabi_drsub
                0x080002c8                __aeabi_dsub
                0x080002c8                __subdf3
                0x080002cc                __aeabi_dadd
                0x080002cc                __adddf3
                0x08000544                __floatunsidf
                0x08000544                __aeabi_ui2d
                0x08000564                __floatsidf
                0x08000564                __aeabi_i2d
                0x08000588                __aeabi_f2d
                0x08000588                __extendsfdf2
                0x080005cc                __floatundidf
                0x080005cc                __aeabi_ul2d
                0x080005dc                __floatdidf
                0x080005dc                __aeabi_l2d
 .text          0x08000638       0x40 C:/ST/STM32CubeIDE_1.16.1/STM32CubeIDE/plugins/com.st.stm32cube.ide.mcu.externaltools.gnu-tools-for-stm32.12.3.rel1.win32_1.0.200.202406191623/tools/bin/../lib/gcc/arm-none-eabi/12.3.1/thumb/v7e-m+fp/hard\libgcc.a(_arm_fixunsdfsi.o)
                0x08000638                __aeabi_d2uiz
                0x08000638                __fixunsdfsi
 *(.text*)
 .text.Update_High_Scores
                0x08000678       0xb0 ./Application/flash.o
                0x08000678                Update_High_Scores
 .text.Get_High_Scores
                0x08000728       0x1c ./Application/flash.o
                0x08000728                Get_High_Scores
 .text.Intro    0x08000744      0xde8 ./Application/game.o
                0x08000744                Intro
 .text.GamePlay_UpdateChanges
                0x0800152c       0xdc ./Application/game.o
                0x0800152c                GamePlay_UpdateChanges
 .text.GamePlay
                0x08001608      0x840 ./Application/game.o
                0x08001608                GamePlay
 .text.GameOver
                0x08001e48      0x358 ./Application/game.o
                0x08001e48                GameOver
 .text.Game     0x080021a0       0x84 ./Application/game.o
                0x080021a0                Game
 .text.GFX_draw_gfx_object
                0x08002224       0x20 ./Application/graphics.o
                0x08002224                GFX_draw_gfx_object
 .text.GFX_init_location_restrictions
                0x08002244       0xd4 ./Application/graphics.o
                0x08002244                GFX_init_location_restrictions
 .text.GFX_init_gfx_object_location
                0x08002318       0xf0 ./Application/graphics.o
                0x08002318                GFX_init_gfx_object_location
 .text.GFX_set_gfx_object_location
                0x08002408       0xc0 ./Application/graphics.o
                0x08002408                GFX_set_gfx_object_location
 .text.GFX_set_gfx_object_velocity
                0x080024c8        0xc ./Application/graphics.o
                0x080024c8                GFX_set_gfx_object_velocity
 .text.GFX_bounce_moving_object_from_edge
                0x080024d4      0x14c ./Application/graphics.o
                0x080024d4                GFX_bounce_moving_object_from_edge
 .text.GFX_update_moving_gfx_object_location
                0x08002620      0x118 ./Application/graphics.o
                0x08002620                GFX_update_moving_gfx_object_location
 .text.GFX_get_object_movement_area
                0x08002738       0x70 ./Application/graphics.o
                0x08002738                GFX_get_object_movement_area
 .text.GFX_are_gfx_objects_overlapping
                0x080027a8       0x3c ./Application/graphics.o
                0x080027a8                GFX_are_gfx_objects_overlapping
 .text.GFX_copy_image_part_to_partial_frame_buffer
                0x080027e4       0xb8 ./Application/graphics.o
                0x080027e4                GFX_copy_image_part_to_partial_frame_buffer
 .text.GFX_partial_frame_buffer_overlay_object
                0x0800289c       0xa8 ./Application/graphics.o
                0x0800289c                GFX_partial_frame_buffer_overlay_object
 .text.GFX_clear_area_on_background
                0x08002944      0x128 ./Application/graphics.o
                0x08002944                GFX_clear_area_on_background
 .text.GFX_draw_one_gfx_object_on_background
                0x08002a6c      0x100 ./Application/graphics.o
                0x08002a6c                GFX_draw_one_gfx_object_on_background
 .text.GFX_clear_gfx_object_on_background
                0x08002b6c      0x128 ./Application/graphics.o
                0x08002b6c                GFX_clear_gfx_object_on_background
 .text.GFX_display_text_object
                0x08002c94       0x28 ./Application/graphics.o
                0x08002c94                GFX_display_text_object
 .text.GFX_init_obstacle_pair_location
                0x08002cbc      0x208 ./Application/graphics.o
                0x08002cbc                GFX_init_obstacle_pair_location
 .text.GFX_set_obstacle_pair_x_axis_velocity
                0x08002ec4       0x14 ./Application/graphics.o
                0x08002ec4                GFX_set_obstacle_pair_x_axis_velocity
 .text.GFX_update_obstacle_pair_location
                0x08002ed8      0x228 ./Application/graphics.o
                0x08002ed8                GFX_update_obstacle_pair_location
 .text.GFX_draw_obstacle_pair_on_background
                0x08003100       0x18 ./Application/graphics.o
                0x08003100                GFX_draw_obstacle_pair_on_background
 .text.GFX_get_obstacle_pair_movement_area
                0x08003118       0xc0 ./Application/graphics.o
                0x08003118                GFX_get_obstacle_pair_movement_area
 .text.GFX_clear_obstacle_pair_on_background
                0x080031d8       0x20 ./Application/graphics.o
                0x080031d8                GFX_clear_obstacle_pair_on_background
 .text.MATH_randomise_distance_between_obstacles
                0x080031f8       0x44 ./Application/math_utils.o
                0x080031f8                MATH_randomise_distance_between_obstacles
 .text.OBJ_init
                0x0800323c      0x12c ./Application/objects.o
                0x0800323c                OBJ_init
 .text.OBJ_init_small_sprite_object
                0x08003368       0x44 ./Application/objects.o
                0x08003368                OBJ_init_small_sprite_object
 .text.OBJ_init_big_sprite
                0x080033ac       0x4c ./Application/objects.o
                0x080033ac                OBJ_init_big_sprite
 .text.OBJ_init_high_score_sprite_large
                0x080033f8       0x54 ./Application/objects.o
                0x080033f8                OBJ_init_high_score_sprite_large
 .text.OBJ_init_obstacle_pair
                0x0800344c       0x48 ./Application/objects.o
                0x0800344c                OBJ_init_obstacle_pair
 .text.OBJ_set_score_text_value
                0x08003494       0x20 ./Application/objects.o
                0x08003494                OBJ_set_score_text_value
 .text.OBJ_init_flappy_misko_text
                0x080034b4       0x2c ./Application/objects.o
                0x080034b4                OBJ_init_flappy_misko_text
 .text.OBJ_init_loading_text
                0x080034e0       0x24 ./Application/objects.o
                0x080034e0                OBJ_init_loading_text
 .text.OBJ_init_text_small
                0x08003504       0x20 ./Application/objects.o
                0x08003504                OBJ_init_text_small
 .text.OBJ_init_text_big
                0x08003524       0x20 ./Application/objects.o
                0x08003524                OBJ_init_text_big
 .text.OBJ_init_text_tiny
                0x08003544       0x20 ./Application/objects.o
                0x08003544                OBJ_init_text_tiny
 .text.SystemClock_Config
                0x08003564       0x6c ./Core/Src/main.o
                0x08003564                SystemClock_Config
 .text.startup.main
                0x080035d0      0x730 ./Core/Src/main.o
                0x080035d0                main
 .text.Error_Handler
                0x08003d00        0x4 ./Core/Src/main.o
                0x08003d00                Error_Handler
 .text.HAL_MspInit
                0x08003d04       0x34 ./Core/Src/stm32g4xx_hal_msp.o
                0x08003d04                HAL_MspInit
 .text.HAL_ADC_MspInit
                0x08003d38       0xcc ./Core/Src/stm32g4xx_hal_msp.o
                0x08003d38                HAL_ADC_MspInit
 *fill*         0x08003e04        0x4 
 .text.HAL_SPI_MspInit
                0x08003e08       0x78 ./Core/Src/stm32g4xx_hal_msp.o
                0x08003e08                HAL_SPI_MspInit
 .text.HAL_TIM_Base_MspInit
                0x08003e80       0x2c ./Core/Src/stm32g4xx_hal_msp.o
                0x08003e80                HAL_TIM_Base_MspInit
 .text.HAL_SRAM_MspInit
                0x08003eac       0x84 ./Core/Src/stm32g4xx_hal_msp.o
                0x08003eac                HAL_SRAM_MspInit
 .text.NMI_Handler
                0x08003f30        0x4 ./Core/Src/stm32g4xx_it.o
                0x08003f30                NMI_Handler
 .text.HardFault_Handler
                0x08003f34        0x4 ./Core/Src/stm32g4xx_it.o
                0x08003f34                HardFault_Handler
 .text.MemManage_Handler
                0x08003f38        0x4 ./Core/Src/stm32g4xx_it.o
                0x08003f38                MemManage_Handler
 .text.BusFault_Handler
                0x08003f3c        0x4 ./Core/Src/stm32g4xx_it.o
                0x08003f3c                BusFault_Handler
 .text.UsageFault_Handler
                0x08003f40        0x4 ./Core/Src/stm32g4xx_it.o
                0x08003f40                UsageFault_Handler
 .text.SVC_Handler
                0x08003f44        0x4 ./Core/Src/stm32g4xx_it.o
                0x08003f44                SVC_Handler
 .text.DebugMon_Handler
                0x08003f48        0x4 ./Core/Src/stm32g4xx_it.o
                0x08003f48                DebugMon_Handler
 .text.PendSV_Handler
                0x08003f4c        0x4 ./Core/Src/stm32g4xx_it.o
                0x08003f4c                PendSV_Handler
 .text.SysTick_Handler
                0x08003f50        0x4 ./Core/Src/stm32g4xx_it.o
                0x08003f50                SysTick_Handler
 .text.DMA1_Channel1_IRQHandler
                0x08003f54        0xc ./Core/Src/stm32g4xx_it.o
                0x08003f54                DMA1_Channel1_IRQHandler
 .text.DMA1_Channel2_IRQHandler
                0x08003f60        0xc ./Core/Src/stm32g4xx_it.o
                0x08003f60                DMA1_Channel2_IRQHandler
 .text.USART3_IRQHandler
                0x08003f6c       0x34 ./Core/Src/stm32g4xx_it.o
                0x08003f6c                USART3_IRQHandler
 .text.TIM6_DAC_IRQHandler
                0x08003fa0       0x20 ./Core/Src/stm32g4xx_it.o
                0x08003fa0                TIM6_DAC_IRQHandler
 .text._getpid  0x08003fc0        0x4 ./Core/Src/syscalls.o
                0x08003fc0                _getpid
 .text._kill    0x08003fc4       0x10 ./Core/Src/syscalls.o
                0x08003fc4                _kill
 .text._exit    0x08003fd4        0xc ./Core/Src/syscalls.o
                0x08003fd4                _exit
 .text._read    0x08003fe0       0x1c ./Core/Src/syscalls.o
                0x08003fe0                _read
 .text._close   0x08003ffc        0x8 ./Core/Src/syscalls.o
                0x08003ffc                _close
 .text._fstat   0x08004004        0xc ./Core/Src/syscalls.o
                0x08004004                _fstat
 .text._isatty  0x08004010        0x4 ./Core/Src/syscalls.o
                0x08004010                _isatty
 .text._lseek   0x08004014        0x4 ./Core/Src/syscalls.o
                0x08004014                _lseek
 .text._sbrk    0x08004018       0x44 ./Core/Src/sysmem.o
                0x08004018                _sbrk
 .text.SystemInit
                0x0800405c       0x14 ./Core/Src/system_stm32g4xx.o
                0x0800405c                SystemInit
 .text.Reset_Handler
                0x08004070       0x50 ./Core/Startup/startup_stm32g474qetx.o
                0x08004070                Reset_Handler
 .text.Default_Handler
                0x080040c0        0x2 ./Core/Startup/startup_stm32g474qetx.o
                0x080040c0                RTC_Alarm_IRQHandler
                0x080040c0                EXTI2_IRQHandler
                0x080040c0                TIM8_TRG_COM_IRQHandler
                0x080040c0                TIM8_CC_IRQHandler
                0x080040c0                HRTIM1_Master_IRQHandler
                0x080040c0                SPI4_IRQHandler
                0x080040c0                FDCAN3_IT0_IRQHandler
                0x080040c0                TIM1_CC_IRQHandler
                0x080040c0                HRTIM1_FLT_IRQHandler
                0x080040c0                HRTIM1_TIMF_IRQHandler
                0x080040c0                USB_HP_IRQHandler
                0x080040c0                CORDIC_IRQHandler
                0x080040c0                HRTIM1_TIMD_IRQHandler
                0x080040c0                DMA2_Channel8_IRQHandler
                0x080040c0                EXTI3_IRQHandler
                0x080040c0                I2C3_ER_IRQHandler
                0x080040c0                EXTI0_IRQHandler
                0x080040c0                I2C2_EV_IRQHandler
                0x080040c0                FPU_IRQHandler
                0x080040c0                FDCAN1_IT1_IRQHandler
                0x080040c0                TIM1_UP_TIM16_IRQHandler
                0x080040c0                ADC1_2_IRQHandler
                0x080040c0                HRTIM1_TIME_IRQHandler
                0x080040c0                SPI1_IRQHandler
                0x080040c0                HRTIM1_TIMC_IRQHandler
                0x080040c0                TIM8_UP_IRQHandler
                0x080040c0                DMA2_Channel2_IRQHandler
                0x080040c0                DMA1_Channel4_IRQHandler
                0x080040c0                TIM20_TRG_COM_IRQHandler
                0x080040c0                DMA1_Channel7_IRQHandler
                0x080040c0                UART5_IRQHandler
                0x080040c0                ADC3_IRQHandler
                0x080040c0                TIM4_IRQHandler
                0x080040c0                DMA2_Channel1_IRQHandler
                0x080040c0                QUADSPI_IRQHandler
                0x080040c0                I2C1_EV_IRQHandler
                0x080040c0                DMA1_Channel6_IRQHandler
                0x080040c0                UART4_IRQHandler
                0x080040c0                DMA2_Channel4_IRQHandler
                0x080040c0                TIM3_IRQHandler
                0x080040c0                RCC_IRQHandler
                0x080040c0                TIM20_UP_IRQHandler
                0x080040c0                Default_Handler
                0x080040c0                DMA2_Channel7_IRQHandler
                0x080040c0                RTC_TAMP_LSECSS_IRQHandler
                0x080040c0                FMAC_IRQHandler
                0x080040c0                EXTI15_10_IRQHandler
                0x080040c0                DMA1_Channel8_IRQHandler
                0x080040c0                HRTIM1_TIMA_IRQHandler
                0x080040c0                TIM7_DAC_IRQHandler
                0x080040c0                FDCAN3_IT1_IRQHandler
                0x080040c0                TIM5_IRQHandler
                0x080040c0                UCPD1_IRQHandler
                0x080040c0                I2C3_EV_IRQHandler
                0x080040c0                EXTI9_5_IRQHandler
                0x080040c0                RTC_WKUP_IRQHandler
                0x080040c0                PVD_PVM_IRQHandler
                0x080040c0                SPI2_IRQHandler
                0x080040c0                ADC5_IRQHandler
                0x080040c0                DMA2_Channel5_IRQHandler
                0x080040c0                CRS_IRQHandler
                0x080040c0                DMA1_Channel5_IRQHandler
                0x080040c0                USB_LP_IRQHandler
                0x080040c0                EXTI4_IRQHandler
                0x080040c0                RNG_IRQHandler
                0x080040c0                HRTIM1_TIMB_IRQHandler
                0x080040c0                TIM1_TRG_COM_TIM17_IRQHandler
                0x080040c0                FDCAN2_IT1_IRQHandler
                0x080040c0                DMA1_Channel3_IRQHandler
                0x080040c0                ADC4_IRQHandler
                0x080040c0                WWDG_IRQHandler
                0x080040c0                I2C4_EV_IRQHandler
                0x080040c0                FDCAN2_IT0_IRQHandler
                0x080040c0                LPUART1_IRQHandler
                0x080040c0                DMA2_Channel6_IRQHandler
                0x080040c0                FDCAN1_IT0_IRQHandler
                0x080040c0                TIM2_IRQHandler
                0x080040c0                COMP7_IRQHandler
                0x080040c0                COMP1_2_3_IRQHandler
                0x080040c0                EXTI1_IRQHandler
                0x080040c0                USART2_IRQHandler
                0x080040c0                COMP4_5_6_IRQHandler
                0x080040c0                TIM20_BRK_IRQHandler
                0x080040c0                I2C2_ER_IRQHandler
                0x080040c0                TIM8_BRK_IRQHandler
                0x080040c0                FLASH_IRQHandler
                0x080040c0                TIM20_CC_IRQHandler
                0x080040c0                USART1_IRQHandler
                0x080040c0                SPI3_IRQHandler
                0x080040c0                I2C1_ER_IRQHandler
                0x080040c0                FMC_IRQHandler
                0x080040c0                LPTIM1_IRQHandler
                0x080040c0                DMAMUX_OVR_IRQHandler
                0x080040c0                I2C4_ER_IRQHandler
                0x080040c0                USBWakeUp_IRQHandler
                0x080040c0                SAI1_IRQHandler
                0x080040c0                DMA2_Channel3_IRQHandler
                0x080040c0                TIM1_BRK_TIM15_IRQHandler
 *fill*         0x080040c2        0x2 
 .text.HAL_InitTick
                0x080040c4       0x4c ./Drivers/STM32G4xx_HAL_Driver/Src/stm32g4xx_hal.o
                0x080040c4                HAL_InitTick
 .text.HAL_Init
                0x08004110       0x20 ./Drivers/STM32G4xx_HAL_Driver/Src/stm32g4xx_hal.o
                0x08004110                HAL_Init
 .text.HAL_IncTick
                0x08004130       0x18 ./Drivers/STM32G4xx_HAL_Driver/Src/stm32g4xx_hal.o
                0x08004130                HAL_IncTick
 .text.HAL_GetTick
                0x08004148        0xc ./Drivers/STM32G4xx_HAL_Driver/Src/stm32g4xx_hal.o
                0x08004148                HAL_GetTick
 .text.HAL_Delay
                0x08004154       0x24 ./Drivers/STM32G4xx_HAL_Driver/Src/stm32g4xx_hal.o
                0x08004154                HAL_Delay
 .text.HAL_ADC_Init
                0x08004178      0x238 ./Drivers/STM32G4xx_HAL_Driver/Src/stm32g4xx_hal_adc.o
                0x08004178                HAL_ADC_Init
 .text.HAL_ADC_ConvCpltCallback
                0x080043b0        0x4 ./Drivers/STM32G4xx_HAL_Driver/Src/stm32g4xx_hal_adc.o
                0x080043b0                HAL_ADC_ConvCpltCallback
 .text.HAL_ADC_ConvHalfCpltCallback
                0x080043b4        0x4 ./Drivers/STM32G4xx_HAL_Driver/Src/stm32g4xx_hal_adc.o
                0x080043b4                HAL_ADC_ConvHalfCpltCallback
 .text.ADC_DMAHalfConvCplt
                0x080043b8        0xc ./Drivers/STM32G4xx_HAL_Driver/Src/stm32g4xx_hal_adc.o
                0x080043b8                ADC_DMAHalfConvCplt
 .text.HAL_ADC_ErrorCallback
                0x080043c4        0x4 ./Drivers/STM32G4xx_HAL_Driver/Src/stm32g4xx_hal_adc.o
                0x080043c4                HAL_ADC_ErrorCallback
 .text.ADC_DMAConvCplt
                0x080043c8       0x6c ./Drivers/STM32G4xx_HAL_Driver/Src/stm32g4xx_hal_adc.o
                0x080043c8                ADC_DMAConvCplt
 .text.ADC_DMAError
                0x08004434       0x1c ./Drivers/STM32G4xx_HAL_Driver/Src/stm32g4xx_hal_adc.o
                0x08004434                ADC_DMAError
 .text.HAL_ADC_ConfigChannel
                0x08004450      0x4fc ./Drivers/STM32G4xx_HAL_Driver/Src/stm32g4xx_hal_adc.o
                0x08004450                HAL_ADC_ConfigChannel
 .text.ADC_Enable
                0x0800494c       0xe4 ./Drivers/STM32G4xx_HAL_Driver/Src/stm32g4xx_hal_adc.o
                0x0800494c                ADC_Enable
 .text.HAL_ADC_Start_DMA
                0x08004a30      0x114 ./Drivers/STM32G4xx_HAL_Driver/Src/stm32g4xx_hal_adc.o
                0x08004a30                HAL_ADC_Start_DMA
 .text.ADC_Disable
                0x08004b44       0x74 ./Drivers/STM32G4xx_HAL_Driver/Src/stm32g4xx_hal_adc.o
                0x08004b44                ADC_Disable
 .text.HAL_ADCEx_Calibration_Start
                0x08004bb8       0x9c ./Drivers/STM32G4xx_HAL_Driver/Src/stm32g4xx_hal_adc_ex.o
                0x08004bb8                HAL_ADCEx_Calibration_Start
 .text.HAL_NVIC_SetPriorityGrouping
                0x08004c54       0x24 ./Drivers/STM32G4xx_HAL_Driver/Src/stm32g4xx_hal_cortex.o
                0x08004c54                HAL_NVIC_SetPriorityGrouping
 .text.HAL_NVIC_SetPriority
                0x08004c78       0x78 ./Drivers/STM32G4xx_HAL_Driver/Src/stm32g4xx_hal_cortex.o
                0x08004c78                HAL_NVIC_SetPriority
 .text.HAL_NVIC_EnableIRQ
                0x08004cf0       0x1c ./Drivers/STM32G4xx_HAL_Driver/Src/stm32g4xx_hal_cortex.o
                0x08004cf0                HAL_NVIC_EnableIRQ
 .text.HAL_SYSTICK_Config
                0x08004d0c       0x34 ./Drivers/STM32G4xx_HAL_Driver/Src/stm32g4xx_hal_cortex.o
                0x08004d0c                HAL_SYSTICK_Config
 .text.HAL_DMA_Init
                0x08004d40      0x124 ./Drivers/STM32G4xx_HAL_Driver/Src/stm32g4xx_hal_dma.o
                0x08004d40                HAL_DMA_Init
 .text.HAL_DMA_Start_IT
                0x08004e64       0xb0 ./Drivers/STM32G4xx_HAL_Driver/Src/stm32g4xx_hal_dma.o
                0x08004e64                HAL_DMA_Start_IT
 .text.HAL_DMA_IRQHandler
                0x08004f14       0x9c ./Drivers/STM32G4xx_HAL_Driver/Src/stm32g4xx_hal_dma.o
                0x08004f14                HAL_DMA_IRQHandler
 .text.HAL_FLASH_Program
                0x08004fb0      0x170 ./Drivers/STM32G4xx_HAL_Driver/Src/stm32g4xx_hal_flash.o
                0x08004fb0                HAL_FLASH_Program
 .text.HAL_FLASH_Unlock
                0x08005120       0x28 ./Drivers/STM32G4xx_HAL_Driver/Src/stm32g4xx_hal_flash.o
                0x08005120                HAL_FLASH_Unlock
 .text.HAL_FLASH_Lock
                0x08005148       0x18 ./Drivers/STM32G4xx_HAL_Driver/Src/stm32g4xx_hal_flash.o
                0x08005148                HAL_FLASH_Lock
 .text.FLASH_WaitForLastOperation
                0x08005160       0x50 ./Drivers/STM32G4xx_HAL_Driver/Src/stm32g4xx_hal_flash.o
                0x08005160                FLASH_WaitForLastOperation
 .text.HAL_FLASHEx_Erase
                0x080051b0      0x1a8 ./Drivers/STM32G4xx_HAL_Driver/Src/stm32g4xx_hal_flash_ex.o
                0x080051b0                HAL_FLASHEx_Erase
 .text.FLASH_FlushCaches
                0x08005358       0x60 ./Drivers/STM32G4xx_HAL_Driver/Src/stm32g4xx_hal_flash_ex.o
                0x08005358                FLASH_FlushCaches
 .text.HAL_GPIO_Init
                0x080053b8      0x210 ./Drivers/STM32G4xx_HAL_Driver/Src/stm32g4xx_hal_gpio.o
                0x080053b8                HAL_GPIO_Init
 .text.HAL_PWREx_ControlVoltageScaling
                0x080055c8       0xe4 ./Drivers/STM32G4xx_HAL_Driver/Src/stm32g4xx_hal_pwr_ex.o
                0x080055c8                HAL_PWREx_ControlVoltageScaling
 .text.HAL_PWREx_DisableUCPDDeadBattery
                0x080056ac       0x10 ./Drivers/STM32G4xx_HAL_Driver/Src/stm32g4xx_hal_pwr_ex.o
                0x080056ac                HAL_PWREx_DisableUCPDDeadBattery
 .text.HAL_RCC_OscConfig
                0x080056bc      0x48c ./Drivers/STM32G4xx_HAL_Driver/Src/stm32g4xx_hal_rcc.o
                0x080056bc                HAL_RCC_OscConfig
 .text.HAL_RCC_GetSysClockFreq
                0x08005b48       0x70 ./Drivers/STM32G4xx_HAL_Driver/Src/stm32g4xx_hal_rcc.o
                0x08005b48                HAL_RCC_GetSysClockFreq
 .text.HAL_RCC_ClockConfig
                0x08005bb8      0x208 ./Drivers/STM32G4xx_HAL_Driver/Src/stm32g4xx_hal_rcc.o
                0x08005bb8                HAL_RCC_ClockConfig
 .text.HAL_RCCEx_PeriphCLKConfig
                0x08005dc0      0x318 ./Drivers/STM32G4xx_HAL_Driver/Src/stm32g4xx_hal_rcc_ex.o
                0x08005dc0                HAL_RCCEx_PeriphCLKConfig
 .text.SPI_WaitFifoStateUntilTimeout.constprop.0
                0x080060d8       0xec ./Drivers/STM32G4xx_HAL_Driver/Src/stm32g4xx_hal_spi.o
 .text.SPI_EndRxTxTransaction
                0x080061c4      0x144 ./Drivers/STM32G4xx_HAL_Driver/Src/stm32g4xx_hal_spi.o
 .text.HAL_SPI_Init
                0x08006308       0xfc ./Drivers/STM32G4xx_HAL_Driver/Src/stm32g4xx_hal_spi.o
                0x08006308                HAL_SPI_Init
 .text.HAL_SPI_Transmit
                0x08006404      0x248 ./Drivers/STM32G4xx_HAL_Driver/Src/stm32g4xx_hal_spi.o
                0x08006404                HAL_SPI_Transmit
 .text.HAL_SPI_TransmitReceive
                0x0800664c      0x318 ./Drivers/STM32G4xx_HAL_Driver/Src/stm32g4xx_hal_spi.o
                0x0800664c                HAL_SPI_TransmitReceive
 .text.HAL_SRAM_Init
                0x08006964       0x5c ./Drivers/STM32G4xx_HAL_Driver/Src/stm32g4xx_hal_sram.o
                0x08006964                HAL_SRAM_Init
 .text.HAL_TIM_Base_Init
                0x080069c0      0x140 ./Drivers/STM32G4xx_HAL_Driver/Src/stm32g4xx_hal_tim.o
                0x080069c0                HAL_TIM_Base_Init
 .text.HAL_TIM_Base_Start
                0x08006b00       0x74 ./Drivers/STM32G4xx_HAL_Driver/Src/stm32g4xx_hal_tim.o
                0x08006b00                HAL_TIM_Base_Start
 .text.HAL_TIM_ConfigClockSource
                0x08006b74      0x1b4 ./Drivers/STM32G4xx_HAL_Driver/Src/stm32g4xx_hal_tim.o
                0x08006b74                HAL_TIM_ConfigClockSource
 .text.HAL_TIMEx_MasterConfigSynchronization
                0x08006d28       0xb4 ./Drivers/STM32G4xx_HAL_Driver/Src/stm32g4xx_hal_tim_ex.o
                0x08006d28                HAL_TIMEx_MasterConfigSynchronization
 .text.FMC_NORSRAM_Init
                0x08006ddc       0xe8 ./Drivers/STM32G4xx_HAL_Driver/Src/stm32g4xx_ll_fmc.o
                0x08006ddc                FMC_NORSRAM_Init
 .text.FMC_NORSRAM_Timing_Init
                0x08006ec4       0x58 ./Drivers/STM32G4xx_HAL_Driver/Src/stm32g4xx_ll_fmc.o
                0x08006ec4                FMC_NORSRAM_Timing_Init
 .text.FMC_NORSRAM_Extended_Timing_Init
                0x08006f1c       0x48 ./Drivers/STM32G4xx_HAL_Driver/Src/stm32g4xx_ll_fmc.o
                0x08006f1c                FMC_NORSRAM_Extended_Timing_Init
 .text.LL_GPIO_Init
                0x08006f64      0x188 ./Drivers/STM32G4xx_HAL_Driver/Src/stm32g4xx_ll_gpio.o
                0x08006f64                LL_GPIO_Init
 .text.LL_RCC_GetUSARTClockFreq
                0x080070ec      0x1d0 ./Drivers/STM32G4xx_HAL_Driver/Src/stm32g4xx_ll_rcc.o
                0x080070ec                LL_RCC_GetUSARTClockFreq
 .text.LL_RCC_GetUARTClockFreq
                0x080072bc      0x18c ./Drivers/STM32G4xx_HAL_Driver/Src/stm32g4xx_ll_rcc.o
                0x080072bc                LL_RCC_GetUARTClockFreq
 .text.LL_TIM_Init
                0x08007448       0xd8 ./Drivers/STM32G4xx_HAL_Driver/Src/stm32g4xx_ll_tim.o
                0x08007448                LL_TIM_Init
 .text.LL_TIM_OC_Init
                0x08007520      0x368 ./Drivers/STM32G4xx_HAL_Driver/Src/stm32g4xx_ll_tim.o
                0x08007520                LL_TIM_OC_Init
 .text.LL_USART_Init
                0x08007888      0x104 ./Drivers/STM32G4xx_HAL_Driver/Src/stm32g4xx_ll_usart.o
                0x08007888                LL_USART_Init
 .text.LED_init
                0x0800798c       0x54 ./System/LED.o
                0x0800798c                LED_init
 .text.LEDs_off
                0x080079e0       0x68 ./System/LED.o
                0x080079e0                LEDs_off
 .text.LEDs_write
                0x08007a48       0x78 ./System/LED.o
                0x08007a48                LEDs_write
 .text.SCI_init
                0x08007ac0       0x60 ./System/SCI.o
                0x08007ac0                SCI_init
 .text._write   0x08007b20       0x2c ./System/SCI.o
                0x08007b20                _write
 .text.SCI_receive_char_Callback
                0x08007b4c       0x18 ./System/SCI.o
                0x08007b4c                SCI_receive_char_Callback
 .text.SCI_transmit_char_Callback
                0x08007b64       0x44 ./System/SCI.o
                0x08007b64                SCI_transmit_char_Callback
 .text.XPT2046_touch_get_coordinates
                0x08007ba8      0x120 ./System/XPT2046_touch.o
                0x08007ba8                XPT2046_touch_get_coordinates
 .text.BUF_init
                0x08007cc8       0x10 ./System/buf.o
                0x08007cc8                BUF_init
 .text.BUF_flush
                0x08007cd8       0x10 ./System/buf.o
                0x08007cd8                BUF_flush
 .text.BUF_store_byte
                0x08007ce8       0x44 ./System/buf.o
                0x08007ce8                BUF_store_byte
 .text.BUF_get_byte
                0x08007d2c       0x30 ./System/buf.o
                0x08007d2c                BUF_get_byte
 .text.BUF_get_data_size
                0x08007d5c        0x4 ./System/buf.o
                0x08007d5c                BUF_get_data_size
 .text.JOY_init
                0x08007d60       0x6c ./System/joystick.o
                0x08007d60                JOY_init
 .text.KBD_init
                0x08007dcc       0x70 ./System/kbd.o
                0x08007dcc                KBD_init
 .text.KBD_scan
                0x08007e3c       0x54 ./System/kbd.o
                0x08007e3c                KBD_scan
 .text.KBD_get_pressed_key
                0x08007e90       0x28 ./System/kbd.o
                0x08007e90                KBD_get_pressed_key
 .text.KBD_flush
                0x08007eb8        0xc ./System/kbd.o
                0x08007eb8                KBD_flush
 .text.UserPixelSetFunction
                0x08007ec4       0x1c ./System/lcd.o
                0x08007ec4                UserPixelSetFunction
 .text.LCD_Init
                0x08007ee0       0x6c ./System/lcd.o
                0x08007ee0                LCD_Init
 .text.LCD_uGUI_init
                0x08007f4c       0x40 ./System/lcd.o
                0x08007f4c                LCD_uGUI_init
 .text.LL_TIM_OC_SetCompareCH1
                0x08007f8c        0x4 ./System/lcd_backlight.o
 .text.LL_TIM_OC_GetCompareCH1
                0x08007f90        0x4 ./System/lcd_backlight.o
 .text.LCD_BKLT_init
                0x08007f94       0x3c ./System/lcd_backlight.o
                0x08007f94                LCD_BKLT_init
 .text.ILI9341_SendData
                0x08007fd0       0x28 ./System/lcd_ili9341.o
                0x08007fd0                ILI9341_SendData
 .text.ILI9341_SendRepeatedData
                0x08007ff8       0x18 ./System/lcd_ili9341.o
                0x08007ff8                ILI9341_SendRepeatedData
 .text.ILI9341_SetDisplayWindow
                0x08008010       0xd8 ./System/lcd_ili9341.o
                0x08008010                ILI9341_SetDisplayWindow
 .text.ILI9341_Init
                0x080080e8       0xe8 ./System/lcd_ili9341.o
                0x080080e8                ILI9341_Init
 .text.ILI9341_WaitTransfer
                0x080081d0        0x8 ./System/lcd_ili9341.o
                0x080081d0                ILI9341_WaitTransfer
 .text.ILI9341_DisplayOn
                0x080081d8       0x10 ./System/lcd_ili9341.o
                0x080081d8                ILI9341_DisplayOn
 .text.ILI9341_GetParam
                0x080081e8       0x2c ./System/lcd_ili9341.o
                0x080081e8                ILI9341_GetParam
 .text.PSERV_init
                0x08008214       0x18 ./System/periodic_services.o
                0x08008214                PSERV_init
 .text.PSERV_enable
                0x0800822c       0x14 ./System/periodic_services.o
                0x0800822c                PSERV_enable
 .text.PSERV_run_services_Callback
                0x08008240        0x4 ./System/periodic_services.o
                0x08008240                PSERV_run_services_Callback
 .text.TIMUT_stopwatch_set_time_mark
                0x08008244        0xc ./System/timing_utils.o
                0x08008244                TIMUT_stopwatch_set_time_mark
 .text.TIMUT_stopwatch_has_X_ms_passed
                0x08008250       0x1c ./System/timing_utils.o
                0x08008250                TIMUT_stopwatch_has_X_ms_passed
 .text.TIMUT_stopwatch_has_another_X_ms_passed
                0x0800826c       0x30 ./System/timing_utils.o
                0x0800826c                TIMUT_stopwatch_has_another_X_ms_passed
 .text.TIMUT_stopwatch_get_remaining_time
                0x0800829c       0x1c ./System/timing_utils.o
                0x0800829c                TIMUT_stopwatch_get_remaining_time
 .text.TIMUT_stopwatch_set_time_mark_with_remaining_time
                0x080082b8       0x14 ./System/timing_utils.o
                0x080082b8                TIMUT_stopwatch_set_time_mark_with_remaining_time
 .text.UG_Init  0x080082cc       0x68 ./System/ugui.o
                0x080082cc                UG_Init
 .text.UG_FontSelect
                0x08008334       0x24 ./System/ugui.o
                0x08008334                UG_FontSelect
 .text.UG_SetForecolor
                0x08008358        0xc ./System/ugui.o
                0x08008358                UG_SetForecolor
 .text.UG_SetBackcolor
                0x08008364        0xc ./System/ugui.o
                0x08008364                UG_SetBackcolor
 .text._UG_PutChar
                0x08008370      0x3d8 ./System/ugui.o
                0x08008370                _UG_PutChar
 .text.UG_PutString
                0x08008748       0x84 ./System/ugui.o
                0x08008748                UG_PutString
 .text.malloc   0x080087cc       0x10 C:/ST/STM32CubeIDE_1.16.1/STM32CubeIDE/plugins/com.st.stm32cube.ide.mcu.externaltools.gnu-tools-for-stm32.12.3.rel1.win32_1.0.200.202406191623/tools/bin/../lib/gcc/arm-none-eabi/12.3.1/../../../../arm-none-eabi/lib/thumb/v7e-m+fp/hard\libc_nano.a(libc_a-malloc.o)
                0x080087cc                malloc
 .text.free     0x080087dc       0x10 C:/ST/STM32CubeIDE_1.16.1/STM32CubeIDE/plugins/com.st.stm32cube.ide.mcu.externaltools.gnu-tools-for-stm32.12.3.rel1.win32_1.0.200.202406191623/tools/bin/../lib/gcc/arm-none-eabi/12.3.1/../../../../arm-none-eabi/lib/thumb/v7e-m+fp/hard\libc_nano.a(libc_a-malloc.o)
                0x080087dc                free
 .text.sbrk_aligned
                0x080087ec       0x44 C:/ST/STM32CubeIDE_1.16.1/STM32CubeIDE/plugins/com.st.stm32cube.ide.mcu.externaltools.gnu-tools-for-stm32.12.3.rel1.win32_1.0.200.202406191623/tools/bin/../lib/gcc/arm-none-eabi/12.3.1/../../../../arm-none-eabi/lib/thumb/v7e-m+fp/hard\libc_nano.a(libc_a-mallocr.o)
 .text._malloc_r
                0x08008830      0x100 C:/ST/STM32CubeIDE_1.16.1/STM32CubeIDE/plugins/com.st.stm32cube.ide.mcu.externaltools.gnu-tools-for-stm32.12.3.rel1.win32_1.0.200.202406191623/tools/bin/../lib/gcc/arm-none-eabi/12.3.1/../../../../arm-none-eabi/lib/thumb/v7e-m+fp/hard\libc_nano.a(libc_a-mallocr.o)
                0x08008830                _malloc_r
 .text.__malloc_lock
                0x08008930        0xc C:/ST/STM32CubeIDE_1.16.1/STM32CubeIDE/plugins/com.st.stm32cube.ide.mcu.externaltools.gnu-tools-for-stm32.12.3.rel1.win32_1.0.200.202406191623/tools/bin/../lib/gcc/arm-none-eabi/12.3.1/../../../../arm-none-eabi/lib/thumb/v7e-m+fp/hard\libc_nano.a(libc_a-mlock.o)
                0x08008930                __malloc_lock
 .text.__malloc_unlock
                0x0800893c        0xc C:/ST/STM32CubeIDE_1.16.1/STM32CubeIDE/plugins/com.st.stm32cube.ide.mcu.externaltools.gnu-tools-for-stm32.12.3.rel1.win32_1.0.200.202406191623/tools/bin/../lib/gcc/arm-none-eabi/12.3.1/../../../../arm-none-eabi/lib/thumb/v7e-m+fp/hard\libc_nano.a(libc_a-mlock.o)
                0x0800893c                __malloc_unlock
 .text.srand    0x08008948       0x5c C:/ST/STM32CubeIDE_1.16.1/STM32CubeIDE/plugins/com.st.stm32cube.ide.mcu.externaltools.gnu-tools-for-stm32.12.3.rel1.win32_1.0.200.202406191623/tools/bin/../lib/gcc/arm-none-eabi/12.3.1/../../../../arm-none-eabi/lib/thumb/v7e-m+fp/hard\libc_nano.a(libc_a-rand.o)
                0x08008948                srand
 .text.rand     0x080089a4       0x7c C:/ST/STM32CubeIDE_1.16.1/STM32CubeIDE/plugins/com.st.stm32cube.ide.mcu.externaltools.gnu-tools-for-stm32.12.3.rel1.win32_1.0.200.202406191623/tools/bin/../lib/gcc/arm-none-eabi/12.3.1/../../../../arm-none-eabi/lib/thumb/v7e-m+fp/hard\libc_nano.a(libc_a-rand.o)
                0x080089a4                rand
 .text.std      0x08008a20       0x6c C:/ST/STM32CubeIDE_1.16.1/STM32CubeIDE/plugins/com.st.stm32cube.ide.mcu.externaltools.gnu-tools-for-stm32.12.3.rel1.win32_1.0.200.202406191623/tools/bin/../lib/gcc/arm-none-eabi/12.3.1/../../../../arm-none-eabi/lib/thumb/v7e-m+fp/hard\libc_nano.a(libc_a-findfp.o)
 .text.stdio_exit_handler
                0x08008a8c       0x18 C:/ST/STM32CubeIDE_1.16.1/STM32CubeIDE/plugins/com.st.stm32cube.ide.mcu.externaltools.gnu-tools-for-stm32.12.3.rel1.win32_1.0.200.202406191623/tools/bin/../lib/gcc/arm-none-eabi/12.3.1/../../../../arm-none-eabi/lib/thumb/v7e-m+fp/hard\libc_nano.a(libc_a-findfp.o)
 .text.cleanup_stdio
                0x08008aa4       0x40 C:/ST/STM32CubeIDE_1.16.1/STM32CubeIDE/plugins/com.st.stm32cube.ide.mcu.externaltools.gnu-tools-for-stm32.12.3.rel1.win32_1.0.200.202406191623/tools/bin/../lib/gcc/arm-none-eabi/12.3.1/../../../../arm-none-eabi/lib/thumb/v7e-m+fp/hard\libc_nano.a(libc_a-findfp.o)
 .text.global_stdio_init.part.0
                0x08008ae4       0x3c C:/ST/STM32CubeIDE_1.16.1/STM32CubeIDE/plugins/com.st.stm32cube.ide.mcu.externaltools.gnu-tools-for-stm32.12.3.rel1.win32_1.0.200.202406191623/tools/bin/../lib/gcc/arm-none-eabi/12.3.1/../../../../arm-none-eabi/lib/thumb/v7e-m+fp/hard\libc_nano.a(libc_a-findfp.o)
 .text.__sfp_lock_acquire
                0x08008b20        0xc C:/ST/STM32CubeIDE_1.16.1/STM32CubeIDE/plugins/com.st.stm32cube.ide.mcu.externaltools.gnu-tools-for-stm32.12.3.rel1.win32_1.0.200.202406191623/tools/bin/../lib/gcc/arm-none-eabi/12.3.1/../../../../arm-none-eabi/lib/thumb/v7e-m+fp/hard\libc_nano.a(libc_a-findfp.o)
                0x08008b20                __sfp_lock_acquire
 .text.__sfp_lock_release
                0x08008b2c        0xc C:/ST/STM32CubeIDE_1.16.1/STM32CubeIDE/plugins/com.st.stm32cube.ide.mcu.externaltools.gnu-tools-for-stm32.12.3.rel1.win32_1.0.200.202406191623/tools/bin/../lib/gcc/arm-none-eabi/12.3.1/../../../../arm-none-eabi/lib/thumb/v7e-m+fp/hard\libc_nano.a(libc_a-findfp.o)
                0x08008b2c                __sfp_lock_release
 .text.__sinit  0x08008b38       0x30 C:/ST/STM32CubeIDE_1.16.1/STM32CubeIDE/plugins/com.st.stm32cube.ide.mcu.externaltools.gnu-tools-for-stm32.12.3.rel1.win32_1.0.200.202406191623/tools/bin/../lib/gcc/arm-none-eabi/12.3.1/../../../../arm-none-eabi/lib/thumb/v7e-m+fp/hard\libc_nano.a(libc_a-findfp.o)
                0x08008b38                __sinit
 .text._fwalk_sglue
                0x08008b68       0x3c C:/ST/STM32CubeIDE_1.16.1/STM32CubeIDE/plugins/com.st.stm32cube.ide.mcu.externaltools.gnu-tools-for-stm32.12.3.rel1.win32_1.0.200.202406191623/tools/bin/../lib/gcc/arm-none-eabi/12.3.1/../../../../arm-none-eabi/lib/thumb/v7e-m+fp/hard\libc_nano.a(libc_a-fwalk.o)
                0x08008b68                _fwalk_sglue
 .text.printf   0x08008ba4       0x24 C:/ST/STM32CubeIDE_1.16.1/STM32CubeIDE/plugins/com.st.stm32cube.ide.mcu.externaltools.gnu-tools-for-stm32.12.3.rel1.win32_1.0.200.202406191623/tools/bin/../lib/gcc/arm-none-eabi/12.3.1/../../../../arm-none-eabi/lib/thumb/v7e-m+fp/hard\libc_nano.a(libc_a-printf.o)
                0x08008ba4                iprintf
                0x08008ba4                printf
 .text.setvbuf  0x08008bc8      0x168 C:/ST/STM32CubeIDE_1.16.1/STM32CubeIDE/plugins/com.st.stm32cube.ide.mcu.externaltools.gnu-tools-for-stm32.12.3.rel1.win32_1.0.200.202406191623/tools/bin/../lib/gcc/arm-none-eabi/12.3.1/../../../../arm-none-eabi/lib/thumb/v7e-m+fp/hard\libc_nano.a(libc_a-setvbuf.o)
                0x08008bc8                setvbuf
 .text.sprintf  0x08008d30       0x40 C:/ST/STM32CubeIDE_1.16.1/STM32CubeIDE/plugins/com.st.stm32cube.ide.mcu.externaltools.gnu-tools-for-stm32.12.3.rel1.win32_1.0.200.202406191623/tools/bin/../lib/gcc/arm-none-eabi/12.3.1/../../../../arm-none-eabi/lib/thumb/v7e-m+fp/hard\libc_nano.a(libc_a-sprintf.o)
                0x08008d30                siprintf
                0x08008d30                sprintf
 .text.__sread  0x08008d70       0x22 C:/ST/STM32CubeIDE_1.16.1/STM32CubeIDE/plugins/com.st.stm32cube.ide.mcu.externaltools.gnu-tools-for-stm32.12.3.rel1.win32_1.0.200.202406191623/tools/bin/../lib/gcc/arm-none-eabi/12.3.1/../../../../arm-none-eabi/lib/thumb/v7e-m+fp/hard\libc_nano.a(libc_a-stdio.o)
                0x08008d70                __sread
 .text.__swrite
                0x08008d92       0x38 C:/ST/STM32CubeIDE_1.16.1/STM32CubeIDE/plugins/com.st.stm32cube.ide.mcu.externaltools.gnu-tools-for-stm32.12.3.rel1.win32_1.0.200.202406191623/tools/bin/../lib/gcc/arm-none-eabi/12.3.1/../../../../arm-none-eabi/lib/thumb/v7e-m+fp/hard\libc_nano.a(libc_a-stdio.o)
                0x08008d92                __swrite
 .text.__sseek  0x08008dca       0x24 C:/ST/STM32CubeIDE_1.16.1/STM32CubeIDE/plugins/com.st.stm32cube.ide.mcu.externaltools.gnu-tools-for-stm32.12.3.rel1.win32_1.0.200.202406191623/tools/bin/../lib/gcc/arm-none-eabi/12.3.1/../../../../arm-none-eabi/lib/thumb/v7e-m+fp/hard\libc_nano.a(libc_a-stdio.o)
                0x08008dca                __sseek
 .text.__sclose
                0x08008dee        0x8 C:/ST/STM32CubeIDE_1.16.1/STM32CubeIDE/plugins/com.st.stm32cube.ide.mcu.externaltools.gnu-tools-for-stm32.12.3.rel1.win32_1.0.200.202406191623/tools/bin/../lib/gcc/arm-none-eabi/12.3.1/../../../../arm-none-eabi/lib/thumb/v7e-m+fp/hard\libc_nano.a(libc_a-stdio.o)
                0x08008dee                __sclose
 .text.__swbuf_r
                0x08008df6       0x7c C:/ST/STM32CubeIDE_1.16.1/STM32CubeIDE/plugins/com.st.stm32cube.ide.mcu.externaltools.gnu-tools-for-stm32.12.3.rel1.win32_1.0.200.202406191623/tools/bin/../lib/gcc/arm-none-eabi/12.3.1/../../../../arm-none-eabi/lib/thumb/v7e-m+fp/hard\libc_nano.a(libc_a-wbuf.o)
                0x08008df6                __swbuf_r
 *fill*         0x08008e72        0x2 
 .text.__swsetup_r
                0x08008e74       0xac C:/ST/STM32CubeIDE_1.16.1/STM32CubeIDE/plugins/com.st.stm32cube.ide.mcu.externaltools.gnu-tools-for-stm32.12.3.rel1.win32_1.0.200.202406191623/tools/bin/../lib/gcc/arm-none-eabi/12.3.1/../../../../arm-none-eabi/lib/thumb/v7e-m+fp/hard\libc_nano.a(libc_a-wsetup.o)
                0x08008e74                __swsetup_r
 .text.memset   0x08008f20       0x10 C:/ST/STM32CubeIDE_1.16.1/STM32CubeIDE/plugins/com.st.stm32cube.ide.mcu.externaltools.gnu-tools-for-stm32.12.3.rel1.win32_1.0.200.202406191623/tools/bin/../lib/gcc/arm-none-eabi/12.3.1/../../../../arm-none-eabi/lib/thumb/v7e-m+fp/hard\libc_nano.a(libc_a-memset.o)
                0x08008f20                memset
 .text._close_r
                0x08008f30       0x20 C:/ST/STM32CubeIDE_1.16.1/STM32CubeIDE/plugins/com.st.stm32cube.ide.mcu.externaltools.gnu-tools-for-stm32.12.3.rel1.win32_1.0.200.202406191623/tools/bin/../lib/gcc/arm-none-eabi/12.3.1/../../../../arm-none-eabi/lib/thumb/v7e-m+fp/hard\libc_nano.a(libc_a-closer.o)
                0x08008f30                _close_r
 .text._lseek_r
                0x08008f50       0x24 C:/ST/STM32CubeIDE_1.16.1/STM32CubeIDE/plugins/com.st.stm32cube.ide.mcu.externaltools.gnu-tools-for-stm32.12.3.rel1.win32_1.0.200.202406191623/tools/bin/../lib/gcc/arm-none-eabi/12.3.1/../../../../arm-none-eabi/lib/thumb/v7e-m+fp/hard\libc_nano.a(libc_a-lseekr.o)
                0x08008f50                _lseek_r
 .text._read_r  0x08008f74       0x24 C:/ST/STM32CubeIDE_1.16.1/STM32CubeIDE/plugins/com.st.stm32cube.ide.mcu.externaltools.gnu-tools-for-stm32.12.3.rel1.win32_1.0.200.202406191623/tools/bin/../lib/gcc/arm-none-eabi/12.3.1/../../../../arm-none-eabi/lib/thumb/v7e-m+fp/hard\libc_nano.a(libc_a-readr.o)
                0x08008f74                _read_r
 .text._sbrk_r  0x08008f98       0x20 C:/ST/STM32CubeIDE_1.16.1/STM32CubeIDE/plugins/com.st.stm32cube.ide.mcu.externaltools.gnu-tools-for-stm32.12.3.rel1.win32_1.0.200.202406191623/tools/bin/../lib/gcc/arm-none-eabi/12.3.1/../../../../arm-none-eabi/lib/thumb/v7e-m+fp/hard\libc_nano.a(libc_a-sbrkr.o)
                0x08008f98                _sbrk_r
 .text._write_r
                0x08008fb8       0x24 C:/ST/STM32CubeIDE_1.16.1/STM32CubeIDE/plugins/com.st.stm32cube.ide.mcu.externaltools.gnu-tools-for-stm32.12.3.rel1.win32_1.0.200.202406191623/tools/bin/../lib/gcc/arm-none-eabi/12.3.1/../../../../arm-none-eabi/lib/thumb/v7e-m+fp/hard\libc_nano.a(libc_a-writer.o)
                0x08008fb8                _write_r
 .text.__errno  0x08008fdc        0xc C:/ST/STM32CubeIDE_1.16.1/STM32CubeIDE/plugins/com.st.stm32cube.ide.mcu.externaltools.gnu-tools-for-stm32.12.3.rel1.win32_1.0.200.202406191623/tools/bin/../lib/gcc/arm-none-eabi/12.3.1/../../../../arm-none-eabi/lib/thumb/v7e-m+fp/hard\libc_nano.a(libc_a-errno.o)
                0x08008fdc                __errno
 .text.__libc_init_array
                0x08008fe8       0x48 C:/ST/STM32CubeIDE_1.16.1/STM32CubeIDE/plugins/com.st.stm32cube.ide.mcu.externaltools.gnu-tools-for-stm32.12.3.rel1.win32_1.0.200.202406191623/tools/bin/../lib/gcc/arm-none-eabi/12.3.1/../../../../arm-none-eabi/lib/thumb/v7e-m+fp/hard\libc_nano.a(libc_a-init.o)
                0x08008fe8                __libc_init_array
 .text.__retarget_lock_init_recursive
                0x08009030        0x2 C:/ST/STM32CubeIDE_1.16.1/STM32CubeIDE/plugins/com.st.stm32cube.ide.mcu.externaltools.gnu-tools-for-stm32.12.3.rel1.win32_1.0.200.202406191623/tools/bin/../lib/gcc/arm-none-eabi/12.3.1/../../../../arm-none-eabi/lib/thumb/v7e-m+fp/hard\libc_nano.a(libc_a-lock.o)
                0x08009030                __retarget_lock_init_recursive
 .text.__retarget_lock_acquire_recursive
                0x08009032        0x2 C:/ST/STM32CubeIDE_1.16.1/STM32CubeIDE/plugins/com.st.stm32cube.ide.mcu.externaltools.gnu-tools-for-stm32.12.3.rel1.win32_1.0.200.202406191623/tools/bin/../lib/gcc/arm-none-eabi/12.3.1/../../../../arm-none-eabi/lib/thumb/v7e-m+fp/hard\libc_nano.a(libc_a-lock.o)
                0x08009032                __retarget_lock_acquire_recursive
 .text.__retarget_lock_release_recursive
                0x08009034        0x2 C:/ST/STM32CubeIDE_1.16.1/STM32CubeIDE/plugins/com.st.stm32cube.ide.mcu.externaltools.gnu-tools-for-stm32.12.3.rel1.win32_1.0.200.202406191623/tools/bin/../lib/gcc/arm-none-eabi/12.3.1/../../../../arm-none-eabi/lib/thumb/v7e-m+fp/hard\libc_nano.a(libc_a-lock.o)
                0x08009034                __retarget_lock_release_recursive
 *fill*         0x08009036        0x2 
 .text.__assert_func
                0x08009038       0x3c C:/ST/STM32CubeIDE_1.16.1/STM32CubeIDE/plugins/com.st.stm32cube.ide.mcu.externaltools.gnu-tools-for-stm32.12.3.rel1.win32_1.0.200.202406191623/tools/bin/../lib/gcc/arm-none-eabi/12.3.1/../../../../arm-none-eabi/lib/thumb/v7e-m+fp/hard\libc_nano.a(libc_a-assert.o)
                0x08009038                __assert_func
 .text._free_r  0x08009074       0x94 C:/ST/STM32CubeIDE_1.16.1/STM32CubeIDE/plugins/com.st.stm32cube.ide.mcu.externaltools.gnu-tools-for-stm32.12.3.rel1.win32_1.0.200.202406191623/tools/bin/../lib/gcc/arm-none-eabi/12.3.1/../../../../arm-none-eabi/lib/thumb/v7e-m+fp/hard\libc_nano.a(libc_a-freer.o)
                0x08009074                _free_r
 .text.__ssputs_r
                0x08009108       0xb6 C:/ST/STM32CubeIDE_1.16.1/STM32CubeIDE/plugins/com.st.stm32cube.ide.mcu.externaltools.gnu-tools-for-stm32.12.3.rel1.win32_1.0.200.202406191623/tools/bin/../lib/gcc/arm-none-eabi/12.3.1/../../../../arm-none-eabi/lib/thumb/v7e-m+fp/hard\libc_nano.a(libc_a-nano-svfprintf.o)
                0x08009108                __ssputs_r
 *fill*         0x080091be        0x2 
 .text._svfprintf_r
                0x080091c0      0x1f8 C:/ST/STM32CubeIDE_1.16.1/STM32CubeIDE/plugins/com.st.stm32cube.ide.mcu.externaltools.gnu-tools-for-stm32.12.3.rel1.win32_1.0.200.202406191623/tools/bin/../lib/gcc/arm-none-eabi/12.3.1/../../../../arm-none-eabi/lib/thumb/v7e-m+fp/hard\libc_nano.a(libc_a-nano-svfprintf.o)
                0x080091c0                _svfiprintf_r
                0x080091c0                _svfprintf_r
 .text.__sfputc_r
                0x080093b8       0x2e C:/ST/STM32CubeIDE_1.16.1/STM32CubeIDE/plugins/com.st.stm32cube.ide.mcu.externaltools.gnu-tools-for-stm32.12.3.rel1.win32_1.0.200.202406191623/tools/bin/../lib/gcc/arm-none-eabi/12.3.1/../../../../arm-none-eabi/lib/thumb/v7e-m+fp/hard\libc_nano.a(libc_a-nano-vfprintf.o)
 .text.__sfputs_r
                0x080093e6       0x24 C:/ST/STM32CubeIDE_1.16.1/STM32CubeIDE/plugins/com.st.stm32cube.ide.mcu.externaltools.gnu-tools-for-stm32.12.3.rel1.win32_1.0.200.202406191623/tools/bin/../lib/gcc/arm-none-eabi/12.3.1/../../../../arm-none-eabi/lib/thumb/v7e-m+fp/hard\libc_nano.a(libc_a-nano-vfprintf.o)
                0x080093e6                __sfputs_r
 *fill*         0x0800940a        0x2 
 .text._vfprintf_r
                0x0800940c      0x230 C:/ST/STM32CubeIDE_1.16.1/STM32CubeIDE/plugins/com.st.stm32cube.ide.mcu.externaltools.gnu-tools-for-stm32.12.3.rel1.win32_1.0.200.202406191623/tools/bin/../lib/gcc/arm-none-eabi/12.3.1/../../../../arm-none-eabi/lib/thumb/v7e-m+fp/hard\libc_nano.a(libc_a-nano-vfprintf.o)
                0x0800940c                _vfprintf_r
                0x0800940c                _vfiprintf_r
 .text._printf_common
                0x0800963c       0xda C:/ST/STM32CubeIDE_1.16.1/STM32CubeIDE/plugins/com.st.stm32cube.ide.mcu.externaltools.gnu-tools-for-stm32.12.3.rel1.win32_1.0.200.202406191623/tools/bin/../lib/gcc/arm-none-eabi/12.3.1/../../../../arm-none-eabi/lib/thumb/v7e-m+fp/hard\libc_nano.a(libc_a-nano-vfprintf_i.o)
                0x0800963c                _printf_common
 *fill*         0x08009716        0x2 
 .text._printf_i
                0x08009718      0x240 C:/ST/STM32CubeIDE_1.16.1/STM32CubeIDE/plugins/com.st.stm32cube.ide.mcu.externaltools.gnu-tools-for-stm32.12.3.rel1.win32_1.0.200.202406191623/tools/bin/../lib/gcc/arm-none-eabi/12.3.1/../../../../arm-none-eabi/lib/thumb/v7e-m+fp/hard\libc_nano.a(libc_a-nano-vfprintf_i.o)
                0x08009718                _printf_i
 .text.__sflush_r
                0x08009958      0x108 C:/ST/STM32CubeIDE_1.16.1/STM32CubeIDE/plugins/com.st.stm32cube.ide.mcu.externaltools.gnu-tools-for-stm32.12.3.rel1.win32_1.0.200.202406191623/tools/bin/../lib/gcc/arm-none-eabi/12.3.1/../../../../arm-none-eabi/lib/thumb/v7e-m+fp/hard\libc_nano.a(libc_a-fflush.o)
                0x08009958                __sflush_r
 .text._fflush_r
                0x08009a60       0x50 C:/ST/STM32CubeIDE_1.16.1/STM32CubeIDE/plugins/com.st.stm32cube.ide.mcu.externaltools.gnu-tools-for-stm32.12.3.rel1.win32_1.0.200.202406191623/tools/bin/../lib/gcc/arm-none-eabi/12.3.1/../../../../arm-none-eabi/lib/thumb/v7e-m+fp/hard\libc_nano.a(libc_a-fflush.o)
                0x08009a60                _fflush_r
 .text.fprintf  0x08009ab0       0x24 C:/ST/STM32CubeIDE_1.16.1/STM32CubeIDE/plugins/com.st.stm32cube.ide.mcu.externaltools.gnu-tools-for-stm32.12.3.rel1.win32_1.0.200.202406191623/tools/bin/../lib/gcc/arm-none-eabi/12.3.1/../../../../arm-none-eabi/lib/thumb/v7e-m+fp/hard\libc_nano.a(libc_a-fprintf.o)
                0x08009ab0                fiprintf
                0x08009ab0                fprintf
 .text.__swhatbuf_r
                0x08009ad4       0x4c C:/ST/STM32CubeIDE_1.16.1/STM32CubeIDE/plugins/com.st.stm32cube.ide.mcu.externaltools.gnu-tools-for-stm32.12.3.rel1.win32_1.0.200.202406191623/tools/bin/../lib/gcc/arm-none-eabi/12.3.1/../../../../arm-none-eabi/lib/thumb/v7e-m+fp/hard\libc_nano.a(libc_a-makebuf.o)
                0x08009ad4                __swhatbuf_r
 .text.__smakebuf_r
                0x08009b20       0x78 C:/ST/STM32CubeIDE_1.16.1/STM32CubeIDE/plugins/com.st.stm32cube.ide.mcu.externaltools.gnu-tools-for-stm32.12.3.rel1.win32_1.0.200.202406191623/tools/bin/../lib/gcc/arm-none-eabi/12.3.1/../../../../arm-none-eabi/lib/thumb/v7e-m+fp/hard\libc_nano.a(libc_a-makebuf.o)
                0x08009b20                __smakebuf_r
 .text.memmove  0x08009b98       0x34 C:/ST/STM32CubeIDE_1.16.1/STM32CubeIDE/plugins/com.st.stm32cube.ide.mcu.externaltools.gnu-tools-for-stm32.12.3.rel1.win32_1.0.200.202406191623/tools/bin/../lib/gcc/arm-none-eabi/12.3.1/../../../../arm-none-eabi/lib/thumb/v7e-m+fp/hard\libc_nano.a(libc_a-memmove.o)
                0x08009b98                memmove
 .text._fstat_r
                0x08009bcc       0x24 C:/ST/STM32CubeIDE_1.16.1/STM32CubeIDE/plugins/com.st.stm32cube.ide.mcu.externaltools.gnu-tools-for-stm32.12.3.rel1.win32_1.0.200.202406191623/tools/bin/../lib/gcc/arm-none-eabi/12.3.1/../../../../arm-none-eabi/lib/thumb/v7e-m+fp/hard\libc_nano.a(libc_a-fstatr.o)
                0x08009bcc                _fstat_r
 .text._isatty_r
                0x08009bf0       0x20 C:/ST/STM32CubeIDE_1.16.1/STM32CubeIDE/plugins/com.st.stm32cube.ide.mcu.externaltools.gnu-tools-for-stm32.12.3.rel1.win32_1.0.200.202406191623/tools/bin/../lib/gcc/arm-none-eabi/12.3.1/../../../../arm-none-eabi/lib/thumb/v7e-m+fp/hard\libc_nano.a(libc_a-isattyr.o)
                0x08009bf0                _isatty_r
 .text.memcpy   0x08009c10       0x1c C:/ST/STM32CubeIDE_1.16.1/STM32CubeIDE/plugins/com.st.stm32cube.ide.mcu.externaltools.gnu-tools-for-stm32.12.3.rel1.win32_1.0.200.202406191623/tools/bin/../lib/gcc/arm-none-eabi/12.3.1/../../../../arm-none-eabi/lib/thumb/v7e-m+fp/hard\libc_nano.a(libc_a-memcpy-stub.o)
                0x08009c10                memcpy
 .text.abort    0x08009c2c        0xe C:/ST/STM32CubeIDE_1.16.1/STM32CubeIDE/plugins/com.st.stm32cube.ide.mcu.externaltools.gnu-tools-for-stm32.12.3.rel1.win32_1.0.200.202406191623/tools/bin/../lib/gcc/arm-none-eabi/12.3.1/../../../../arm-none-eabi/lib/thumb/v7e-m+fp/hard\libc_nano.a(libc_a-abort.o)
                0x08009c2c                abort
 .text._realloc_r
                0x08009c3a       0x5c C:/ST/STM32CubeIDE_1.16.1/STM32CubeIDE/plugins/com.st.stm32cube.ide.mcu.externaltools.gnu-tools-for-stm32.12.3.rel1.win32_1.0.200.202406191623/tools/bin/../lib/gcc/arm-none-eabi/12.3.1/../../../../arm-none-eabi/lib/thumb/v7e-m+fp/hard\libc_nano.a(libc_a-reallocr.o)
                0x08009c3a                _realloc_r
 .text._raise_r
                0x08009c96       0x50 C:/ST/STM32CubeIDE_1.16.1/STM32CubeIDE/plugins/com.st.stm32cube.ide.mcu.externaltools.gnu-tools-for-stm32.12.3.rel1.win32_1.0.200.202406191623/tools/bin/../lib/gcc/arm-none-eabi/12.3.1/../../../../arm-none-eabi/lib/thumb/v7e-m+fp/hard\libc_nano.a(libc_a-signal.o)
                0x08009c96                _raise_r
 *fill*         0x08009ce6        0x2 
 .text.raise    0x08009ce8       0x10 C:/ST/STM32CubeIDE_1.16.1/STM32CubeIDE/plugins/com.st.stm32cube.ide.mcu.externaltools.gnu-tools-for-stm32.12.3.rel1.win32_1.0.200.202406191623/tools/bin/../lib/gcc/arm-none-eabi/12.3.1/../../../../arm-none-eabi/lib/thumb/v7e-m+fp/hard\libc_nano.a(libc_a-signal.o)
                0x08009ce8                raise
 .text._kill_r  0x08009cf8       0x24 C:/ST/STM32CubeIDE_1.16.1/STM32CubeIDE/plugins/com.st.stm32cube.ide.mcu.externaltools.gnu-tools-for-stm32.12.3.rel1.win32_1.0.200.202406191623/tools/bin/../lib/gcc/arm-none-eabi/12.3.1/../../../../arm-none-eabi/lib/thumb/v7e-m+fp/hard\libc_nano.a(libc_a-signalr.o)
                0x08009cf8                _kill_r
 .text._getpid_r
                0x08009d1c        0x4 C:/ST/STM32CubeIDE_1.16.1/STM32CubeIDE/plugins/com.st.stm32cube.ide.mcu.externaltools.gnu-tools-for-stm32.12.3.rel1.win32_1.0.200.202406191623/tools/bin/../lib/gcc/arm-none-eabi/12.3.1/../../../../arm-none-eabi/lib/thumb/v7e-m+fp/hard\libc_nano.a(libc_a-signalr.o)
                0x08009d1c                _getpid_r
 .text._malloc_usable_size_r
                0x08009d20       0x10 C:/ST/STM32CubeIDE_1.16.1/STM32CubeIDE/plugins/com.st.stm32cube.ide.mcu.externaltools.gnu-tools-for-stm32.12.3.rel1.win32_1.0.200.202406191623/tools/bin/../lib/gcc/arm-none-eabi/12.3.1/../../../../arm-none-eabi/lib/thumb/v7e-m+fp/hard\libc_nano.a(libc_a-msizer.o)
                0x08009d20                _malloc_usable_size_r
 *(.glue_7)
 .glue_7        0x08009d30        0x0 linker stubs
 *(.glue_7t)
 .glue_7t       0x08009d30        0x0 linker stubs
 *(.eh_frame)
 .eh_frame      0x08009d30        0x0 C:/ST/STM32CubeIDE_1.16.1/STM32CubeIDE/plugins/com.st.stm32cube.ide.mcu.externaltools.gnu-tools-for-stm32.12.3.rel1.win32_1.0.200.202406191623/tools/bin/../lib/gcc/arm-none-eabi/12.3.1/thumb/v7e-m+fp/hard/crtbegin.o
 *(.init)
 .init          0x08009d30        0x4 C:/ST/STM32CubeIDE_1.16.1/STM32CubeIDE/plugins/com.st.stm32cube.ide.mcu.externaltools.gnu-tools-for-stm32.12.3.rel1.win32_1.0.200.202406191623/tools/bin/../lib/gcc/arm-none-eabi/12.3.1/thumb/v7e-m+fp/hard/crti.o
                0x08009d30                _init
 .init          0x08009d34        0x8 C:/ST/STM32CubeIDE_1.16.1/STM32CubeIDE/plugins/com.st.stm32cube.ide.mcu.externaltools.gnu-tools-for-stm32.12.3.rel1.win32_1.0.200.202406191623/tools/bin/../lib/gcc/arm-none-eabi/12.3.1/thumb/v7e-m+fp/hard/crtn.o
 *(.fini)
 .fini          0x08009d3c        0x4 C:/ST/STM32CubeIDE_1.16.1/STM32CubeIDE/plugins/com.st.stm32cube.ide.mcu.externaltools.gnu-tools-for-stm32.12.3.rel1.win32_1.0.200.202406191623/tools/bin/../lib/gcc/arm-none-eabi/12.3.1/thumb/v7e-m+fp/hard/crti.o
                0x08009d3c                _fini
 .fini          0x08009d40        0x8 C:/ST/STM32CubeIDE_1.16.1/STM32CubeIDE/plugins/com.st.stm32cube.ide.mcu.externaltools.gnu-tools-for-stm32.12.3.rel1.win32_1.0.200.202406191623/tools/bin/../lib/gcc/arm-none-eabi/12.3.1/thumb/v7e-m+fp/hard/crtn.o
                0x08009d48                        . = ALIGN (0x4)
                0x08009d48                        _etext = .

.vfp11_veneer   0x08009d48        0x0
 .vfp11_veneer  0x08009d48        0x0 linker stubs

.v4_bx          0x08009d48        0x0
 .v4_bx         0x08009d48        0x0 linker stubs

.iplt           0x08009d48        0x0
 .iplt          0x08009d48        0x0 C:/ST/STM32CubeIDE_1.16.1/STM32CubeIDE/plugins/com.st.stm32cube.ide.mcu.externaltools.gnu-tools-for-stm32.12.3.rel1.win32_1.0.200.202406191623/tools/bin/../lib/gcc/arm-none-eabi/12.3.1/thumb/v7e-m+fp/hard/crtbegin.o

.rodata         0x08009d48    0x5bb28
                0x08009d48                        . = ALIGN (0x4)
 *(.rodata)
 *(.rodata*)
 .rodata.Intro.str1.4
                0x08009d48      0x11c ./Application/game.o
 .rodata.GamePlay.str1.4
                0x08009e64       0x77 ./Application/game.o
 *fill*         0x08009edb        0x1 
 .rodata.GameOver.str1.4
                0x08009edc       0x65 ./Application/game.o
 *fill*         0x08009f41        0x3 
 .rodata.Game.str1.4
                0x08009f44       0x25 ./Application/game.o
 *fill*         0x08009f69        0x3 
 .rodata.game_over_melody
                0x08009f6c        0x7 ./Application/game.o
 *fill*         0x08009f73        0x1 
 .rodata.OBJ_init.str1.4
                0x08009f74        0x4 ./Application/objects.o
 .rodata.high_score_sprite_large_img
                0x08009f78    0x16da0 ./Application/objects.o
 .rodata.big_sprite_img
                0x08020d18     0x6d60 ./Application/objects.o
 .rodata.small_sprite_img
                0x08027a78     0x3700 ./Application/objects.o
 .rodata.obstacle_top_img
                0x0802b178     0x5dc0 ./Application/objects.o
 .rodata.obstacle_bottom_img
                0x08030f38     0x5dc0 ./Application/objects.o
 .rodata.misko_img
                0x08036cf8      0x9c4 ./Application/objects.o
 .rodata.background_img
                0x080376bc    0x25800 ./Application/objects.o
 .rodata.APBPrescTable
                0x0805cebc        0x8 ./Core/Src/system_stm32g4xx.o
                0x0805cebc                APBPrescTable
 .rodata.AHBPrescTable
                0x0805cec4       0x10 ./Core/Src/system_stm32g4xx.o
                0x0805cec4                AHBPrescTable
 .rodata.USART_PRESCALER_TAB
                0x0805ced4       0x30 ./Drivers/STM32G4xx_HAL_Driver/Src/stm32g4xx_ll_usart.o
 .rodata.cmd_read_x.0
                0x0805cf04        0x1 ./System/XPT2046_touch.o
 *fill*         0x0805cf05        0x3 
 .rodata.zeroes_tx.1
                0x0805cf08        0x2 ./System/XPT2046_touch.o
 *fill*         0x0805cf0a        0x2 
 .rodata.cmd_read_y.2
                0x0805cf0c        0x1 ./System/XPT2046_touch.o
 *fill*         0x0805cf0d        0x3 
 .rodata.orientations
                0x0805cf10       0x10 ./System/lcd_ili9341.o
 .rodata.FONT_16X26
                0x0805cf20       0x1c ./System/ugui.o
                0x0805cf20                FONT_16X26
 .rodata.FONT_12X20
                0x0805cf3c       0x1c ./System/ugui.o
                0x0805cf3c                FONT_12X20
 .rodata.FONT_12X16
                0x0805cf58       0x1c ./System/ugui.o
                0x0805cf58                FONT_12X16
 .rodata.FONT_8X12
                0x0805cf74       0x1c ./System/ugui.o
                0x0805cf74                FONT_8X12
 .rodata.font_16x26
                0x0805cf90     0x3400 ./System/ugui.o
                0x0805cf90                font_16x26
 .rodata.font_12x20
                0x08060390     0x2800 ./System/ugui.o
                0x08060390                font_12x20
 .rodata.font_12x16
                0x08062b90     0x2000 ./System/ugui.o
                0x08062b90                font_12x16
 .rodata.font_8x12
                0x08064b90      0xc00 ./System/ugui.o
                0x08064b90                font_8x12
 .rodata.srand.str1.1
                0x08065790       0x6f C:/ST/STM32CubeIDE_1.16.1/STM32CubeIDE/plugins/com.st.stm32cube.ide.mcu.externaltools.gnu-tools-for-stm32.12.3.rel1.win32_1.0.200.202406191623/tools/bin/../lib/gcc/arm-none-eabi/12.3.1/../../../../arm-none-eabi/lib/thumb/v7e-m+fp/hard\libc_nano.a(libc_a-rand.o)
 .rodata.__assert_func.str1.1
                0x080657ff       0x3c C:/ST/STM32CubeIDE_1.16.1/STM32CubeIDE/plugins/com.st.stm32cube.ide.mcu.externaltools.gnu-tools-for-stm32.12.3.rel1.win32_1.0.200.202406191623/tools/bin/../lib/gcc/arm-none-eabi/12.3.1/../../../../arm-none-eabi/lib/thumb/v7e-m+fp/hard\libc_nano.a(libc_a-assert.o)
                                 0x3d (size before relaxing)
 .rodata._svfprintf_r.str1.1
                0x0806583b       0x11 C:/ST/STM32CubeIDE_1.16.1/STM32CubeIDE/plugins/com.st.stm32cube.ide.mcu.externaltools.gnu-tools-for-stm32.12.3.rel1.win32_1.0.200.202406191623/tools/bin/../lib/gcc/arm-none-eabi/12.3.1/../../../../arm-none-eabi/lib/thumb/v7e-m+fp/hard\libc_nano.a(libc_a-nano-svfprintf.o)
 .rodata._vfprintf_r.str1.1
                0x0806584c       0x11 C:/ST/STM32CubeIDE_1.16.1/STM32CubeIDE/plugins/com.st.stm32cube.ide.mcu.externaltools.gnu-tools-for-stm32.12.3.rel1.win32_1.0.200.202406191623/tools/bin/../lib/gcc/arm-none-eabi/12.3.1/../../../../arm-none-eabi/lib/thumb/v7e-m+fp/hard\libc_nano.a(libc_a-nano-vfprintf.o)
 .rodata._printf_i.str1.1
                0x0806584c       0x22 C:/ST/STM32CubeIDE_1.16.1/STM32CubeIDE/plugins/com.st.stm32cube.ide.mcu.externaltools.gnu-tools-for-stm32.12.3.rel1.win32_1.0.200.202406191623/tools/bin/../lib/gcc/arm-none-eabi/12.3.1/../../../../arm-none-eabi/lib/thumb/v7e-m+fp/hard\libc_nano.a(libc_a-nano-vfprintf_i.o)
                0x08065870                        . = ALIGN (0x4)
 *fill*         0x0806586e        0x2 

.ARM.extab      0x08065870        0x0
                0x08065870                        . = ALIGN (0x4)
 *(.ARM.extab* .gnu.linkonce.armextab.*)
                0x08065870                        . = ALIGN (0x4)

.ARM            0x08065870        0x8
                0x08065870                        . = ALIGN (0x4)
                0x08065870                        __exidx_start = .
 *(.ARM.exidx*)
 .ARM.exidx     0x08065870        0x8 C:/ST/STM32CubeIDE_1.16.1/STM32CubeIDE/plugins/com.st.stm32cube.ide.mcu.externaltools.gnu-tools-for-stm32.12.3.rel1.win32_1.0.200.202406191623/tools/bin/../lib/gcc/arm-none-eabi/12.3.1/../../../../arm-none-eabi/lib/thumb/v7e-m+fp/hard\libc_nano.a(libc_a-memchr.o)
                0x08065878                        __exidx_end = .
                0x08065878                        . = ALIGN (0x4)

.preinit_array  0x08065878        0x0
                0x08065878                        . = ALIGN (0x4)
                0x08065878                        PROVIDE (__preinit_array_start = .)
 *(.preinit_array*)
                0x08065878                        PROVIDE (__preinit_array_end = .)
                0x08065878                        . = ALIGN (0x4)

.init_array     0x08065878        0x4
                0x08065878                        . = ALIGN (0x4)
                0x08065878                        PROVIDE (__init_array_start = .)
 *(SORT_BY_NAME(.init_array.*))
 *(.init_array*)
 .init_array    0x08065878        0x4 C:/ST/STM32CubeIDE_1.16.1/STM32CubeIDE/plugins/com.st.stm32cube.ide.mcu.externaltools.gnu-tools-for-stm32.12.3.rel1.win32_1.0.200.202406191623/tools/bin/../lib/gcc/arm-none-eabi/12.3.1/thumb/v7e-m+fp/hard/crtbegin.o
                0x0806587c                        PROVIDE (__init_array_end = .)
                0x0806587c                        . = ALIGN (0x4)

.fini_array     0x0806587c        0x4
                0x0806587c                        . = ALIGN (0x4)
                [!provide]                        PROVIDE (__fini_array_start = .)
 *(SORT_BY_NAME(.fini_array.*))
 *(.fini_array*)
 .fini_array    0x0806587c        0x4 C:/ST/STM32CubeIDE_1.16.1/STM32CubeIDE/plugins/com.st.stm32cube.ide.mcu.externaltools.gnu-tools-for-stm32.12.3.rel1.win32_1.0.200.202406191623/tools/bin/../lib/gcc/arm-none-eabi/12.3.1/thumb/v7e-m+fp/hard/crtbegin.o
                [!provide]                        PROVIDE (__fini_array_end = .)
                0x08065880                        . = ALIGN (0x4)
                0x08065880                        _sidata = LOADADDR (.data)

.rel.dyn        0x08065880        0x0
 .rel.iplt      0x08065880        0x0 C:/ST/STM32CubeIDE_1.16.1/STM32CubeIDE/plugins/com.st.stm32cube.ide.mcu.externaltools.gnu-tools-for-stm32.12.3.rel1.win32_1.0.200.202406191623/tools/bin/../lib/gcc/arm-none-eabi/12.3.1/thumb/v7e-m+fp/hard/crtbegin.o

.data           0x20000000       0xb4 load address 0x08065880
                0x20000000                        . = ALIGN (0x4)
                0x20000000                        _sdata = .
 *(.data)
 *(.data*)
 .data.previous_selected_difficulty.9
                0x20000000        0x4 ./Application/game.o
 .data.press_enable
                0x20000004        0x1 ./Application/game.o
 *fill*         0x20000005        0x3 
 .data.previous_selected_play_style
                0x20000008        0x4 ./Application/game.o
                0x20000008                previous_selected_play_style
 .data.previous_selected_item
                0x2000000c        0x4 ./Application/game.o
                0x2000000c                previous_selected_item
 .data.pressed_button
                0x20000010        0x1 ./Application/game.o
                0x20000010                pressed_button
 *fill*         0x20000011        0x3 
 .data.str.0    0x20000014        0xd ./Application/objects.o
 *fill*         0x20000021        0x3 
 .data.str.5    0x20000024        0x6 ./Application/objects.o
 *fill*         0x2000002a        0x2 
 .data.SystemCoreClock
                0x2000002c        0x4 ./Core/Src/system_stm32g4xx.o
                0x2000002c                SystemCoreClock
 .data.uwTickFreq
                0x20000030        0x4 ./Drivers/STM32G4xx_HAL_Driver/Src/stm32g4xx_hal.o
                0x20000030                uwTickFreq
 .data.uwTickPrio
                0x20000034        0x4 ./Drivers/STM32G4xx_HAL_Driver/Src/stm32g4xx_hal.o
                0x20000034                uwTickPrio
 .data.pFlash   0x20000038       0x20 ./Drivers/STM32G4xx_HAL_Driver/Src/stm32g4xx_hal_flash.o
                0x20000038                pFlash
 .data.__sglue  0x20000058        0xc C:/ST/STM32CubeIDE_1.16.1/STM32CubeIDE/plugins/com.st.stm32cube.ide.mcu.externaltools.gnu-tools-for-stm32.12.3.rel1.win32_1.0.200.202406191623/tools/bin/../lib/gcc/arm-none-eabi/12.3.1/../../../../arm-none-eabi/lib/thumb/v7e-m+fp/hard\libc_nano.a(libc_a-findfp.o)
                0x20000058                __sglue
 .data._impure_ptr
                0x20000064        0x4 C:/ST/STM32CubeIDE_1.16.1/STM32CubeIDE/plugins/com.st.stm32cube.ide.mcu.externaltools.gnu-tools-for-stm32.12.3.rel1.win32_1.0.200.202406191623/tools/bin/../lib/gcc/arm-none-eabi/12.3.1/../../../../arm-none-eabi/lib/thumb/v7e-m+fp/hard\libc_nano.a(libc_a-impure.o)
                0x20000064                _impure_ptr
 .data._impure_data
                0x20000068       0x4c C:/ST/STM32CubeIDE_1.16.1/STM32CubeIDE/plugins/com.st.stm32cube.ide.mcu.externaltools.gnu-tools-for-stm32.12.3.rel1.win32_1.0.200.202406191623/tools/bin/../lib/gcc/arm-none-eabi/12.3.1/../../../../arm-none-eabi/lib/thumb/v7e-m+fp/hard\libc_nano.a(libc_a-impure.o)
                0x20000068                _impure_data
 *(.RamFunc)
 *(.RamFunc*)
                0x200000b4                        . = ALIGN (0x4)
                0x200000b4                        _edata = .

.igot.plt       0x200000b4        0x0 load address 0x08065934
 .igot.plt      0x200000b4        0x0 C:/ST/STM32CubeIDE_1.16.1/STM32CubeIDE/plugins/com.st.stm32cube.ide.mcu.externaltools.gnu-tools-for-stm32.12.3.rel1.win32_1.0.200.202406191623/tools/bin/../lib/gcc/arm-none-eabi/12.3.1/thumb/v7e-m+fp/hard/crtbegin.o
                0x200000b4                        . = ALIGN (0x4)

.bss            0x200000b8     0x1448 load address 0x08065934
                0x200000b8                        _sbss = .
                0x200000b8                        __bss_start__ = _sbss
 *(.bss)
 .bss           0x200000b8       0x1c C:/ST/STM32CubeIDE_1.16.1/STM32CubeIDE/plugins/com.st.stm32cube.ide.mcu.externaltools.gnu-tools-for-stm32.12.3.rel1.win32_1.0.200.202406191623/tools/bin/../lib/gcc/arm-none-eabi/12.3.1/thumb/v7e-m+fp/hard/crtbegin.o
 *(.bss*)
 .bss.scores.0  0x200000d4        0x6 ./Application/flash.o
 *fill*         0x200000da        0x2 
 .bss.touch_debounce_stopwatch.0
                0x200000dc        0xc ./Application/game.o
 .bss.touch_polling_stopwatch.1
                0x200000e8        0xc ./Application/game.o
 .bss.state.2   0x200000f4        0x1 ./Application/game.o
 .bss.gameplay_state.3
                0x200000f5        0x1 ./Application/game.o
 *fill*         0x200000f6        0x2 
 .bss.update_stopwatch_misko.4
                0x200000f8        0xc ./Application/game.o
 .bss.timers_initialized.5
                0x20000104        0x1 ./Application/game.o
 *fill*         0x20000105        0x3 
 .bss.touch_debounce_stopwatch.6
                0x20000108        0xc ./Application/game.o
 .bss.touch_polling_stopwatch.7
                0x20000114        0xc ./Application/game.o
 .bss.high_scores_initialized.8
                0x20000120        0x1 ./Application/game.o
 *fill*         0x20000121        0x3 
 .bss.selected_difficulty.10
                0x20000124        0x4 ./Application/game.o
 .bss.difficulty_menu_initialized.11
                0x20000128        0x1 ./Application/game.o
 .bss.state.12  0x20000129        0x1 ./Application/game.o
 *fill*         0x2000012a        0x2 
 .bss.touch_initialized
                0x2000012c        0x4 ./Application/game.o
 .bss.touch_debounce_stopwatch
                0x20000130        0xc ./Application/game.o
 .bss.touch_polling_stopwatch
                0x2000013c        0xc ./Application/game.o
 .bss.intro_state
                0x20000148        0x1 ./Application/game.o
 .bss.touch_init
                0x20000149        0x1 ./Application/game.o
 *fill*         0x2000014a        0x2 
 .bss.selected_play_style
                0x2000014c        0x4 ./Application/game.o
                0x2000014c                selected_play_style
 .bss.play_style_menu_initialized
                0x20000150        0x1 ./Application/game.o
                0x20000150                play_style_menu_initialized
 .bss.menu_initialized
                0x20000151        0x1 ./Application/game.o
                0x20000151                menu_initialized
 *fill*         0x20000152        0x2 
 .bss.obstacle_number
                0x20000154        0x4 ./Application/game.o
                0x20000154                obstacle_number
 .bss.time_mark
                0x20000158        0x4 ./Application/game.o
                0x20000158                time_mark
 .bss.moving_obstacles
                0x2000015c        0x4 ./Application/game.o
                0x2000015c                moving_obstacles
 .bss.y1        0x20000160        0x4 ./Application/game.o
                0x20000160                y1
 .bss.x1        0x20000164        0x4 ./Application/game.o
                0x20000164                x1
 .bss.obstacle_pair3_scored
                0x20000168        0x4 ./Application/game.o
                0x20000168                obstacle_pair3_scored
 .bss.obstacle_pair2_scored
                0x2000016c        0x4 ./Application/game.o
                0x2000016c                obstacle_pair2_scored
 .bss.obstacle_pair1_scored
                0x20000170        0x4 ./Application/game.o
                0x20000170                obstacle_pair1_scored
 .bss.obstacle_pair3_cleaned
                0x20000174        0x4 ./Application/game.o
                0x20000174                obstacle_pair3_cleaned
 .bss.obstacle_pair2_cleaned
                0x20000178        0x4 ./Application/game.o
                0x20000178                obstacle_pair2_cleaned
 .bss.obstacle_pair1_cleaned
                0x2000017c        0x4 ./Application/game.o
                0x2000017c                obstacle_pair1_cleaned
 .bss.obstacle_pair3_spawned
                0x20000180        0x4 ./Application/game.o
                0x20000180                obstacle_pair3_spawned
 .bss.obstacle_pair2_spawned
                0x20000184        0x4 ./Application/game.o
                0x20000184                obstacle_pair2_spawned
 .bss.obstacle_pair1_spawned
                0x20000188        0x4 ./Application/game.o
                0x20000188                obstacle_pair1_spawned
 .bss.obstacle_pair3
                0x2000018c       0x98 ./Application/game.o
                0x2000018c                obstacle_pair3
 .bss.obstacle_pair2
                0x20000224       0x98 ./Application/game.o
                0x20000224                obstacle_pair2
 .bss.obstacle_pair1
                0x200002bc       0x98 ./Application/game.o
                0x200002bc                obstacle_pair1
 .bss.obstacle_positions
                0x20000354        0x4 ./Application/game.o
                0x20000354                obstacle_positions
 .bss.stopwatch_touchscreen
                0x20000358        0xc ./Application/game.o
                0x20000358                stopwatch_touchscreen
 .bss.stopwatch_buzzer
                0x20000364        0xc ./Application/game.o
                0x20000364                stopwatch_buzzer
 .bss.stopwatch_obstacles
                0x20000370        0xc ./Application/game.o
                0x20000370                stopwatch_obstacles
 .bss.update_stopwatch_intro_exit
                0x2000037c        0xc ./Application/game.o
                0x2000037c                update_stopwatch_intro_exit
 .bss.update_stopwatch_intro
                0x20000388        0xc ./Application/game.o
                0x20000388                update_stopwatch_intro
 .bss.stopwatch_jump
                0x20000394        0xc ./Application/game.o
                0x20000394                stopwatch_jump
 .bss.stopwatch_gameover
                0x200003a0        0xc ./Application/game.o
                0x200003a0                stopwatch_gameover
 .bss.stopwatch_leds
                0x200003ac        0xc ./Application/game.o
                0x200003ac                stopwatch_leds
 .bss.key       0x200003b8        0x1 ./Application/game.o
                0x200003b8                key
 *fill*         0x200003b9        0x3 
 .bss.movement_area
                0x200003bc        0xc ./Application/game.o
                0x200003bc                movement_area
 .bss.buzzer_active
                0x200003c8        0x1 ./Application/game.o
 .bss.current_difficulty
                0x200003c9        0x1 ./Application/game.o
 .bss.selected_menu_item
                0x200003ca        0x1 ./Application/game.o
 .bss.current_input_mode
                0x200003cb        0x1 ./Application/game.o
 .bss.melody_playing
                0x200003cc        0x1 ./Application/game.o
 .bss.melody_index
                0x200003cd        0x1 ./Application/game.o
 *fill*         0x200003ce        0x2 
 .bss.partial_frame_buffer
                0x200003d0       0x4c ./Application/graphics.o
                0x200003d0                partial_frame_buffer
 .bss.str.4     0x2000041c        0x6 ./Application/objects.o
 *fill*         0x20000422        0x2 
 .bss.your_hs_value_text
                0x20000424       0x14 ./Application/objects.o
                0x20000424                your_hs_value_text
 .bss.biggest_hs_text
                0x20000438       0x14 ./Application/objects.o
                0x20000438                biggest_hs_text
 .bss.your_hs_text
                0x2000044c       0x14 ./Application/objects.o
                0x2000044c                your_hs_text
 .bss.high_score_menu_text
                0x20000460       0x14 ./Application/objects.o
                0x20000460                high_score_menu_text
 .bss.press_any_key_text
                0x20000474       0x14 ./Application/objects.o
                0x20000474                press_any_key_text
 .bss.light_theme_text
                0x20000488       0x14 ./Application/objects.o
                0x20000488                light_theme_text
 .bss.dark_theme_text
                0x2000049c       0x14 ./Application/objects.o
                0x2000049c                dark_theme_text
 .bss.high_score3_text_value
                0x200004b0       0x14 ./Application/objects.o
                0x200004b0                high_score3_text_value
 .bss.high_score2_text_value
                0x200004c4       0x14 ./Application/objects.o
                0x200004c4                high_score2_text_value
 .bss.high_score1_text_value
                0x200004d8       0x14 ./Application/objects.o
                0x200004d8                high_score1_text_value
 .bss.press_to_go_back_text2
                0x200004ec       0x14 ./Application/objects.o
                0x200004ec                press_to_go_back_text2
 .bss.press_to_go_back_text
                0x20000500       0x14 ./Application/objects.o
                0x20000500                press_to_go_back_text
 .bss.high_score3_text
                0x20000514       0x14 ./Application/objects.o
                0x20000514                high_score3_text
 .bss.high_score2_text
                0x20000528       0x14 ./Application/objects.o
                0x20000528                high_score2_text
 .bss.high_score1_text
                0x2000053c       0x14 ./Application/objects.o
                0x2000053c                high_score1_text
 .bss.high_scores_menu_text
                0x20000550       0x14 ./Application/objects.o
                0x20000550                high_scores_menu_text
 .bss.text_selector
                0x20000564       0x14 ./Application/objects.o
                0x20000564                text_selector
 .bss.pause_text2
                0x20000578       0x14 ./Application/objects.o
                0x20000578                pause_text2
 .bss.pause_text1
                0x2000058c       0x14 ./Application/objects.o
                0x2000058c                pause_text1
 .bss.touch_or_button_text
                0x200005a0       0x14 ./Application/objects.o
                0x200005a0                touch_or_button_text
 .bss.high_scores_text
                0x200005b4       0x14 ./Application/objects.o
                0x200005b4                high_scores_text
 .bss.choose_theme_text
                0x200005c8       0x14 ./Application/objects.o
                0x200005c8                choose_theme_text
 .bss.start_game_text
                0x200005dc       0x14 ./Application/objects.o
                0x200005dc                start_game_text
 .bss.loading_text
                0x200005f0       0x14 ./Application/objects.o
                0x200005f0                loading_text
 *fill*         0x20000604        0x4 
 .bss.flappy_misko_text
                0x20000608       0x14 ./Application/objects.o
                0x20000608                flappy_misko_text
 .bss.score_text
                0x2000061c       0x14 ./Application/objects.o
                0x2000061c                score_text
 .bss.score_box_title
                0x20000630       0x14 ./Application/objects.o
                0x20000630                score_box_title
 .bss.misko     0x20000644       0x4c ./Application/objects.o
                0x20000644                misko
 .bss.touchscreen_sprite
                0x20000690       0x4c ./Application/objects.o
                0x20000690                touchscreen_sprite
 .bss.buttons_sprite
                0x200006dc       0x4c ./Application/objects.o
                0x200006dc                buttons_sprite
 .bss.play_with_sprite
                0x20000728       0x4c ./Application/objects.o
                0x20000728                play_with_sprite
 .bss.press_any_key_sprite
                0x20000774       0x4c ./Application/objects.o
                0x20000774                press_any_key_sprite
 .bss.light_theme_sprite
                0x200007c0       0x4c ./Application/objects.o
                0x200007c0                light_theme_sprite
 .bss.dark_theme_sprite
                0x2000080c       0x4c ./Application/objects.o
                0x2000080c                dark_theme_sprite
 .bss.big_sprite
                0x20000858       0x4c ./Application/objects.o
                0x20000858                big_sprite
 .bss.high_score_sprite_large
                0x200008a4       0x4c ./Application/objects.o
                0x200008a4                high_score_sprite_large
 .bss.loading_sprite
                0x200008f0       0x4c ./Application/objects.o
                0x200008f0                loading_sprite
 .bss.finger_or_button_sprite
                0x2000093c       0x4c ./Application/objects.o
                0x2000093c                finger_or_button_sprite
 .bss.high_scores_sprite
                0x20000988       0x4c ./Application/objects.o
                0x20000988                high_scores_sprite
 .bss.choose_theme_sprite
                0x200009d4       0x4c ./Application/objects.o
                0x200009d4                choose_theme_sprite
 .bss.start_game_sprite
                0x20000a20       0x4c ./Application/objects.o
                0x20000a20                start_game_sprite
 .bss.press_ok_sprite
                0x20000a6c       0x4c ./Application/objects.o
                0x20000a6c                press_ok_sprite
 .bss.background
                0x20000ab8       0x4c ./Application/objects.o
                0x20000ab8                background
 .bss.intro_sprite
                0x20000b04       0x4c ./Application/objects.o
                0x20000b04                intro_sprite
 .bss.canvas    0x20000b50       0x24 ./Application/objects.o
                0x20000b50                canvas
 .bss.game_status
                0x20000b74        0x2 ./Application/objects.o
                0x20000b74                game_status
 *fill*         0x20000b76        0x2 
 .bss.settings  0x20000b78        0x8 ./Application/objects.o
                0x20000b78                settings
 .bss.hsram1    0x20000b80       0x58 ./Core/Src/main.o
                0x20000b80                hsram1
 .bss.hdma_memtomem_dma1_channel1
                0x20000bd8       0x60 ./Core/Src/main.o
                0x20000bd8                hdma_memtomem_dma1_channel1
 .bss.htim1     0x20000c38       0x4c ./Core/Src/main.o
                0x20000c38                htim1
 .bss.hspi1     0x20000c84       0x64 ./Core/Src/main.o
                0x20000c84                hspi1
 .bss.hdma_adc4
                0x20000ce8       0x60 ./Core/Src/main.o
                0x20000ce8                hdma_adc4
 .bss.hadc4     0x20000d48       0x6c ./Core/Src/main.o
                0x20000d48                hadc4
 .bss.FMC_Initialized
                0x20000db4        0x4 ./Core/Src/stm32g4xx_hal_msp.o
 .bss.__sbrk_heap_end
                0x20000db8        0x4 ./Core/Src/sysmem.o
 .bss.uwTick    0x20000dbc        0x4 ./Drivers/STM32G4xx_HAL_Driver/Src/stm32g4xx_hal.o
                0x20000dbc                uwTick
 .bss.LED_group
                0x20000dc0       0x40 ./System/LED.o
                0x20000dc0                LED_group
 .bss.SCI_TX_buf_handle
                0x20000e00       0x18 ./System/SCI.o
                0x20000e00                SCI_TX_buf_handle
 .bss.SCI_TX_buffer
                0x20000e18      0x200 ./System/SCI.o
                0x20000e18                SCI_TX_buffer
 .bss.SCI_RX_buf_handle
                0x20001018       0x18 ./System/SCI.o
                0x20001018                SCI_RX_buf_handle
 .bss.SCI_RX_buffer
                0x20001030      0x200 ./System/SCI.o
                0x20001030                SCI_RX_buffer
 .bss.SCI       0x20001230        0x4 ./System/SCI.o
                0x20001230                SCI
 .bss.joy_btn_buf_handle