../Drivers/CMSIS/Include/core_cm4.h:1667:26:__NVIC_GetPriorityGrouping	1
../Drivers/CMSIS/Include/core_cm4.h:1679:22:__NVIC_EnableIRQ	2
../Drivers/CMSIS/Include/core_cm4.h:1809:22:__NVIC_SetPriority	2
../Drivers/CMSIS/Include/core_cm4.h:1856:26:NVIC_EncodePriority	2
../Drivers/STM32G4xx_HAL_Driver/Inc/stm32g4xx_ll_tim.h:2204:22:LL_TIM_DisableARRPreload	1
../Drivers/STM32G4xx_HAL_Driver/Inc/stm32g4xx_ll_tim.h:2972:22:LL_TIM_OC_DisableFast	10
../Drivers/STM32G4xx_HAL_Driver/Inc/stm32g4xx_ll_tim.h:3024:22:LL_TIM_OC_EnablePreload	10
../Drivers/STM32G4xx_HAL_Driver/Inc/stm32g4xx_ll_tim.h:3933:22:LL_TIM_SetClockSource	1
../Drivers/STM32G4xx_HAL_Driver/Inc/stm32g4xx_ll_tim.h:3986:22:LL_TIM_SetTriggerOutput	1
../Drivers/STM32G4xx_HAL_Driver/Inc/stm32g4xx_ll_tim.h:4092:22:LL_TIM_DisableMasterSlaveMode	1
../Drivers/STM32G4xx_HAL_Driver/Inc/stm32g4xx_ll_usart.h:628:22:LL_USART_Enable	1
../Drivers/STM32G4xx_HAL_Driver/Inc/stm32g4xx_ll_usart.h:679:22:LL_USART_DisableFIFO	1
../Drivers/STM32G4xx_HAL_Driver/Inc/stm32g4xx_ll_usart.h:712:22:LL_USART_SetTXFIFOThreshold	2
../Drivers/STM32G4xx_HAL_Driver/Inc/stm32g4xx_ll_usart.h:751:22:LL_USART_SetRXFIFOThreshold	2
../Drivers/STM32G4xx_HAL_Driver/Inc/stm32g4xx_ll_usart.h:1797:22:LL_USART_DisableOverrunDetect	1
../Drivers/STM32G4xx_HAL_Driver/Inc/stm32g4xx_ll_usart.h:2667:22:LL_USART_ConfigAsyncMode	1
../Drivers/STM32G4xx_HAL_Driver/Inc/stm32g4xx_ll_usart.h:3189:26:LL_USART_IsActiveFlag_TEACK	2
../Drivers/STM32G4xx_HAL_Driver/Inc/stm32g4xx_ll_usart.h:3200:26:LL_USART_IsActiveFlag_REACK	2
../Drivers/STM32G4xx_HAL_Driver/Inc/stm32g4xx_ll_gpio.h:923:22:LL_GPIO_ResetOutputPin	1
../Drivers/STM32G4xx_HAL_Driver/Inc/stm32g4xx_ll_bus.h:451:22:LL_AHB2_GRP1_EnableClock	1
../Drivers/STM32G4xx_HAL_Driver/Inc/stm32g4xx_ll_bus.h:913:22:LL_APB1_GRP1_EnableClock	1
../Core/Src/main.c:94:5:main	1
../Core/Src/main.c:166:6:SystemClock_Config	3
../Core/Src/main.c:210:13:MX_ADC4_Init	4
../Core/Src/main.c:275:13:MX_SPI1_Init	2
../Core/Src/main.c:315:13:MX_TIM1_Init	4
../Core/Src/main.c:362:13:MX_TIM4_Init	1
../Core/Src/main.c:419:13:MX_TIM6_Init	1
../Core/Src/main.c:456:13:MX_USART3_UART_Init	4
../Core/Src/main.c:542:13:MX_DMA_Init	1
../Core/Src/main.c:557:13:MX_FMC_Init	2
../Core/Src/main.c:618:13:MX_GPIO_Init	1
../Core/Src/main.c:803:6:Error_Handler	1
