../Core/Src/stm32g4xx_hal_msp.c:64:6:HAL_MspInit	8	static
../Core/Src/stm32g4xx_hal_msp.c:91:6:HAL_ADC_MspInit	128	static
../Core/Src/stm32g4xx_hal_msp.c:155:6:HAL_ADC_MspDeInit	8	static
../Core/Src/stm32g4xx_hal_msp.c:186:6:HAL_SPI_MspInit	40	static
../Core/Src/stm32g4xx_hal_msp.c:224:6:HAL_SPI_MspDeInit	0	static
../Core/Src/stm32g4xx_hal_msp.c:254:6:HAL_TIM_Base_MspInit	8	static
../Core/Src/stm32g4xx_hal_msp.c:277:6:HAL_TIM_Base_MspDeInit	0	static
../Core/Src/stm32g4xx_hal_msp.c:360:6:HAL_SRAM_MspInit	56	static
../Core/Src/stm32g4xx_hal_msp.c:420:6:HAL_SRAM_MspDeInit	8	static
