../Drivers/STM32G4xx_HAL_Driver/Inc/stm32g4xx_ll_gpio.h:813:26:LL_GPIO_IsInputPinSet	16	static
../System/joystick.c:167:6:JOY_init	16	static
../System/joystick.c:278:6:JOY_scan_button	8	static
../System/joystick.c:309:25:JOY_get_pressed_key	16	static
../System/joystick.c:347:29:JOY_get_button_state	4	static
../System/joystick.c:370:6:JOY_calibrate	16	static
../System/joystick.c:464:9:JOY_get_axis_position	24	static
../System/joystick.c:514:6:JOY_SCI_send_status	8	static
../System/joystick.c:545:6:JOY_button_demo	16	static
../System/joystick.c:594:6:JOY_LED_demo	4	static
