../System/lcd_ili9341.c:29:20:FMC_BANK1_SetAddress	16	static,ignoring_inline_asm
../System/lcd_ili9341.c:42:20:FMC_BANK1_WriteData	16	static,ignoring_inline_asm
../System/lcd_ili9341.c:56:24:FMC_BANK1_ReadData	4	static
../System/lcd_ili9341.c:65:6:ILI9341_SetAddress	16	static
../System/lcd_ili9341.c:76:6:ILI9341_SendData	24	static
../System/lcd_ili9341.c:89:6:ILI9341_SendRepeatedData	24	static
../System/lcd_ili9341.c:103:9:ILI9341_SendDataDMA	24	static
../System/lcd_ili9341.c:133:6:ILI9341_RecvData	32	static
../System/lcd_ili9341.c:145:6:ILI9341_SetOrientation	24	static
../System/lcd_ili9341.c:176:6:ILI9341_SetDisplayWindow	40	static
../System/lcd_ili9341.c:210:6:ILI9341_Init	32	static
../System/lcd_ili9341.c:260:6:ILI9341_WaitTransfer	8	static
../System/lcd_ili9341.c:268:6:ILI9341_DisplayOn	16	static
../System/lcd_ili9341.c:275:6:ILI9341_DisplayOff	16	static
../System/lcd_ili9341.c:282:6:ILI9341_InvertDisplay	24	static
../System/lcd_ili9341.c:291:6:ILI9341_SetSleep	24	static
../System/lcd_ili9341.c:304:6:ILI9341_SetScrollArea	32	static
../System/lcd_ili9341.c:327:6:ILI9341_ScrollScreen	24	static
../System/lcd_ili9341.c:353:10:ILI9341_GetParam	24	static
